Archive member included because of file (symbol)

build/sky/contiki-ng-sky.a(button-sensor.o)
                              udp-client.o (button_sensor)
build/sky/contiki-ng-sky.a(sensors.o)
                              build/sky/contiki-ng-sky.a(button-sensor.o) (sensors_changed)
build/sky/contiki-ng-sky.a(uart1-putchar.o)
                              udp-client.o (putchar)
build/sky/contiki-ng-sky.a(platform.o)
                              build/sky/obj/contiki-main.o (platform_init_stage_one)
build/sky/contiki-ng-sky.a(msp430.o)
                              build/sky/contiki-ng-sky.a(platform.o) (msp430_dco_required)
build/sky/contiki-ng-sky.a(clock.o)
                              build/sky/obj/contiki-main.o (clock_init)
build/sky/contiki-ng-sky.a(leds.o)
                              build/sky/contiki-ng-sky.a(platform.o) (leds_init)
build/sky/contiki-ng-sky.a(leds-arch.o)
                              build/sky/contiki-ng-sky.a(leds.o) (leds_arch_init)
build/sky/contiki-ng-sky.a(watchdog.o)
                              build/sky/obj/contiki-main.o (watchdog_start)
build/sky/contiki-ng-sky.a(autostart.o)
                              build/sky/obj/contiki-main.o (autostart_start)
build/sky/contiki-ng-sky.a(ctimer.o)
                              build/sky/obj/contiki-main.o (ctimer_init)
build/sky/contiki-ng-sky.a(log.o)
                              udp-client.o (log_6addr)
build/sky/contiki-ng-sky.a(energest.o)
                              build/sky/obj/contiki-main.o (energest_init)
build/sky/contiki-ng-sky.a(etimer.o)
                              build/sky/contiki-ng-sky.a(clock.o) (etimer_request_poll)
build/sky/contiki-ng-sky.a(node-id.o)
                              build/sky/obj/contiki-main.o (node_id_init)
build/sky/contiki-ng-sky.a(process.o)
                              build/sky/contiki-ng-sky.a(ctimer.o) (process_current)
build/sky/contiki-ng-sky.a(rtimer.o)
                              build/sky/obj/contiki-main.o (rtimer_init)
build/sky/contiki-ng-sky.a(timer.o)
                              build/sky/contiki-ng-sky.a(button-sensor.o) (timer_set)
build/sky/contiki-ng-sky.a(list.o)
                              build/sky/contiki-ng-sky.a(ctimer.o) (list_init)
build/sky/contiki-ng-sky.a(random.o)
                              build/sky/contiki-ng-sky.a(platform.o) (random_init)
build/sky/contiki-ng-sky.a(queuebuf.o)
                              build/sky/obj/contiki-main.o (queuebuf_init)
build/sky/contiki-ng-sky.a(packetbuf.o)
                              build/sky/contiki-ng-sky.a(queuebuf.o) (packetbuf_copyto)
build/sky/contiki-ng-sky.a(netstack.o)
                              build/sky/obj/contiki-main.o (netstack_init)
build/sky/contiki-ng-sky.a(linkaddr.o)
                              build/sky/contiki-ng-sky.a(platform.o) (linkaddr_copy)
build/sky/contiki-ng-sky.a(csma.o)
                              build/sky/obj/contiki-main.o (csma_driver)
build/sky/contiki-ng-sky.a(csma-output.o)
                              build/sky/contiki-ng-sky.a(csma.o) (csma_output_packet)
build/sky/contiki-ng-sky.a(uip-ds6.o)
                              build/sky/obj/contiki-main.o (uip_ds6_get_link_local)
build/sky/contiki-ng-sky.a(uip-ds6-route.o)
                              build/sky/contiki-ng-sky.a(uip-ds6.o) (uip_ds6_route_init)
build/sky/contiki-ng-sky.a(uip-ds6-nbr.o)
                              build/sky/contiki-ng-sky.a(uip-ds6.o) (uip_ds6_neighbors_init)
build/sky/contiki-ng-sky.a(tcpip.o)
                              build/sky/obj/contiki-main.o (tcpip_process)
build/sky/contiki-ng-sky.a(uip6.o)
                              build/sky/contiki-ng-sky.a(tcpip.o) (uip_aligned_buf)
build/sky/contiki-ng-sky.a(uip-nd6.o)
                              build/sky/contiki-ng-sky.a(uip6.o) (uip_nd6_init)
build/sky/contiki-ng-sky.a(simple-udp.o)
                              udp-client.o (simple_udp_sendto)
build/sky/contiki-ng-sky.a(sicslowpan.o)
                              build/sky/obj/contiki-main.o (sicslowpan_driver)
build/sky/contiki-ng-sky.a(uiplib.o)
                              build/sky/contiki-ng-sky.a(log.o) (uiplib_ipaddr_snprint)
build/sky/contiki-ng-sky.a(rpl.o)
                              udp-client.o (rpl_lite_driver)
build/sky/contiki-ng-sky.a(rpl-dag-root.o)
                              build/sky/contiki-ng-sky.a(rpl.o) (rpl_dag_root_set_prefix)
build/sky/contiki-ng-sky.a(contiki-sky-pla)
                              build/sky/contiki-ng-sky.a(platform.o) (init_platform)
build/sky/contiki-ng-sky.a(ds2411.o)
                              build/sky/contiki-ng-sky.a(platform.o) (ds2411_init)
build/sky/contiki-ng-sky.a(xmem.o)
                              build/sky/contiki-ng-sky.a(platform.o) (xmem_init)
build/sky/contiki-ng-sky.a(cc2420.o)
                              build/sky/contiki-ng-sky.a(platform.o) (cc2420_set_pan_addr)
build/sky/contiki-ng-sky.a(cc2420-arch.o)
[...]
Memory Configuration

Name             Origin             Length             Attributes
sfr              0x00000000         0x00000010
peripheral_8bit  0x00000010         0x000000f0
peripheral_16bit 0x00000100         0x00000100
ram_mirror       0x00000200         0x00000800         xw
infomem          0x00001000         0x00000100
infob            0x00001000         0x00000080
infoa            0x00001080         0x00000080
ram              0x00001100         0x00002800         xw
rom              0x00004000         0x0000bfe0         xr
vectors          0x0000ffe0         0x00000020
bsl              0x00000000         0x00000000
infoc            0x00000000         0x00000000
infod            0x00000000         0x00000000
ram2             0x00000000         0x00000000         xw
usbram           0x00000000         0x00000000         xw
far_rom          0x00000000         0x00000000
*default*        0x00000000         0xffffffff

Linker script and memory map

LOAD /usr/local/bin/../lib/gcc/msp430/4.7.2/mmpy-16/crt0ivtbl16.o
                0x00002db8                _stack = _end
LOAD udp-client.o
LOAD build/sky/obj/contiki-main.o
LOAD build/sky/contiki-ng-sky.a
LOAD /usr/local/bin/../lib/gcc/msp430/4.7.2/mmpy-16/libgcc.a
LOAD /usr/local/bin/../lib/gcc/msp430/4.7.2/../../../../msp430/lib/mmpy-16/libc.a
LOAD /usr/local/bin/../lib/gcc/msp430/4.7.2/mmpy-16/libgcc.a
LOAD /usr/local/bin/../lib/gcc/msp430/4.7.2/mmpy-16/libcrt0.a
                0x00000080                PROVIDE (__info_segment_size, 0x80)
                0x00001000                PROVIDE (__infob, 0x1000)
                0x00001080                PROVIDE (__infoa, 0x1080)
                0x00000000                __IE1 = 0x0
                0x00000002                __IFG1 = 0x2
                0x00000004                __ME1 = 0x4
                0x00000001                __IE2 = 0x1
                0x00000003                __IFG2 = 0x3
                0x00000005                __ME2 = 0x5
                0x00000120                __WDTCTL = 0x120
                0x00000130                __MPY = 0x130
                0x00000132                __MPYS = 0x132
                0x00000134                __MAC = 0x134
                0x00000136                __MACS = 0x136
                0x00000138                __OP2 = 0x138
                0x0000013a                __RESLO = 0x13a
                0x0000013c                __RESHI = 0x13c
                0x0000013e                __SUMEXT = 0x13e
                0x00000020                __P1IN = 0x20
                0x00000021                __P1OUT = 0x21
                0x00000022                __P1DIR = 0x22
                0x00000023                __P1IFG = 0x23
                0x00000024                __P1IES = 0x24
                0x00000025                __P1IE = 0x25
                0x00000026                __P1SEL = 0x26
                0x00000028                __P2IN = 0x28
                0x00000029                __P2OUT = 0x29
                0x0000002a                __P2DIR = 0x2a
                0x0000002b                __P2IFG = 0x2b
                0x0000002c                __P2IES = 0x2c
                0x0000002d                __P2IE = 0x2d
                0x0000002e                __P2SEL = 0x2e
                0x00000018                __P3IN = 0x18
                0x00000019                __P3OUT = 0x19
                0x0000001a                __P3DIR = 0x1a
                0x0000001b                __P3SEL = 0x1b
                0x0000001c                __P4IN = 0x1c
                0x0000001d                __P4OUT = 0x1d
                0x0000001e                __P4DIR = 0x1e
                0x0000001f                __P4SEL = 0x1f
                0x00000030                __P5IN = 0x30
                0x00000031                __P5OUT = 0x31
                0x00000032                __P5DIR = 0x32
                0x00000033                __P5SEL = 0x33
                0x00000034                __P6IN = 0x34
                0x00000035                __P6OUT = 0x35
                0x00000036                __P6DIR = 0x36
                0x00000037                __P6SEL = 0x37
                0x00000070                __U0CTL = 0x70
                0x00000071                __U0TCTL = 0x71
                0x00000072                __U0RCTL = 0x72
                0x00000073                __U0MCTL = 0x73
                0x00000074                __U0BR0 = 0x74
                0x00000075                __U0BR1 = 0x75
                0x00000076                __U0RXBUF = 0x76
                0x00000077                __U0TXBUF = 0x77
                0x00000078                __U1CTL = 0x78
                0x00000079                __U1TCTL = 0x79
                0x0000007a                __U1RCTL = 0x7a
                0x0000007b                __U1MCTL = 0x7b
                0x0000007c                __U1BR0 = 0x7c
                0x0000007d                __U1BR1 = 0x7d
                0x0000007e                __U1RXBUF = 0x7e
                0x0000007f                __U1TXBUF = 0x7f
                0x00000050                __I2CIE = 0x50
                0x00000051                __I2CIFG = 0x51
                0x00000052                __I2CNDAT = 0x52
                0x00000071                __I2CTCTL = 0x71
                0x00000072                __I2CDCTL = 0x72
                0x00000073                __I2CPSC = 0x73
                0x00000074                __I2CSCLH = 0x74
                0x00000075                __I2CSCLL = 0x75
                0x00000076                __I2CDRB = 0x76
                0x00000076                __I2CDRW = 0x76
                0x00000118                __I2COA = 0x118
                0x0000011a                __I2CSA = 0x11a
                0x0000011c                __I2CIV = 0x11c
                0x0000012e                __TAIV = 0x12e
                0x00000160                __TACTL = 0x160
                0x00000162                __TACCTL0 = 0x162
                0x00000164                __TACCTL1 = 0x164
                0x00000166                __TACCTL2 = 0x166
                0x00000170                __TAR = 0x170
                0x00000172                __TACCR0 = 0x172
                0x00000174                __TACCR1 = 0x174
                0x00000176                __TACCR2 = 0x176
                0x0000011e                __TBIV = 0x11e
                0x00000180                __TBCTL = 0x180
                0x00000182                __TBCCTL0 = 0x182
                0x00000184                __TBCCTL1 = 0x184
                0x00000186                __TBCCTL2 = 0x186
                0x00000188                __TBCCTL3 = 0x188
                0x0000018a                __TBCCTL4 = 0x18a
                0x0000018c                __TBCCTL5 = 0x18c
                0x0000018e                __TBCCTL6 = 0x18e
                0x00000190                __TBR = 0x190
                0x00000192                __TBCCR0 = 0x192
                0x00000194                __TBCCR1 = 0x194
                0x00000196                __TBCCR2 = 0x196
                0x00000198                __TBCCR3 = 0x198
                0x0000019a                __TBCCR4 = 0x19a
                0x0000019c                __TBCCR5 = 0x19c
                0x0000019e                __TBCCR6 = 0x19e
                0x00000056                __DCOCTL = 0x56
                0x00000057                __BCSCTL1 = 0x57
                0x00000058                __BCSCTL2 = 0x58
                0x00000055                __SVSCTL = 0x55
                0x00000128                __FCTL1 = 0x128
                0x0000012a                __FCTL2 = 0x12a
                0x0000012c                __FCTL3 = 0x12c
                0x00000059                __CACTL1 = 0x59
                0x0000005a                __CACTL2 = 0x5a
                0x0000005b                __CAPD = 0x5b
                0x000001a0                __ADC12CTL0 = 0x1a0
                0x000001a2                __ADC12CTL1 = 0x1a2
                0x000001a4                __ADC12IFG = 0x1a4
                0x000001a6                __ADC12IE = 0x1a6
                0x000001a8                __ADC12IV = 0x1a8
                0x00000140                __ADC12MEM0 = 0x140
                0x00000142                __ADC12MEM1 = 0x142
                0x00000144                __ADC12MEM2 = 0x144
                0x00000146                __ADC12MEM3 = 0x146
                0x00000148                __ADC12MEM4 = 0x148
                0x0000014a                __ADC12MEM5 = 0x14a
                0x0000014c                __ADC12MEM6 = 0x14c
                0x0000014e                __ADC12MEM7 = 0x14e
                0x00000150                __ADC12MEM8 = 0x150
                0x00000152                __ADC12MEM9 = 0x152
                0x00000154                __ADC12MEM10 = 0x154
                0x00000156                __ADC12MEM11 = 0x156
                0x00000158                __ADC12MEM12 = 0x158
                0x0000015a                __ADC12MEM13 = 0x15a
                0x0000015c                __ADC12MEM14 = 0x15c
                0x0000015e                __ADC12MEM15 = 0x15e
                0x00000080                __ADC12MCTL0 = 0x80
                0x00000081                __ADC12MCTL1 = 0x81
                0x00000082                __ADC12MCTL2 = 0x82
                0x00000083                __ADC12MCTL3 = 0x83
                0x00000084                __ADC12MCTL4 = 0x84
                0x00000085                __ADC12MCTL5 = 0x85
                0x00000086                __ADC12MCTL6 = 0x86
                0x00000087                __ADC12MCTL7 = 0x87
                0x00000088                __ADC12MCTL8 = 0x88
                0x00000089                __ADC12MCTL9 = 0x89
                0x0000008a                __ADC12MCTL10 = 0x8a
                0x0000008b                __ADC12MCTL11 = 0x8b
                0x0000008c                __ADC12MCTL12 = 0x8c
                0x0000008d                __ADC12MCTL13 = 0x8d
                0x0000008e                __ADC12MCTL14 = 0x8e
                0x0000008f                __ADC12MCTL15 = 0x8f
                0x000001c0                __DAC12_0CTL = 0x1c0
                0x000001c2                __DAC12_1CTL = 0x1c2
                0x000001c8                __DAC12_0DAT = 0x1c8
                0x000001ca                __DAC12_1DAT = 0x1ca
                0x00000122                __DMACTL0 = 0x122
                0x00000124                __DMACTL1 = 0x124
                0x000001e0                __DMA0CTL = 0x1e0
                0x000001e8                __DMA1CTL = 0x1e8
                0x000001f0                __DMA2CTL = 0x1f0
                0x000001e2                __DMA0SA = 0x1e2
                0x000001e4                __DMA0DA = 0x1e4
                0x000001e6                __DMA0SZ = 0x1e6
                0x000001ea                __DMA1SA = 0x1ea
                0x000001ec                __DMA1DA = 0x1ec
                0x000001ee                __DMA1SZ = 0x1ee
                0x000001f2                __DMA2SA = 0x1f2
                0x000001f4                __DMA2DA = 0x1f4
                0x000001f6                __DMA2SZ = 0x1f6

.hash
 *(.hash)

.dynsym
 *(.dynsym)

.dynstr
 *(.dynstr)

.gnu.version
 *(.gnu.version)

.gnu.version_d
 *(.gnu.version_d)

.gnu.version_r
 *(.gnu.version_r)

.rel.init
 *(.rel.init)

.rela.init
 *(.rela.init)

.rel.fini
 *(.rel.fini)

.rela.fini
 *(.rela.fini)

.rel.text
 *(.rel.text .rel.text.* .rel.gnu.linkonce.t.*)

.rela.text
 *(.rela.text .rela.text.* .rela.gnu.linkonce.t.*)

.rel.rodata
 *(.rel.rodata .rel.rodata.* .rel.gnu.linkonce.r.*)

.rela.rodata
 *(.rela.rodata .rela.rodata.* .rela.gnu.linkonce.r.*)

.rel.data
 *(.rel.data .rel.data.* .rel.gnu.linkonce.d.*)

.rela.data
 *(.rela.data .rela.data.* .rela.gnu.linkonce.d.*)

.rel.bss
 *(.rel.bss .rel.bss.* .rel.gnu.linkonce.b.*)

.rela.bss
 *(.rela.bss .rela.bss.* .rela.gnu.linkonce.b.*)

.rel.ctors
 *(.rel.ctors)

.rela.ctors
 *(.rela.ctors)

.rel.dtors
 *(.rel.dtors)

.rela.dtors
 *(.rela.dtors)

.rel.got
 *(.rel.got)

.rela.got
 *(.rela.got)

.rel.plt
 *(.rel.plt)

.rela.plt
 *(.rela.plt)

.text           0x00004000     0xa352
                0x00004000                . = ALIGN (0x2)
 *(.init .init.*)
 *(.init0)
 .init0         0x00004000        0x0 /usr/local/bin/../lib/gcc/msp430/4.7.2/mmpy-16/libcrt0.a(_reset_vector__.o)
                0x00004000                _reset_vector__
 *(.init1)
 .init1         0x00004000        0xc /usr/local/bin/../lib/gcc/msp430/4.7.2/mmpy-16/libcrt0.a(__watchdog_support.o)
                0x00004000                __watchdog_support
 *(.init2)
 .init2         0x0000400c        0x4 /usr/local/bin/../lib/gcc/msp430/4.7.2/mmpy-16/libcrt0.a(__init_stack.o)
                0x0000400c                __init_stack
 *(.init3)
 .init3         0x00004010        0x0 /usr/local/bin/../lib/gcc/msp430/4.7.2/mmpy-16/libcrt0.a(__low_level_init.o)
                0x00004010                __low_level_init
 *(.init4)
 .init4         0x00004010       0x18 /usr/local/bin/../lib/gcc/msp430/4.7.2/mmpy-16/libcrt0.a(_copy_data.o)
                0x00004010                __do_copy_data
 .init4         0x00004028       0x16 /usr/local/bin/../lib/gcc/msp430/4.7.2/mmpy-16/libcrt0.a(_clear_bss.o)
                0x00004028                __do_clear_bss
 *(.init5)
 *(.init6)
 *(.init7)
 *(.init8)
 *(.init9)
 .init9         0x0000403e      0x22e build/sky/obj/contiki-main.o
                0x0000403e                main
 *(.fini9)
 .fini9         0x0000426c        0x0 /usr/local/bin/../lib/gcc/msp430/4.7.2/mmpy-16/libcrt0.a(__stop_progExec__.o)
                0x0000426c                __stop_progExec__
 *(.fini8)
 *(.fini7)
 *(.fini6)
 *(.fini5)
 *(.fini4)
 *(.fini3)
 *(.fini2)
 *(.fini1)
 *(.fini0)
 .fini0         0x0000426c        0x6 /usr/local/bin/../lib/gcc/msp430/4.7.2/mmpy-16/libcrt0.a(_endless_loop__.o)
                0x0000426c                _endless_loop__
 *(.fini .fini.*)
                0x00004272                . = ALIGN (0x2)
                0x00004272                __ctors_start = .
 *(.ctors)
                0x00004272                __ctors_end = .
                0x00004272                __dtors_start = .
 *(.dtors)
                0x00004272                __dtors_end = .
                0x00004272                . = ALIGN (0x2)
 *(.text .text.* .gnu.linkonce.t.*)
 .text          0x00004272        0x4 /usr/local/bin/../lib/gcc/msp430/4.7.2/mmpy-16/crt0ivtbl16.o
                0x00004272                __isr_14
                0x00004272                __isr_11
                0x00004272                __isr_2
                0x00004272                __isr_7
                0x00004272                __isr_0
                0x00004272                __isr_8
                0x00004272                __isr_3
                0x00004272                __isr_12
                0x00004272                __isr_13
                0x00004272                __isr_9
 .text.udp_rx_callback
                0x00004276       0x1e udp-client.o
 .text.process_thread_udp_client_process
                0x00004294      0x186 udp-client.o
 .text.status   0x0000441a       0x18 build/sky/contiki-ng-sky.a(button-sensor.o)
 .text.value    0x00004432       0x20 build/sky/contiki-ng-sky.a(button-sensor.o)
 .text.configure
                0x00004452       0x4c build/sky/contiki-ng-sky.a(button-sensor.o)
 .text.irq_p2   0x0000449e       0x46 build/sky/contiki-ng-sky.a(button-sensor.o)
                0x0000449e                irq_p2
                0x0000449e                __isr_1
 .text.process_thread_sensors_process
                0x000044e4       0xc2 build/sky/contiki-ng-sky.a(sensors.o)
 .text.sensors_changed
                0x000045a6       0x2a build/sky/contiki-ng-sky.a(sensors.o)
                0x000045a6                sensors_changed
 .text.putchar  0x000045d0       0x10 build/sky/contiki-ng-sky.a(uart1-putchar.o)
                0x000045d0                putchar
 .text.platform_init_stage_one
                0x000045e0       0x12 build/sky/contiki-ng-sky.a(platform.o)
                0x000045e0                platform_init_stage_one
 .text.platform_init_stage_two
                0x000045f2       0x64 build/sky/contiki-ng-sky.a(platform.o)
                0x000045f2                platform_init_stage_two
 .text.platform_init_stage_three
                0x00004656       0x7a build/sky/contiki-ng-sky.a(platform.o)
                0x00004656                platform_init_stage_three
 .text.platform_idle
                0x000046d0       0x54 build/sky/contiki-ng-sky.a(platform.o)
                0x000046d0                platform_idle
 .text.msp430_init_dco
                0x00004724       0x82 build/sky/contiki-ng-sky.a(msp430.o)
                0x00004724                msp430_init_dco
 .text.msp430_add_lpm_req
                0x000047a6        0xc build/sky/contiki-ng-sky.a(msp430.o)
                0x000047a6                msp430_add_lpm_req
 .text.msp430_cpu_init
                0x000047b2       0x2a build/sky/contiki-ng-sky.a(msp430.o)
                0x000047b2                msp430_cpu_init
 .text.splhigh_
                0x000047dc        0x8 build/sky/contiki-ng-sky.a(msp430.o)
                0x000047dc                splhigh_
 .text.msp430_sync_dco
                0x000047e4       0x6c build/sky/contiki-ng-sky.a(msp430.o)
                0x000047e4                msp430_sync_dco
 .text.timera1  0x00004850       0xdc build/sky/contiki-ng-sky.a(clock.o)
                0x00004850                __isr_5
                0x00004850                timera1
 .text.clock_time
                0x0000492c       0x1a build/sky/contiki-ng-sky.a(clock.o)
                0x0000492c                clock_time
 .text.clock_init
                0x00004946       0x28 build/sky/contiki-ng-sky.a(clock.o)
                0x00004946                clock_init
 .text.clock_delay
                0x0000496e        0xc build/sky/contiki-ng-sky.a(clock.o)
                0x0000496e                clock_delay
 .text.clock_seconds
                0x0000497a       0x1a build/sky/contiki-ng-sky.a(clock.o)
                0x0000497a                clock_seconds
 .text.leds_init
                0x00004994        0x6 build/sky/contiki-ng-sky.a(leds.o)
                0x00004994                leds_init
 .text.leds_on  0x0000499a       0x12 build/sky/contiki-ng-sky.a(leds.o)
                0x0000499a                leds_on
 .text.leds_off
                0x000049ac       0x12 build/sky/contiki-ng-sky.a(leds.o)
                0x000049ac                leds_off
 .text.leds_arch_init
                0x000049be        0xe build/sky/contiki-ng-sky.a(leds-arch.o)
                0x000049be                leds_arch_init
 .text.leds_arch_get
                0x000049cc       0x34 build/sky/contiki-ng-sky.a(leds-arch.o)
                0x000049cc                leds_arch_get
 .text.leds_arch_set
                0x00004a00       0x3e build/sky/contiki-ng-sky.a(leds-arch.o)
                0x00004a00                leds_arch_set
 .text.watchdog_interrupt
                0x00004a3e        0x6 build/sky/contiki-ng-sky.a(watchdog.o)
                0x00004a3e                __isr_10
                0x00004a3e                watchdog_interrupt
 .text.watchdog_start
                0x00004a44       0x14 build/sky/contiki-ng-sky.a(watchdog.o)
                0x00004a44                watchdog_start
 .text.watchdog_periodic
                0x00004a58       0x12 build/sky/contiki-ng-sky.a(watchdog.o)
                0x00004a58                watchdog_periodic
 .text.watchdog_stop
                0x00004a6a       0x16 build/sky/contiki-ng-sky.a(watchdog.o)
                0x00004a6a                watchdog_stop
 .text.watchdog_init
                0x00004a80       0x12 build/sky/contiki-ng-sky.a(watchdog.o)
                0x00004a80                watchdog_init
 .text.autostart_start
                0x00004a92       0x16 build/sky/contiki-ng-sky.a(autostart.o)
                0x00004a92                autostart_start
 .text.process_thread_ctimer_process
                0x00004aa8       0xa8 build/sky/contiki-ng-sky.a(ctimer.o)
 .text.ctimer_init
                0x00004b50       0x18 build/sky/contiki-ng-sky.a(ctimer.o)
                0x00004b50                ctimer_init
 .text.ctimer_set_with_process
                0x00004b68       0x4e build/sky/contiki-ng-sky.a(ctimer.o)
                0x00004b68                ctimer_set_with_process
 .text.ctimer_set
                0x00004bb6       0x10 build/sky/contiki-ng-sky.a(ctimer.o)
                0x00004bb6                ctimer_set
 .text.ctimer_reset
                0x00004bc6       0x30 build/sky/contiki-ng-sky.a(ctimer.o)
                0x00004bc6                ctimer_reset
 .text.ctimer_stop
                0x00004bf6       0x28 build/sky/contiki-ng-sky.a(ctimer.o)
                0x00004bf6                ctimer_stop
 .text.ctimer_expired
                0x00004c1e       0x30 build/sky/contiki-ng-sky.a(ctimer.o)
                0x00004c1e                ctimer_expired
 .text.log_6addr
                0x00004c4e       0x32 build/sky/contiki-ng-sky.a(log.o)
                0x00004c4e                log_6addr
 .text.log_lladdr
                0x00004c80       0x44 build/sky/contiki-ng-sky.a(log.o)
                0x00004c80                log_lladdr
 .text.energest_init
                0x00004cc4        0x2 build/sky/contiki-ng-sky.a(energest.o)
                0x00004cc4                energest_init
 .text.energest_flush
                0x00004cc6        0x2 build/sky/contiki-ng-sky.a(energest.o)
                0x00004cc6                energest_flush
 .text.update_time
                0x00004cc8       0x78 build/sky/contiki-ng-sky.a(etimer.o)
 .text.etimer_request_poll
                0x00004d40        0xa build/sky/contiki-ng-sky.a(etimer.o)
                0x00004d40                etimer_request_poll
 .text.process_thread_etimer_process
                0x00004d4a       0xcc build/sky/contiki-ng-sky.a(etimer.o)
 .text.add_timer
                0x00004e16       0x40 build/sky/contiki-ng-sky.a(etimer.o)
 .text.etimer_set
                0x00004e56       0x12 build/sky/contiki-ng-sky.a(etimer.o)
                0x00004e56                etimer_set
 .text.etimer_reset
                0x00004e68       0x12 build/sky/contiki-ng-sky.a(etimer.o)
                0x00004e68                etimer_reset
 .text.etimer_expired
                0x00004e7a        0xe build/sky/contiki-ng-sky.a(etimer.o)
                0x00004e7a                etimer_expired
 .text.etimer_pending
                0x00004e88        0xc build/sky/contiki-ng-sky.a(etimer.o)
                0x00004e88                etimer_pending
 .text.etimer_next_expiration_time
                0x00004e94       0x16 build/sky/contiki-ng-sky.a(etimer.o)
                0x00004e94                etimer_next_expiration_time
 .text.etimer_stop
                0x00004eaa       0x3e build/sky/contiki-ng-sky.a(etimer.o)
                0x00004eaa                etimer_stop
 .text.node_id_init
                0x00004ee8       0x14 build/sky/contiki-ng-sky.a(node-id.o)
                0x00004ee8                node_id_init
 .text.call_process
                0x00004efc       0x46 build/sky/contiki-ng-sky.a(process.o)
 .text.exit_process
                0x00004f42       0x96 build/sky/contiki-ng-sky.a(process.o)
 .text.do_poll  0x00004fd8       0x30 build/sky/contiki-ng-sky.a(process.o)
 .text.process_alloc_event
                0x00005008        0xe build/sky/contiki-ng-sky.a(process.o)
                0x00005008                process_alloc_event
 .text.process_init
                0x00005016       0x18 build/sky/contiki-ng-sky.a(process.o)
                0x00005016                process_init
 .text.process_run
                0x0000502e       0x92 build/sky/contiki-ng-sky.a(process.o)
                0x0000502e                process_run
 .text.process_nevents
                0x000050c0        0xe build/sky/contiki-ng-sky.a(process.o)
                0x000050c0                process_nevents
 .text.process_post
                0x000050ce       0x42 build/sky/contiki-ng-sky.a(process.o)
                0x000050ce                process_post
 .text.process_post_synch
                0x00005110       0x12 build/sky/contiki-ng-sky.a(process.o)
                0x00005110                process_post_synch
 .text.process_start
                0x00005122       0x36 build/sky/contiki-ng-sky.a(process.o)
                0x00005122                process_start
 .text.process_poll
                0x00005158       0x18 build/sky/contiki-ng-sky.a(process.o)
                0x00005158                process_poll
 .text.rtimer_init
                0x00005170        0x6 build/sky/contiki-ng-sky.a(rtimer.o)
                0x00005170                rtimer_init
 .text.rtimer_run_next
                0x00005176       0x26 build/sky/contiki-ng-sky.a(rtimer.o)
                0x00005176                rtimer_run_next
 .text.timer_set
                0x0000519c       0x1c build/sky/contiki-ng-sky.a(timer.o)
                0x0000519c                timer_set
 .text.timer_expired
                0x000051b8       0x2a build/sky/contiki-ng-sky.a(timer.o)
                0x000051b8                timer_expired
 .text.timer_reset
                0x000051e2       0x1c build/sky/contiki-ng-sky.a(timer.o)
                0x000051e2                timer_reset
 .text.list_init
                0x000051fe        0x6 build/sky/contiki-ng-sky.a(list.o)
                0x000051fe                list_init
 .text.list_head
                0x00005204        0x4 build/sky/contiki-ng-sky.a(list.o)
                0x00005204                list_head
 .text.list_tail
                0x00005208       0x12 build/sky/contiki-ng-sky.a(list.o)
                0x00005208                list_tail
 .text.list_remove
                0x0000521a       0x34 build/sky/contiki-ng-sky.a(list.o)
                0x0000521a                list_remove
 .text.list_push
                0x0000524e       0x1a build/sky/contiki-ng-sky.a(list.o)
                0x0000524e                list_push
 .text.list_add
                0x00005268       0x2a build/sky/contiki-ng-sky.a(list.o)
                0x00005268                list_add
 .text.list_length
                0x00005292       0x10 build/sky/contiki-ng-sky.a(list.o)
                0x00005292                list_length
 .text.list_item_next
                0x000052a2        0xc build/sky/contiki-ng-sky.a(list.o)
                0x000052a2                list_item_next
 .text.random_init
                0x000052ae        0x6 build/sky/contiki-ng-sky.a(random.o)
                0x000052ae                random_init
 .text.random_rand
                0x000052b4        0x6 build/sky/contiki-ng-sky.a(random.o)
                0x000052b4                random_rand
 .text.queuebuf_init
                0x000052ba       0x12 build/sky/contiki-ng-sky.a(queuebuf.o)
                0x000052ba                queuebuf_init
 .text.queuebuf_numfree
                0x000052cc        0xa build/sky/contiki-ng-sky.a(queuebuf.o)
                0x000052cc                queuebuf_numfree
 .text.queuebuf_new_from_packetbuf
                0x000052d6       0x52 build/sky/contiki-ng-sky.a(queuebuf.o)
                0x000052d6                queuebuf_new_from_packetbuf
 .text.queuebuf_update_attr_from_packetbuf
                0x00005328       0x12 build/sky/contiki-ng-sky.a(queuebuf.o)
                0x00005328                queuebuf_update_attr_from_packetbuf
 .text.queuebuf_free
                0x0000533a       0x2a build/sky/contiki-ng-sky.a(queuebuf.o)
                0x0000533a                queuebuf_free
 .text.queuebuf_to_packetbuf
                0x00005364       0x32 build/sky/contiki-ng-sky.a(queuebuf.o)
                0x00005364                queuebuf_to_packetbuf
 .text.packetbuf_hdrreduce
                0x00005396       0x1a build/sky/contiki-ng-sky.a(packetbuf.o)
                0x00005396                packetbuf_hdrreduce
 .text.packetbuf_set_datalen
                0x000053b0        0x6 build/sky/contiki-ng-sky.a(packetbuf.o)
                0x000053b0                packetbuf_set_datalen
 .text.packetbuf_hdrptr
                0x000053b6        0x6 build/sky/contiki-ng-sky.a(packetbuf.o)
                0x000053b6                packetbuf_hdrptr
 .text.packetbuf_datalen
                0x000053bc        0x6 build/sky/contiki-ng-sky.a(packetbuf.o)
                0x000053bc                packetbuf_datalen
 .text.packetbuf_hdrlen
                0x000053c2        0xa build/sky/contiki-ng-sky.a(packetbuf.o)
                0x000053c2                packetbuf_hdrlen
 .text.packetbuf_dataptr
                0x000053cc        0xc build/sky/contiki-ng-sky.a(packetbuf.o)
                0x000053cc                packetbuf_dataptr
 .text.packetbuf_copyto
                0x000053d8       0x46 build/sky/contiki-ng-sky.a(packetbuf.o)
                0x000053d8                packetbuf_copyto
 .text.packetbuf_totlen
                0x0000541e        0xc build/sky/contiki-ng-sky.a(packetbuf.o)
                0x0000541e                packetbuf_totlen
 .text.packetbuf_hdralloc
                0x0000542a       0x3c build/sky/contiki-ng-sky.a(packetbuf.o)
                0x0000542a                packetbuf_hdralloc
 .text.packetbuf_attr_clear
                0x00005466       0x28 build/sky/contiki-ng-sky.a(packetbuf.o)
                0x00005466                packetbuf_attr_clear
 .text.packetbuf_clear
                0x0000548e       0x12 build/sky/contiki-ng-sky.a(packetbuf.o)
                0x0000548e                packetbuf_clear
 .text.packetbuf_copyfrom
                0x000054a0       0x2e build/sky/contiki-ng-sky.a(packetbuf.o)
                0x000054a0                packetbuf_copyfrom
 .text.packetbuf_attr_copyto
                0x000054ce       0x22 build/sky/contiki-ng-sky.a(packetbuf.o)
                0x000054ce                packetbuf_attr_copyto
 .text.packetbuf_attr_copyfrom
                0x000054f0       0x24 build/sky/contiki-ng-sky.a(packetbuf.o)
                0x000054f0                packetbuf_attr_copyfrom
 .text.packetbuf_set_attr
                0x00005514        0xc build/sky/contiki-ng-sky.a(packetbuf.o)
                0x00005514                packetbuf_set_attr
 .text.packetbuf_attr
                0x00005520        0xa build/sky/contiki-ng-sky.a(packetbuf.o)
                0x00005520                packetbuf_attr
 .text.packetbuf_set_addr
                0x0000552a       0x18 build/sky/contiki-ng-sky.a(packetbuf.o)
                0x0000552a                packetbuf_set_addr
 .text.packetbuf_addr
                0x00005542       0x12 build/sky/contiki-ng-sky.a(packetbuf.o)
                0x00005542                packetbuf_addr
 .text.packetbuf_holds_broadcast
                0x00005554        0xe build/sky/contiki-ng-sky.a(packetbuf.o)
                0x00005554                packetbuf_holds_broadcast
 .text.netstack_process_ip_callback
                0x00005562       0x4e build/sky/contiki-ng-sky.a(netstack.o)
                0x00005562                netstack_process_ip_callback
 .text.netstack_init
                0x000055b0        0xe build/sky/contiki-ng-sky.a(netstack.o)
                0x000055b0                netstack_init
 .text.linkaddr_copy
                0x000055be        0x8 build/sky/contiki-ng-sky.a(linkaddr.o)
                0x000055be                linkaddr_copy
 .text.linkaddr_cmp
                0x000055c6       0x12 build/sky/contiki-ng-sky.a(linkaddr.o)
                0x000055c6                linkaddr_cmp
 .text.linkaddr_set_node_addr
                0x000055d8        0xc build/sky/contiki-ng-sky.a(linkaddr.o)
                0x000055d8                linkaddr_set_node_addr
 .text.on       0x000055e4        0x6 build/sky/contiki-ng-sky.a(csma.o)
 .text.off      0x000055ea        0x6 build/sky/contiki-ng-sky.a(csma.o)
 .text.max_payload
                0x000055f0       0x38 build/sky/contiki-ng-sky.a(csma.o)
 .text.send_packet
                0x00005628        0x6 build/sky/contiki-ng-sky.a(csma.o)
 .text.init     0x0000562e       0x1c build/sky/contiki-ng-sky.a(csma.o)
 .text.input_packet
                0x0000564a       0x58 build/sky/contiki-ng-sky.a(csma.o)
 .text.schedule_transmission
                0x000056a2       0x70 build/sky/contiki-ng-sky.a(csma-output.o)
 .text.tx_done  0x00005712       0x9a build/sky/contiki-ng-sky.a(csma-output.o)
 .text.transmit_from_queue
                0x000057ac      0x1bc build/sky/contiki-ng-sky.a(csma-output.o)
 .text.csma_output_packet
                0x00005968      0x184 build/sky/contiki-ng-sky.a(csma-output.o)
                0x00005968                csma_output_packet
 .text.csma_output_init
                0x00005aec       0x1a build/sky/contiki-ng-sky.a(csma-output.o)
                0x00005aec                csma_output_init
 .text.uip_ds6_default_prefix
                0x00005b06        0x6 build/sky/contiki-ng-sky.a(uip-ds6.o)
                0x00005b06                uip_ds6_default_prefix
 .text.uip_ds6_list_loop
                0x00005b0c       0x92 build/sky/contiki-ng-sky.a(uip-ds6.o)
                0x00005b0c                uip_ds6_list_loop
 .text.uip_ds6_prefix_add
                0x00005b9e       0x80 build/sky/contiki-ng-sky.a(uip-ds6.o)
                0x00005b9e                uip_ds6_prefix_add
 .text.uip_ds6_is_addr_onlink
                0x00005c1e       0x54 build/sky/contiki-ng-sky.a(uip-ds6.o)
                0x00005c1e                uip_ds6_is_addr_onlink
 .text.uip_ds6_addr_lookup
                0x00005c72       0x2a build/sky/contiki-ng-sky.a(uip-ds6.o)
                0x00005c72                uip_ds6_addr_lookup
 .text.uip_ds6_get_link_local
                0x00005c9c       0x3e build/sky/contiki-ng-sky.a(uip-ds6.o)
                0x00005c9c                uip_ds6_get_link_local
 .text.uip_ds6_maddr_add
                0x00005cda       0x4c build/sky/contiki-ng-sky.a(uip-ds6.o)
                0x00005cda                uip_ds6_maddr_add
 .text.uip_ds6_addr_add
                0x00005d26       0xc4 build/sky/contiki-ng-sky.a(uip-ds6.o)
                0x00005d26                uip_ds6_addr_add
 .text.uip_ds6_maddr_rm
                0x00005dea        0xa build/sky/contiki-ng-sky.a(uip-ds6.o)
                0x00005dea                uip_ds6_maddr_rm
 .text.uip_ds6_maddr_lookup
                0x00005df4       0x2a build/sky/contiki-ng-sky.a(uip-ds6.o)
                0x00005df4                uip_ds6_maddr_lookup
 .text.uip_ds6_addr_rm
                0x00005e1e       0x54 build/sky/contiki-ng-sky.a(uip-ds6.o)
                0x00005e1e                uip_ds6_addr_rm
 .text.uip_ds6_periodic
                0x00005e72       0x46 build/sky/contiki-ng-sky.a(uip-ds6.o)
                0x00005e72                uip_ds6_periodic
 .text.uip_ds6_set_addr_iid
                0x00005eb8       0x14 build/sky/contiki-ng-sky.a(uip-ds6.o)
                0x00005eb8                uip_ds6_set_addr_iid
 .text.uip_ds6_set_lladdr_from_iid
                0x00005ecc       0x14 build/sky/contiki-ng-sky.a(uip-ds6.o)
                0x00005ecc                uip_ds6_set_lladdr_from_iid
 .text.get_match_length
                0x00005ee0       0x44 build/sky/contiki-ng-sky.a(uip-ds6.o)
                0x00005ee0                get_match_length
 .text.uip_ds6_select_src
                0x00005f24       0xaa build/sky/contiki-ng-sky.a(uip-ds6.o)
                0x00005f24                uip_ds6_select_src
 .text.uip_ds6_compute_reachable_time
                0x00005fce       0x3e build/sky/contiki-ng-sky.a(uip-ds6.o)
                0x00005fce                uip_ds6_compute_reachable_time
 .text.uip_ds6_init
                0x0000600c      0x164 build/sky/contiki-ng-sky.a(uip-ds6.o)
                0x0000600c                uip_ds6_init
 .text.uip_ds6_route_init
                0x00006170       0x12 build/sky/contiki-ng-sky.a(uip-ds6-route.o)
                0x00006170                uip_ds6_route_init
 .text.uip_ds6_route_nexthop
                0x00006182        0x4 build/sky/contiki-ng-sky.a(uip-ds6-route.o)
                0x00006182                uip_ds6_route_nexthop
 .text.uip_ds6_route_lookup
                0x00006186        0x4 build/sky/contiki-ng-sky.a(uip-ds6-route.o)
                0x00006186                uip_ds6_route_lookup
 .text.uip_ds6_route_rm
                0x0000618a        0x2 build/sky/contiki-ng-sky.a(uip-ds6-route.o)
                0x0000618a                uip_ds6_route_rm
 .text.uip_ds6_defrt_rm
                0x0000618c       0x3c build/sky/contiki-ng-sky.a(uip-ds6-route.o)
                0x0000618c                uip_ds6_defrt_rm
 .text.uip_ds6_defrt_lookup
                0x000061c8       0x40 build/sky/contiki-ng-sky.a(uip-ds6-route.o)
                0x000061c8                uip_ds6_defrt_lookup
 .text.uip_ds6_defrt_add
                0x00006208       0x72 build/sky/contiki-ng-sky.a(uip-ds6-route.o)
                0x00006208                uip_ds6_defrt_add
 .text.uip_ds6_defrt_choose
                0x0000627a       0x3a build/sky/contiki-ng-sky.a(uip-ds6-route.o)
                0x0000627a                uip_ds6_defrt_choose
 .text.uip_ds6_defrt_periodic
                0x000062b4       0x38 build/sky/contiki-ng-sky.a(uip-ds6-route.o)
                0x000062b4                uip_ds6_defrt_periodic
 .text.uip_ds6_nbr_rm
                0x000062ec       0x1e build/sky/contiki-ng-sky.a(uip-ds6-nbr.o)
                0x000062ec                uip_ds6_nbr_rm
 .text.uip_ds6_neighbors_init
                0x0000630a       0x12 build/sky/contiki-ng-sky.a(uip-ds6-nbr.o)
                0x0000630a                uip_ds6_neighbors_init
 .text.uip_ds6_nbr_add
                0x0000631c       0x3e build/sky/contiki-ng-sky.a(uip-ds6-nbr.o)
                0x0000631c                uip_ds6_nbr_add
 .text.uip_ds6_nbr_get_ll
                0x0000635a        0xc build/sky/contiki-ng-sky.a(uip-ds6-nbr.o)
                0x0000635a                uip_ds6_nbr_get_ll
 .text.uip_ds6_nbr_head
                0x00006366        0xa build/sky/contiki-ng-sky.a(uip-ds6-nbr.o)
                0x00006366                uip_ds6_nbr_head
 .text.uip_ds6_nbr_next
                0x00006370        0xc build/sky/contiki-ng-sky.a(uip-ds6-nbr.o)
                0x00006370                uip_ds6_nbr_next
 .text.uip_ds6_nbr_lookup
                0x0000637c       0x3a build/sky/contiki-ng-sky.a(uip-ds6-nbr.o)
                0x0000637c                uip_ds6_nbr_lookup
 .text.uip_ds6_nbr_ll_lookup
                0x000063b6        0xc build/sky/contiki-ng-sky.a(uip-ds6-nbr.o)
                0x000063b6                uip_ds6_nbr_ll_lookup
 .text.uip_ds6_nbr_update_ll
                0x000063c2       0x76 build/sky/contiki-ng-sky.a(uip-ds6-nbr.o)
                0x000063c2                uip_ds6_nbr_update_ll
 .text.uip_ds6_nbr_ipaddr_from_lladdr
                0x00006438        0x6 build/sky/contiki-ng-sky.a(uip-ds6-nbr.o)
                0x00006438                uip_ds6_nbr_ipaddr_from_lladdr
 .text.uip_ds6_nbr_lladdr_from_ipaddr
                0x0000643e       0x12 build/sky/contiki-ng-sky.a(uip-ds6-nbr.o)
                0x0000643e                uip_ds6_nbr_lladdr_from_ipaddr
 .text.uip_ds6_link_callback
                0x00006450        0x2 build/sky/contiki-ng-sky.a(uip-ds6-nbr.o)
                0x00006450                uip_ds6_link_callback
 .text.tcpip_output
                0x00006452       0x22 build/sky/contiki-ng-sky.a(tcpip.o)
                0x00006452                tcpip_output
 .text.udp_new  0x00006474       0x1a build/sky/contiki-ng-sky.a(tcpip.o)
                0x00006474                udp_new
 .text.tcpip_input
                0x0000648e       0x1e build/sky/contiki-ng-sky.a(tcpip.o)
                0x0000648e                tcpip_input
 .text.tcpip_ipv6_output
                0x000064ac      0x114 build/sky/contiki-ng-sky.a(tcpip.o)
                0x000064ac                tcpip_ipv6_output
 .text.packet_input.part.3
                0x000065c0       0x12 build/sky/contiki-ng-sky.a(tcpip.o)
 .text.process_thread_tcpip_process
                0x000065d2       0xcc build/sky/contiki-ng-sky.a(tcpip.o)
 .text.tcpip_uipcall
                0x0000669e       0x2a build/sky/contiki-ng-sky.a(tcpip.o)
                0x0000669e                tcpip_uipcall
 .text.chksum   0x000066c8       0x32 build/sky/contiki-ng-sky.a(uip6.o)
 .text.upper_layer_chksum
                0x000066fa       0x58 build/sky/contiki-ng-sky.a(uip6.o)
 .text.ext_hdr_options_process
                0x00006752       0xa4 build/sky/contiki-ng-sky.a(uip6.o)
 .text.uip_check_mtu
                0x000067f6       0x1e build/sky/contiki-ng-sky.a(uip6.o)
 .text.uip_update_ttl
                0x00006814       0x24 build/sky/contiki-ng-sky.a(uip6.o)
 .text.uip_icmp6chksum
                0x00006838        0xa build/sky/contiki-ng-sky.a(uip6.o)
                0x00006838                uip_icmp6chksum
 .text.uip_udpchksum
                0x00006842        0xa build/sky/contiki-ng-sky.a(uip6.o)
                0x00006842                uip_udpchksum
 .text.uip_init
                0x0000684c       0x3c build/sky/contiki-ng-sky.a(uip6.o)
                0x0000684c                uip_init
 .text.uip_remove_ext_hdr
                0x00006888       0x5e build/sky/contiki-ng-sky.a(uip6.o)
                0x00006888                uip_remove_ext_hdr
 .text.uip_udp_new
                0x000068e6       0xac build/sky/contiki-ng-sky.a(uip6.o)
                0x000068e6                uip_udp_new
 .text.uip_process
                0x00006992      0x4be build/sky/contiki-ng-sky.a(uip6.o)
                0x00006992                uip_process
 .text.uip_htonl
                0x00006e50       0x2e build/sky/contiki-ng-sky.a(uip6.o)
                0x00006e50                uip_htonl
 .text.ns_input
                0x00006e7e      0x286 build/sky/contiki-ng-sky.a(uip-nd6.o)
 .text.uip_nd6_init
                0x00007104        0xa build/sky/contiki-ng-sky.a(uip-nd6.o)
                0x00007104                uip_nd6_init
 .text.process_thread_simple_udp_process
                0x0000710e       0xb8 build/sky/contiki-ng-sky.a(simple-udp.o)
 .text.simple_udp_sendto
                0x000071c6       0x2c build/sky/contiki-ng-sky.a(simple-udp.o)
                0x000071c6                simple_udp_sendto
 .text.simple_udp_register
                0x000071f2       0x96 build/sky/contiki-ng-sky.a(simple-udp.o)
                0x000071f2                simple_udp_register
 .text.clear_fragments
                0x00007288       0x40 build/sky/contiki-ng-sky.a(sicslowpan.o)
 .text.addr_context_lookup_by_number
                0x000072c8       0x16 build/sky/contiki-ng-sky.a(sicslowpan.o)
 .text.sicslowpan_init
                0x000072de       0x18 build/sky/contiki-ng-sky.a(sicslowpan.o)
                0x000072de                sicslowpan_init
 .text.set_packet_attrs
                0x000072f6       0x66 build/sky/contiki-ng-sky.a(sicslowpan.o)
 .text.compress_addr_64
                0x0000735c       0xae build/sky/contiki-ng-sky.a(sicslowpan.o)
 .text.addr_context_lookup_by_prefix
                0x0000740a       0x20 build/sky/contiki-ng-sky.a(sicslowpan.o)
 .text.send_packet
                0x0000742a       0x1a build/sky/contiki-ng-sky.a(sicslowpan.o)
 .text.fragment_copy_payload_and_send
                0x00007444       0x66 build/sky/contiki-ng-sky.a(sicslowpan.o)
 .text.output   0x000074aa      0x7c6 build/sky/contiki-ng-sky.a(sicslowpan.o)
 .text.packet_sent
                0x00007c70       0x56 build/sky/contiki-ng-sky.a(sicslowpan.o)
 .text.store_fragment
                0x00007cc6       0xb4 build/sky/contiki-ng-sky.a(sicslowpan.o)
 .text.add_fragment
                0x00007d7a      0x1fc build/sky/contiki-ng-sky.a(sicslowpan.o)
 .text.uncompress_addr
                0x00007f76       0xb4 build/sky/contiki-ng-sky.a(sicslowpan.o)
 .text.input    0x0000802a      0x8b0 build/sky/contiki-ng-sky.a(sicslowpan.o)
 .text.uiplib_ipaddr_snprint
                0x000088da      0x12c build/sky/contiki-ng-sky.a(uiplib.o)
                0x000088da                uiplib_ipaddr_snprint
 .text.rpl_has_joined
                0x00008a06       0x12 build/sky/contiki-ng-sky.a(rpl.o)
                0x00008a06                rpl_has_joined
 .text.rpl_is_reachable
                0x00008a18       0x12 build/sky/contiki-ng-sky.a(rpl.o)
                0x00008a18                rpl_is_reachable
 .text.neighbor_state_changed
                0x00008a2a        0x2 build/sky/contiki-ng-sky.a(rpl.o)
 .text.drop_route
                0x00008a2c        0x2 build/sky/contiki-ng-sky.a(rpl.o)
 .text.rpl_get_leaf_only
                0x00008a2e        0x6 build/sky/contiki-ng-sky.a(rpl.o)
                0x00008a2e                rpl_get_leaf_only
 .text.get_sr_node_ipaddr
                0x00008a34       0x34 build/sky/contiki-ng-sky.a(rpl.o)
 .text.init     0x00008a68       0x42 build/sky/contiki-ng-sky.a(rpl.o)
 .text.set_ip_from_prefix
                0x00008aaa       0x38 build/sky/contiki-ng-sky.a(rpl.o)
 .text.rpl_link_callback
                0x00008ae2       0x1e build/sky/contiki-ng-sky.a(rpl.o)
                0x00008ae2                rpl_link_callback
 .text.rpl_lollipop_greater_than
                0x00008b00       0x3c build/sky/contiki-ng-sky.a(rpl.o)
                0x00008b00                rpl_lollipop_greater_than
 .text.rpl_get_global_address
                0x00008b3c       0xbe build/sky/contiki-ng-sky.a(rpl.o)
                0x00008b3c                rpl_get_global_address
 .text.rpl_reset_prefix
                0x00008bfa       0x24 build/sky/contiki-ng-sky.a(rpl.o)
                0x00008bfa                rpl_reset_prefix
 .text.rpl_set_prefix_from_addr
                0x00008c1e       0x92 build/sky/contiki-ng-sky.a(rpl.o)
                0x00008c1e                rpl_set_prefix_from_addr
 .text.rpl_dag_root_set_prefix
                0x00008cb0       0x62 build/sky/contiki-ng-sky.a(rpl-dag-root.o)
                0x00008cb0                rpl_dag_root_set_prefix
 .text.rpl_dag_root_start
                0x00008d12       0x8e build/sky/contiki-ng-sky.a(rpl-dag-root.o)
                0x00008d12                rpl_dag_root_start
 .text.rpl_dag_root_is_root
                0x00008da0       0x14 build/sky/contiki-ng-sky.a(rpl-dag-root.o)
                0x00008da0                rpl_dag_root_is_root
 .text.init_platform
                0x00008db4        0xc build/sky/contiki-ng-sky.a(contiki-sky-pla)
                0x00008db4                init_platform
 .text.owreadb  0x00008dc0       0x50 build/sky/contiki-ng-sky.a(ds2411.o)
 .text.ds2411_init
                0x00008e10      0x120 build/sky/contiki-ng-sky.a(ds2411.o)
                0x00008e10                ds2411_init
 .text.xmem_init
                0x00008f30       0x3c build/sky/contiki-ng-sky.a(xmem.o)
                0x00008f30                xmem_init
 .text.get_object
                0x00008f6c        0x4 build/sky/contiki-ng-sky.a(cc2420.o)
 .text.set_object
                0x00008f70        0x4 build/sky/contiki-ng-sky.a(cc2420.o)
 .text.strobe   0x00008f74       0x1c build/sky/contiki-ng-sky.a(cc2420.o)
 .text.getreg   0x00008f90       0x4c build/sky/contiki-ng-sky.a(cc2420.o)
 .text.setreg   0x00008fdc       0x4c build/sky/contiki-ng-sky.a(cc2420.o)
 .text.write_ram
                0x00009028       0x7c build/sky/contiki-ng-sky.a(cc2420.o)
 .text.write_fifo_buf
                0x000090a4       0x3c build/sky/contiki-ng-sky.a(cc2420.o)
 .text.get_status
                0x000090e0       0x20 build/sky/contiki-ng-sky.a(cc2420.o)
 .text.on       0x00009100       0x1a build/sky/contiki-ng-sky.a(cc2420.o)
 .text.cc2420_receiving_packet
                0x0000911a        0xc build/sky/contiki-ng-sky.a(cc2420.o)
 .text.pending_packet
                0x00009126        0x8 build/sky/contiki-ng-sky.a(cc2420.o)
 .text.wait_for_transmission
                0x0000912e       0x22 build/sky/contiki-ng-sky.a(cc2420.o)
 .text.wait_for_status
                0x00009150       0x28 build/sky/contiki-ng-sky.a(cc2420.o)
 .text.getrxdata
                0x00009178       0x50 build/sky/contiki-ng-sky.a(cc2420.o)
 .text.flushrx  0x000091c8       0x1a build/sky/contiki-ng-sky.a(cc2420.o)
 .text.off      0x000091e2       0x28 build/sky/contiki-ng-sky.a(cc2420.o)
 .text.RELEASE_LOCK
                0x0000920a       0x28 build/sky/contiki-ng-sky.a(cc2420.o)
 .text.set_key  0x00009232       0x18 build/sky/contiki-ng-sky.a(cc2420.o)
 .text.set_frame_filtering
                0x0000924a       0x30 build/sky/contiki-ng-sky.a(cc2420.o)
 .text.set_auto_ack
                0x0000927a       0x30 build/sky/contiki-ng-sky.a(cc2420.o)
 .text.set_poll_mode
                0x000092aa       0x2c build/sky/contiki-ng-sky.a(cc2420.o)
 .text.cc2420_prepare
                0x000092d6       0x46 build/sky/contiki-ng-sky.a(cc2420.o)
 .text.cc2420_on
                0x0000931c       0x22 build/sky/contiki-ng-sky.a(cc2420.o)
                0x0000931c                cc2420_on
 .text.cc2420_transmit
                0x0000933e       0x66 build/sky/contiki-ng-sky.a(cc2420.o)
 .text.cc2420_send
                0x000093a4       0x12 build/sky/contiki-ng-sky.a(cc2420.o)
 .text.cc2420_off
                0x000093b6       0x30 build/sky/contiki-ng-sky.a(cc2420.o)
                0x000093b6                cc2420_off
 .text.cc2420_cca
                0x000093e6       0x68 build/sky/contiki-ng-sky.a(cc2420.o)
 .text.cc2420_read
                0x0000944e       0xbe build/sky/contiki-ng-sky.a(cc2420.o)
 .text.process_thread_cc2420_process
                0x0000950c       0x62 build/sky/contiki-ng-sky.a(cc2420.o)
 .text.encrypt  0x0000956e       0x88 build/sky/contiki-ng-sky.a(cc2420.o)
 .text.cc2420_set_channel
                0x000095f6       0x3c build/sky/contiki-ng-sky.a(cc2420.o)
                0x000095f6                cc2420_set_channel
 .text.cc2420_set_pan_addr
                0x00009632       0x4c build/sky/contiki-ng-sky.a(cc2420.o)
                0x00009632                cc2420_set_pan_addr
 .text.cc2420_interrupt
                0x0000967e       0x16 build/sky/contiki-ng-sky.a(cc2420.o)
                0x0000967e                cc2420_interrupt
 .text.cc2420_set_txpower
                0x00009694       0x2c build/sky/contiki-ng-sky.a(cc2420.o)
                0x00009694                cc2420_set_txpower
 .text.cc2420_get_txpower
                0x000096c0       0x1e build/sky/contiki-ng-sky.a(cc2420.o)
                0x000096c0                cc2420_get_txpower
 .text.cc2420_rssi
                0x000096de       0x4c build/sky/contiki-ng-sky.a(cc2420.o)
                0x000096de                cc2420_rssi
 .text.get_value
                0x0000972a      0x11e build/sky/contiki-ng-sky.a(cc2420.o)
 .text.cc2420_set_cca_threshold
                0x00009848       0x16 build/sky/contiki-ng-sky.a(cc2420.o)
                0x00009848                cc2420_set_cca_threshold
 .text.set_value
                0x0000985e      0x150 build/sky/contiki-ng-sky.a(cc2420.o)
 .text.cc2420_init
                0x000099ae       0xea build/sky/contiki-ng-sky.a(cc2420.o)
                0x000099ae                cc2420_init
 .text.cc2420_port1_interrupt
                0x00009a98       0x20 build/sky/contiki-ng-sky.a(cc2420-arch.o)
                0x00009a98                __isr_4
                0x00009a98                cc2420_port1_interrupt
 .text.cc2420_arch_init
                0x00009ab8       0x1a build/sky/contiki-ng-sky.a(cc2420-arch.o)
                0x00009ab8                cc2420_arch_init
 .text.uart1_active
                0x00009ad2       0x18 build/sky/contiki-ng-sky.a(uart1.o)
                0x00009ad2                uart1_active
 .text.uart1_writeb
                0x00009aea       0x18 build/sky/contiki-ng-sky.a(uart1.o)
                0x00009aea                uart1_writeb
 .text.uart1_init
                0x00009b02       0xf4 build/sky/contiki-ng-sky.a(uart1.o)
                0x00009b02                uart1_init
 .text.timera0  0x00009bf6       0x2e build/sky/contiki-ng-sky.a(rtimer-arch.o)
                0x00009bf6                __isr_6
                0x00009bf6                timera0
 .text.rtimer_arch_init
                0x00009c24        0xe build/sky/contiki-ng-sky.a(rtimer-arch.o)
                0x00009c24                rtimer_arch_init
 .text.rtimer_arch_now
                0x00009c32        0xe build/sky/contiki-ng-sky.a(rtimer-arch.o)
                0x00009c32                rtimer_arch_now
 .text.rtimer_arch_schedule
                0x00009c40        0x6 build/sky/contiki-ng-sky.a(rtimer-arch.o)
                0x00009c40                rtimer_arch_schedule
 .text.stimer_set
                0x00009c46       0x1c build/sky/contiki-ng-sky.a(stimer.o)
                0x00009c46                stimer_set
 .text.stimer_expired
                0x00009c62       0x30 build/sky/contiki-ng-sky.a(stimer.o)
                0x00009c62                stimer_expired
 .text.memb_init
                0x00009c92       0x36 build/sky/contiki-ng-sky.a(memb.o)
                0x00009c92                memb_init
 .text.memb_alloc
                0x00009cc8       0x3e build/sky/contiki-ng-sky.a(memb.o)
                0x00009cc8                memb_alloc
 .text.memb_free
                0x00009d06       0x32 build/sky/contiki-ng-sky.a(memb.o)
                0x00009d06                memb_free
 .text.memb_inmemb
                0x00009d38       0x2a build/sky/contiki-ng-sky.a(memb.o)
                0x00009d38                memb_inmemb
 .text.memb_numfree
                0x00009d62       0x26 build/sky/contiki-ng-sky.a(memb.o)
                0x00009d62                memb_numfree
 .text.item_from_index
                0x00009d88       0x2a build/sky/contiki-ng-sky.a(nbr-table.o)
 .text.index_from_key
                0x00009db2       0x26 build/sky/contiki-ng-sky.a(nbr-table.o)
 .text.index_from_item
                0x00009dd8       0x1e build/sky/contiki-ng-sky.a(nbr-table.o)
 .text.nbr_set_bit
                0x00009df6       0x58 build/sky/contiki-ng-sky.a(nbr-table.o)
 .text.index_from_lladdr
                0x00009e4e       0x42 build/sky/contiki-ng-sky.a(nbr-table.o)
 .text.nbr_get_bit.constprop.0
                0x00009e90       0x2e build/sky/contiki-ng-sky.a(nbr-table.o)
 .text.nbr_table_is_registered
                0x00009ebe       0x22 build/sky/contiki-ng-sky.a(nbr-table.o)
                0x00009ebe                nbr_table_is_registered
 .text.nbr_table_register
                0x00009ee0       0x40 build/sky/contiki-ng-sky.a(nbr-table.o)
                0x00009ee0                nbr_table_register
 .text.nbr_table_next
                0x00009f20       0x54 build/sky/contiki-ng-sky.a(nbr-table.o)
                0x00009f20                nbr_table_next
 .text.nbr_table_head
                0x00009f74       0x3a build/sky/contiki-ng-sky.a(nbr-table.o)
                0x00009f74                nbr_table_head
 .text.nbr_table_add_lladdr
                0x00009fae      0x168 build/sky/contiki-ng-sky.a(nbr-table.o)
                0x00009fae                nbr_table_add_lladdr
 .text.nbr_table_get_from_lladdr
                0x0000a116       0x2c build/sky/contiki-ng-sky.a(nbr-table.o)
                0x0000a116                nbr_table_get_from_lladdr
 .text.nbr_table_remove
                0x0000a142       0x32 build/sky/contiki-ng-sky.a(nbr-table.o)
                0x0000a142                nbr_table_remove
 .text.nbr_table_lock
                0x0000a174       0x10 build/sky/contiki-ng-sky.a(nbr-table.o)
                0x0000a174                nbr_table_lock
 .text.nbr_table_unlock
                0x0000a184       0x10 build/sky/contiki-ng-sky.a(nbr-table.o)
                0x0000a184                nbr_table_unlock
 .text.nbr_table_get_lladdr
                0x0000a194       0x22 build/sky/contiki-ng-sky.a(nbr-table.o)
                0x0000a194                nbr_table_get_lladdr
 .text.periodic
                0x0000a1b6       0x28 build/sky/contiki-ng-sky.a(link-stats.o)
 .text.link_stats_from_lladdr
                0x0000a1de        0xc build/sky/contiki-ng-sky.a(link-stats.o)
                0x0000a1de                link_stats_from_lladdr
 .text.link_stats_is_fresh
                0x0000a1ea       0x30 build/sky/contiki-ng-sky.a(link-stats.o)
                0x0000a1ea                link_stats_is_fresh
 .text.guess_etx_from_rssi
                0x0000a21a       0x42 build/sky/contiki-ng-sky.a(link-stats.o)
                0x0000a21a                guess_etx_from_rssi
 .text.link_stats_packet_sent
                0x0000a25c       0xde build/sky/contiki-ng-sky.a(link-stats.o)
                0x0000a25c                link_stats_packet_sent
 .text.link_stats_input_callback
                0x0000a33a       0xb4 build/sky/contiki-ng-sky.a(link-stats.o)
                0x0000a33a                link_stats_input_callback
 .text.link_stats_reset
                0x0000a3ee       0x2a build/sky/contiki-ng-sky.a(link-stats.o)
                0x0000a3ee                link_stats_reset
 .text.link_stats_init
                0x0000a418       0x22 build/sky/contiki-ng-sky.a(link-stats.o)
                0x0000a418                link_stats_init
 .text.mac_sequence_is_duplicate
                0x0000a43a       0x84 build/sky/contiki-ng-sky.a(mac-sequence.o)
                0x0000a43a                mac_sequence_is_duplicate
 .text.mac_sequence_register_seqno
                0x0000a4be       0x90 build/sky/contiki-ng-sky.a(mac-sequence.o)
                0x0000a4be                mac_sequence_register_seqno
 .text.mac_call_sent_callback
                0x0000a54e       0x14 build/sky/contiki-ng-sky.a(mac.o)
                0x0000a54e                mac_call_sent_callback
 .text.parse    0x0000a562       0xa0 build/sky/contiki-ng-sky.a(framer-802154.o)
 .text.framer_802154_setup_params
                0x0000a602       0xb8 build/sky/contiki-ng-sky.a(framer-802154.o)
                0x0000a602                framer_802154_setup_params
 .text.create_frame
                0x0000a6ba       0xde build/sky/contiki-ng-sky.a(framer-802154.o)
 .text.create   0x0000a798        0x8 build/sky/contiki-ng-sky.a(framer-802154.o)
 .text.hdr_length
                0x0000a7a0        0x8 build/sky/contiki-ng-sky.a(framer-802154.o)
 .text.frame802154_get_pan_id
                0x0000a7a8        0x6 build/sky/contiki-ng-sky.a(frame802154.o)
                0x0000a7a8                frame802154_get_pan_id
 .text.frame802154_has_panid
                0x0000a7ae       0xe0 build/sky/contiki-ng-sky.a(frame802154.o)
                0x0000a7ae                frame802154_has_panid
 .text.field_len
                0x0000a88e       0xac build/sky/contiki-ng-sky.a(frame802154.o)
 .text.frame802154_is_broadcast_addr
                0x0000a93a       0x28 build/sky/contiki-ng-sky.a(frame802154.o)
                0x0000a93a                frame802154_is_broadcast_addr
 .text.frame802154_hdrlen
                0x0000a962       0x32 build/sky/contiki-ng-sky.a(frame802154.o)
                0x0000a962                frame802154_hdrlen
 .text.frame802154_create_fcf
                0x0000a994       0x96 build/sky/contiki-ng-sky.a(frame802154.o)
                0x0000a994                frame802154_create_fcf
 .text.frame802154_create
                0x0000aa2a       0xe4 build/sky/contiki-ng-sky.a(frame802154.o)
                0x0000aa2a                frame802154_create
 .text.frame802154_parse_fcf
                0x0000ab0e       0xbc build/sky/contiki-ng-sky.a(frame802154.o)
                0x0000ab0e                frame802154_parse_fcf
 .text.frame802154_parse
                0x0000abca      0x168 build/sky/contiki-ng-sky.a(frame802154.o)
                0x0000abca                frame802154_parse
 .text.csma_security_create_frame
                0x0000ad32       0x10 build/sky/contiki-ng-sky.a(csma-security.o)
                0x0000ad32                csma_security_create_frame
 .text.csma_security_parse_frame
                0x0000ad42        0x6 build/sky/contiki-ng-sky.a(csma-security.o)
                0x0000ad42                csma_security_parse_frame
 .text.uipbuf_add_ext_hdr
                0x0000ad48       0x1c build/sky/contiki-ng-sky.a(uipbuf.o)
                0x0000ad48                uipbuf_add_ext_hdr
 .text.uipbuf_set_len
                0x0000ad64       0x12 build/sky/contiki-ng-sky.a(uipbuf.o)
                0x0000ad64                uipbuf_set_len
 .text.uipbuf_set_len_field
                0x0000ad76        0xe build/sky/contiki-ng-sky.a(uipbuf.o)
                0x0000ad76                uipbuf_set_len_field
 .text.uipbuf_get_len_field
                0x0000ad84        0xe build/sky/contiki-ng-sky.a(uipbuf.o)
                0x0000ad84                uipbuf_get_len_field
 .text.uipbuf_get_next_header
                0x0000ad92       0x62 build/sky/contiki-ng-sky.a(uipbuf.o)
                0x0000ad92                uipbuf_get_next_header
 .text.uipbuf_get_last_header
                0x0000adf4       0x3e build/sky/contiki-ng-sky.a(uipbuf.o)
                0x0000adf4                uipbuf_get_last_header
 .text.uipbuf_search_header
                0x0000ae32       0x4e build/sky/contiki-ng-sky.a(uipbuf.o)
                0x0000ae32                uipbuf_search_header
 .text.uipbuf_get_attr
                0x0000ae80       0x14 build/sky/contiki-ng-sky.a(uipbuf.o)
                0x0000ae80                uipbuf_get_attr
 .text.uipbuf_clear_attr
                0x0000ae94       0x12 build/sky/contiki-ng-sky.a(uipbuf.o)
                0x0000ae94                uipbuf_clear_attr
 .text.uipbuf_clear
                0x0000aea6       0x12 build/sky/contiki-ng-sky.a(uipbuf.o)
                0x0000aea6                uipbuf_clear
 .text.uipbuf_init
                0x0000aeb8       0x1a build/sky/contiki-ng-sky.a(uipbuf.o)
                0x0000aeb8                uipbuf_init
 .text.echo_reply_input
                0x0000aed2       0x68 build/sky/contiki-ng-sky.a(uip-icmp6.o)
 .text.echo_request_input
                0x0000af3a       0x86 build/sky/contiki-ng-sky.a(uip-icmp6.o)
 .text.uip_icmp6_input
                0x0000afc0       0x48 build/sky/contiki-ng-sky.a(uip-icmp6.o)
                0x0000afc0                uip_icmp6_input
 .text.uip_icmp6_register_input_handler
                0x0000b008        0xc build/sky/contiki-ng-sky.a(uip-icmp6.o)
                0x0000b008                uip_icmp6_register_input_handler
 .text.uip_icmp6_error_output
                0x0000b014      0x146 build/sky/contiki-ng-sky.a(uip-icmp6.o)
                0x0000b014                uip_icmp6_error_output
 .text.uip_icmp6_send
                0x0000b15a       0x8e build/sky/contiki-ng-sky.a(uip-icmp6.o)
                0x0000b15a                uip_icmp6_send
 .text.uip_icmp6_init
                0x0000b1e8       0x12 build/sky/contiki-ng-sky.a(uip-icmp6.o)
                0x0000b1e8                uip_icmp6_init
 .text.node_matches_address.part.0
                0x0000b1fa       0x2e build/sky/contiki-ng-sky.a(uip-sr.o)
 .text.uip_sr_get_node
                0x0000b228       0x44 build/sky/contiki-ng-sky.a(uip-sr.o)
                0x0000b228                uip_sr_get_node
 .text.uip_sr_is_addr_reachable
                0x0000b26c       0x4e build/sky/contiki-ng-sky.a(uip-sr.o)
                0x0000b26c                uip_sr_is_addr_reachable
 .text.uip_sr_expire_parent
                0x0000b2ba       0x42 build/sky/contiki-ng-sky.a(uip-sr.o)
                0x0000b2ba                uip_sr_expire_parent
 .text.uip_sr_update_node
                0x0000b2fc       0xbc build/sky/contiki-ng-sky.a(uip-sr.o)
                0x0000b2fc                uip_sr_update_node
 .text.uip_sr_init
                0x0000b3b8       0x16 build/sky/contiki-ng-sky.a(uip-sr.o)
                0x0000b3b8                uip_sr_init
 .text.uip_sr_periodic
                0x0000b3ce       0x9a build/sky/contiki-ng-sky.a(uip-sr.o)
                0x0000b3ce                uip_sr_periodic
 .text.uip_sr_free_all
                0x0000b468       0x3c build/sky/contiki-ng-sky.a(uip-sr.o)
                0x0000b468                uip_sr_free_all
 .text.uip_udp_packet_send
                0x0000b4a4       0x2a build/sky/contiki-ng-sky.a(uip-udp-packet.)
                0x0000b4a4                uip_udp_packet_send
 .text.uip_udp_packet_sendto
                0x0000b4ce       0x66 build/sky/contiki-ng-sky.a(uip-udp-packet.)
                0x0000b4ce                uip_udp_packet_sendto
 .text.get32    0x0000b534       0x46 build/sky/contiki-ng-sky.a(rpl-icmp6.o)
 .text.set32    0x0000b57a       0x2a build/sky/contiki-ng-sky.a(rpl-icmp6.o)
 .text.get16    0x0000b5a4        0xe build/sky/contiki-ng-sky.a(rpl-icmp6.o)
 .text.set16    0x0000b5b2       0x10 build/sky/contiki-ng-sky.a(rpl-icmp6.o)
 .text.dao_ack_input
                0x0000b5c2       0x30 build/sky/contiki-ng-sky.a(rpl-icmp6.o)
 .text.dao_input
                0x0000b5f2      0x13c build/sky/contiki-ng-sky.a(rpl-icmp6.o)
 .text.dio_input
                0x0000b72e      0x29c build/sky/contiki-ng-sky.a(rpl-icmp6.o)
 .text.dis_input
                0x0000b9ca       0x1e build/sky/contiki-ng-sky.a(rpl-icmp6.o)
 .text.rpl_icmp6_update_nbr_table
                0x0000b9e8       0x36 build/sky/contiki-ng-sky.a(rpl-icmp6.o)
                0x0000b9e8                rpl_icmp6_update_nbr_table
 .text.rpl_icmp6_dis_output
                0x0000ba1e       0x34 build/sky/contiki-ng-sky.a(rpl-icmp6.o)
                0x0000ba1e                rpl_icmp6_dis_output
 .text.rpl_icmp6_dio_output
                0x0000ba52      0x23a build/sky/contiki-ng-sky.a(rpl-icmp6.o)
                0x0000ba52                rpl_icmp6_dio_output
 .text.rpl_icmp6_dao_output
                0x0000bc8c       0xe2 build/sky/contiki-ng-sky.a(rpl-icmp6.o)
                0x0000bc8c                rpl_icmp6_dao_output
 .text.rpl_icmp6_dao_ack_output
                0x0000bd6e       0x4e build/sky/contiki-ng-sky.a(rpl-icmp6.o)
                0x0000bd6e                rpl_icmp6_dao_ack_output
 .text.rpl_icmp6_init
                0x0000bdbc       0x22 build/sky/contiki-ng-sky.a(rpl-icmp6.o)
                0x0000bdbc                rpl_icmp6_init
 .text.remove_neighbor
                0x0000bdde       0x24 build/sky/contiki-ng-sky.a(rpl-neighbor.o)
 .text.rpl_neighbor_get_from_lladdr
                0x0000be02        0xc build/sky/contiki-ng-sky.a(rpl-neighbor.o)
                0x0000be02                rpl_neighbor_get_from_lladdr
 .text.rpl_neighbor_rank_via_nbr
                0x0000be0e       0x18 build/sky/contiki-ng-sky.a(rpl-neighbor.o)
                0x0000be0e                rpl_neighbor_rank_via_nbr
 .text.rpl_neighbor_get_lladdr
                0x0000be26        0xc build/sky/contiki-ng-sky.a(rpl-neighbor.o)
                0x0000be26                rpl_neighbor_get_lladdr
 .text.rpl_neighbor_get_ipaddr
                0x0000be32        0xa build/sky/contiki-ng-sky.a(rpl-neighbor.o)
                0x0000be32                rpl_neighbor_get_ipaddr
 .text.rpl_neighbor_get_link_stats
                0x0000be3c        0xa build/sky/contiki-ng-sky.a(rpl-neighbor.o)
                0x0000be3c                rpl_neighbor_get_link_stats
 .text.rpl_neighbor_is_fresh
                0x0000be46        0xa build/sky/contiki-ng-sky.a(rpl-neighbor.o)
                0x0000be46                rpl_neighbor_is_fresh
 .text.best_parent
                0x0000be50       0xb4 build/sky/contiki-ng-sky.a(rpl-neighbor.o)
 .text.rpl_neighbor_is_parent
                0x0000bf04       0x18 build/sky/contiki-ng-sky.a(rpl-neighbor.o)
                0x0000bf04                rpl_neighbor_is_parent
 .text.rpl_neighbor_set_preferred_parent
                0x0000bf1c       0x48 build/sky/contiki-ng-sky.a(rpl-neighbor.o)
                0x0000bf1c                rpl_neighbor_set_preferred_parent
 .text.rpl_neighbor_remove_all
                0x0000bf64       0x30 build/sky/contiki-ng-sky.a(rpl-neighbor.o)
                0x0000bf64                rpl_neighbor_remove_all
 .text.rpl_neighbor_get_from_ipaddr
                0x0000bf94       0x14 build/sky/contiki-ng-sky.a(rpl-neighbor.o)
                0x0000bf94                rpl_neighbor_get_from_ipaddr
 .text.rpl_neighbor_select_best
                0x0000bfa8       0x54 build/sky/contiki-ng-sky.a(rpl-neighbor.o)
                0x0000bfa8                rpl_neighbor_select_best
 .text.rpl_neighbor_init
                0x0000bffc        0xe build/sky/contiki-ng-sky.a(rpl-neighbor.o)
                0x0000bffc                rpl_neighbor_init
 .text.init_dag
                0x0000c00a       0x84 build/sky/contiki-ng-sky.a(rpl-dag.o)
 .text.process_dio_init_dag
                0x0000c08e       0xb0 build/sky/contiki-ng-sky.a(rpl-dag.o)
 .text.rpl_dag_get_root_ipaddr
                0x0000c13e       0x1e build/sky/contiki-ng-sky.a(rpl-dag.o)
                0x0000c13e                rpl_dag_get_root_ipaddr
 .text.rpl_dag_leave
                0x0000c15c       0x4a build/sky/contiki-ng-sky.a(rpl-dag.o)
                0x0000c15c                rpl_dag_leave
 .text.rpl_dag_poison_and_leave
                0x0000c1a6        0xc build/sky/contiki-ng-sky.a(rpl-dag.o)
                0x0000c1a6                rpl_dag_poison_and_leave
 .text.rpl_dag_periodic
                0x0000c1b2       0x6a build/sky/contiki-ng-sky.a(rpl-dag.o)
                0x0000c1b2                rpl_dag_periodic
 .text.rpl_is_addr_in_our_dag
                0x0000c21c       0x34 build/sky/contiki-ng-sky.a(rpl-dag.o)
                0x0000c21c                rpl_is_addr_in_our_dag
 .text.rpl_local_repair
                0x0000c250       0x2a build/sky/contiki-ng-sky.a(rpl-dag.o)
                0x0000c250                rpl_local_repair
 .text.rpl_global_repair
                0x0000c27a       0x2e build/sky/contiki-ng-sky.a(rpl-dag.o)
                0x0000c27a                rpl_global_repair
 .text.rpl_dag_ready_to_advertise
                0x0000c2a8       0x22 build/sky/contiki-ng-sky.a(rpl-dag.o)
                0x0000c2a8                rpl_dag_ready_to_advertise
 .text.rpl_dag_update_state
                0x0000c2ca      0x140 build/sky/contiki-ng-sky.a(rpl-dag.o)
                0x0000c2ca                rpl_dag_update_state
 .text.rpl_process_dio
                0x0000c40a      0x1b6 build/sky/contiki-ng-sky.a(rpl-dag.o)
                0x0000c40a                rpl_process_dio
 .text.rpl_process_dis
                0x0000c5c0       0x2a build/sky/contiki-ng-sky.a(rpl-dag.o)
                0x0000c5c0                rpl_process_dis
 .text.rpl_process_dao
                0x0000c5ea       0x6c build/sky/contiki-ng-sky.a(rpl-dag.o)
                0x0000c5ea                rpl_process_dao
 .text.rpl_process_dao_ack
                0x0000c656       0x54 build/sky/contiki-ng-sky.a(rpl-dag.o)
                0x0000c656                rpl_process_dao_ack
 .text.rpl_process_hbh
                0x0000c6aa       0x2e build/sky/contiki-ng-sky.a(rpl-dag.o)
                0x0000c6aa                rpl_process_hbh
 .text.rpl_dag_init_root
                0x0000c6d8       0xbc build/sky/contiki-ng-sky.a(rpl-dag.o)
                0x0000c6d8                rpl_dag_init_root
 .text.rpl_dag_init
                0x0000c794       0x10 build/sky/contiki-ng-sky.a(rpl-dag.o)
                0x0000c794                rpl_dag_init
 .text.handle_state_update
                0x0000c7a4        0x6 build/sky/contiki-ng-sky.a(rpl-timers.o)
 .text.handle_leaving_timer
                0x0000c7aa        0xc build/sky/contiki-ng-sky.a(rpl-timers.o)
 .text.schedule_dao_retransmission
                0x0000c7b6       0x34 build/sky/contiki-ng-sky.a(rpl-timers.o)
 .text.new_dio_interval
                0x0000c7ea       0x8a build/sky/contiki-ng-sky.a(rpl-timers.o)
 .text.handle_unicast_dio_timer
                0x0000c874       0x12 build/sky/contiki-ng-sky.a(rpl-timers.o)
 .text.send_new_dao
                0x0000c886       0x28 build/sky/contiki-ng-sky.a(rpl-timers.o)
 .text.resend_dao
                0x0000c8ae       0x24 build/sky/contiki-ng-sky.a(rpl-timers.o)
 .text.handle_dao_ack_timer
                0x0000c8d2       0x12 build/sky/contiki-ng-sky.a(rpl-timers.o)
 .text.handle_dio_timer
                0x0000c8e4       0x6e build/sky/contiki-ng-sky.a(rpl-timers.o)
 .text.rpl_timers_schedule_periodic_dis
                0x0000c952       0x40 build/sky/contiki-ng-sky.a(rpl-timers.o)
                0x0000c952                rpl_timers_schedule_periodic_dis
 .text.handle_periodic_timer
                0x0000c992       0x3a build/sky/contiki-ng-sky.a(rpl-timers.o)
 .text.handle_dis_timer
                0x0000c9cc       0x26 build/sky/contiki-ng-sky.a(rpl-timers.o)
 .text.rpl_timers_dio_reset
                0x0000c9f2       0x2e build/sky/contiki-ng-sky.a(rpl-timers.o)
                0x0000c9f2                rpl_timers_dio_reset
 .text.rpl_timers_schedule_unicast_dio
                0x0000ca20       0x20 build/sky/contiki-ng-sky.a(rpl-timers.o)
                0x0000ca20                rpl_timers_schedule_unicast_dio
 .text.rpl_timers_schedule_dao
                0x0000ca40       0x3c build/sky/contiki-ng-sky.a(rpl-timers.o)
                0x0000ca40                rpl_timers_schedule_dao
 .text.rpl_timers_schedule_dao_ack
                0x0000ca7c       0x34 build/sky/contiki-ng-sky.a(rpl-timers.o)
                0x0000ca7c                rpl_timers_schedule_dao_ack
 .text.rpl_timers_notify_dao_ack
                0x0000cab0       0x82 build/sky/contiki-ng-sky.a(rpl-timers.o)
                0x0000cab0                rpl_timers_notify_dao_ack
 .text.get_probing_delay
                0x0000cb32       0x1c build/sky/contiki-ng-sky.a(rpl-timers.o)
                0x0000cb32                get_probing_delay
 .text.get_probing_target
                0x0000cb4e       0xee build/sky/contiki-ng-sky.a(rpl-timers.o)
                0x0000cb4e                get_probing_target
 .text.rpl_schedule_probing
                0x0000cc3c       0x20 build/sky/contiki-ng-sky.a(rpl-timers.o)
                0x0000cc3c                rpl_schedule_probing
 .text.handle_probing_timer
                0x0000cc5c       0x2a build/sky/contiki-ng-sky.a(rpl-timers.o)
 .text.rpl_schedule_probing_now
                0x0000cc86       0x24 build/sky/contiki-ng-sky.a(rpl-timers.o)
                0x0000cc86                rpl_schedule_probing_now
 .text.rpl_timers_unschedule_leaving
                0x0000ccaa       0x1c build/sky/contiki-ng-sky.a(rpl-timers.o)
                0x0000ccaa                rpl_timers_unschedule_leaving
 .text.rpl_timers_schedule_leaving
                0x0000ccc6       0x2a build/sky/contiki-ng-sky.a(rpl-timers.o)
                0x0000ccc6                rpl_timers_schedule_leaving
 .text.rpl_timers_init
                0x0000ccf0       0x1c build/sky/contiki-ng-sky.a(rpl-timers.o)
                0x0000ccf0                rpl_timers_init
 .text.rpl_timers_stop_dag_timers
                0x0000cd0c       0x4c build/sky/contiki-ng-sky.a(rpl-timers.o)
                0x0000cd0c                rpl_timers_stop_dag_timers
 .text.rpl_timers_unschedule_state_update
                0x0000cd58       0x10 build/sky/contiki-ng-sky.a(rpl-timers.o)
                0x0000cd58                rpl_timers_unschedule_state_update
 .text.rpl_timers_schedule_state_update
                0x0000cd68       0x1c build/sky/contiki-ng-sky.a(rpl-timers.o)
                0x0000cd68                rpl_timers_schedule_state_update
 .text.update_hbh_header
                0x0000cd84       0x4a build/sky/contiki-ng-sky.a(rpl-ext-header.)
 .text.rpl_ext_header_srh_get_next_hop
                0x0000cdce       0x84 build/sky/contiki-ng-sky.a(rpl-ext-header.)
                0x0000cdce                rpl_ext_header_srh_get_next_hop
 .text.rpl_ext_header_srh_update
                0x0000ce52      0x102 build/sky/contiki-ng-sky.a(rpl-ext-header.)
                0x0000ce52                rpl_ext_header_srh_update
 .text.rpl_ext_header_hbh_update
                0x0000cf54       0x9e build/sky/contiki-ng-sky.a(rpl-ext-header.)
                0x0000cf54                rpl_ext_header_hbh_update
 .text.rpl_ext_header_remove
                0x0000cff2       0xcc build/sky/contiki-ng-sky.a(rpl-ext-header.)
                0x0000cff2                rpl_ext_header_remove
 .text.rpl_ext_header_update
                0x0000d0be      0x2aa build/sky/contiki-ng-sky.a(rpl-ext-header.)
                0x0000d0be                rpl_ext_header_update
 .text.update_state
                0x0000d368       0x78 build/sky/contiki-ng-sky.a(rpl-nbr-policy.)
 .text.rpl_nbr_policy_find_removable
                0x0000d3e0       0x50 build/sky/contiki-ng-sky.a(rpl-nbr-policy.)
                0x0000d3e0                rpl_nbr_policy_find_removable
 .text.reset    0x0000d430        0x2 build/sky/contiki-ng-sky.a(rpl-mrhof.o)
 .text.update_metric_container
                0x0000d432        0x6 build/sky/contiki-ng-sky.a(rpl-mrhof.o)
 .text.nbr_link_metric
                0x0000d438       0x12 build/sky/contiki-ng-sky.a(rpl-mrhof.o)
 .text.nbr_has_usable_link
                0x0000d44a       0x14 build/sky/contiki-ng-sky.a(rpl-mrhof.o)
 .text.nbr_path_cost
                0x0000d45e       0x38 build/sky/contiki-ng-sky.a(rpl-mrhof.o)
 .text.within_hysteresis
                0x0000d496       0x54 build/sky/contiki-ng-sky.a(rpl-mrhof.o)
 .text.nbr_is_acceptable_parent
                0x0000d4ea       0x2c build/sky/contiki-ng-sky.a(rpl-mrhof.o)
 .text.rank_via_nbr
                0x0000d516       0x48 build/sky/contiki-ng-sky.a(rpl-mrhof.o)
 .text.best_parent
                0x0000d55e       0x7c build/sky/contiki-ng-sky.a(rpl-mrhof.o)
 .text.spi_init
                0x0000d5da       0x30 build/sky/contiki-ng-sky.a(spi-legacy.o)
                0x0000d5da                spi_init
 .text.libgcc   0x0000d60a       0x2c /usr/local/bin/../lib/gcc/msp430/4.7.2/mmpy-16/libgcc.a(_mulsi3.o)
                0x0000d60a                __mulsi3
 .text.libgcc   0x0000d636       0x22 /usr/local/bin/../lib/gcc/msp430/4.7.2/mmpy-16/libgcc.a(_udivmod16.o)
                0x0000d636                __udivhi3
                0x0000d636                __ext_udivmod16
                0x0000d650                __umodhi3
 .text.libgcc   0x0000d658       0x3a /usr/local/bin/../lib/gcc/msp430/4.7.2/mmpy-16/libgcc.a(_divmod16.o)
                0x0000d658                __ext_divmod16
                0x0000d658                __divhi3
                0x0000d68a                __modhi3
 .text.libgcc   0x0000d692       0x40 /usr/local/bin/../lib/gcc/msp430/4.7.2/mmpy-16/libgcc.a(_udivmod32.o)
                0x0000d692                __udivsi3
                0x0000d692                __ext_udivmod32
                0x0000d6c8                __umodsi3
 .text.libgcc   0x0000d6d2       0x4c /usr/local/bin/../lib/gcc/msp430/4.7.2/mmpy-16/libgcc.a(_divmod32.o)
                0x0000d6d2                __ext_divmod32
                0x0000d6d2                __divsi3
                0x0000d714                __modsi3
 .text.printf   0x0000d71e       0x10 /usr/local/bin/../lib/gcc/msp430/4.7.2/../../../../msp430/lib/mmpy-16/libc.a(printf.o)
                0x0000d71e                printf
 .text.append   0x0000d72e       0x22 /usr/local/bin/../lib/gcc/msp430/4.7.2/../../../../msp430/lib/mmpy-16/libc.a(sprintf.o)
 .text.call_vuprintf
                0x0000d750       0x3a /usr/local/bin/../lib/gcc/msp430/4.7.2/../../../../msp430/lib/mmpy-16/libc.a(sprintf.o)
 .text.snprintf
                0x0000d78a       0x1a /usr/local/bin/../lib/gcc/msp430/4.7.2/../../../../msp430/lib/mmpy-16/libc.a(sprintf.o)
                0x0000d78a                snprintf
 .text.print_field
                0x0000d7a4      0x194 /usr/local/bin/../lib/gcc/msp430/4.7.2/../../../../msp430/lib/mmpy-16/libc.a(vuprintf.o)
 .text.vuprintf
                0x0000d938      0x63e /usr/local/bin/../lib/gcc/msp430/4.7.2/../../../../msp430/lib/mmpy-16/libc.a(vuprintf.o)
                0x0000d938                vuprintf
 .text.puts     0x0000df76       0x2c /usr/local/bin/../lib/gcc/msp430/4.7.2/../../../../msp430/lib/mmpy-16/libc.a(puts.o)
                0x0000df76                puts
 .text.rand     0x0000dfa2       0x26 /usr/local/bin/../lib/gcc/msp430/4.7.2/../../../../msp430/lib/mmpy-16/libc.a(rand.o)
                0x0000dfa2                rand
 .text.srand    0x0000dfc8        0xa /usr/local/bin/../lib/gcc/msp430/4.7.2/../../../../msp430/lib/mmpy-16/libc.a(rand.o)
                0x0000dfc8                srand
 .text.memcmp   0x0000dfd2       0x30 /usr/local/bin/../lib/gcc/msp430/4.7.2/../../../../msp430/lib/mmpy-16/libc.a(memcmp.o)
                0x0000dfd2                memcmp
 .text.memcpy   0x0000e002       0xfa /usr/local/bin/../lib/gcc/msp430/4.7.2/../../../../msp430/lib/mmpy-16/libc.a(memcpy.o)
                0x0000e002                memcpy
 .text.memmove  0x0000e0fc       0xfa /usr/local/bin/../lib/gcc/msp430/4.7.2/../../../../msp430/lib/mmpy-16/libc.a(memmove.o)
                0x0000e0fc                memmove
 .text.memset   0x0000e1f6       0x6a /usr/local/bin/../lib/gcc/msp430/4.7.2/../../../../msp430/lib/mmpy-16/libc.a(memset.o)
                0x0000e1f6                memset
 .text.libgcc   0x0000e260       0xf0 /usr/local/bin/../lib/gcc/msp430/4.7.2/mmpy-16/libgcc.a(_udivmod64.o)
                0x0000e260                __xabi_udivmod64
                0x0000e2be                __udivdi3
                0x0000e2e4                __umoddi3
                0x0000e312                __udivmoddi4
 .text.crt0     0x0000e350        0x2 /usr/local/bin/../lib/gcc/msp430/4.7.2/mmpy-16/libcrt0.a(_unexpected_.o)
                0x0000e350                _unexpected_
 *(.near.text .near.text.*)

.rodata         0x0000e354      0x4f9
                0x0000e354                . = ALIGN (0x2)
 *(.rodata .rodata.* .gnu.linkonce.r.*)
 .rodata        0x0000e354       0xaa udp-client.o
                0x0000e3ee                autostart_processes
 .rodata        0x0000e3fe       0xf3 build/sky/obj/contiki-main.o
 *fill*         0x0000e4f1        0x1 00
 .rodata        0x0000e4f2       0x10 build/sky/contiki-ng-sky.a(button-sensor.o)
                0x0000e4fa                button_sensor
 .rodata        0x0000e502        0x8 build/sky/contiki-ng-sky.a(sensors.o)
 .rodata        0x0000e50a       0x31 build/sky/contiki-ng-sky.a(platform.o)
 .rodata        0x0000e53b        0xf build/sky/contiki-ng-sky.a(ctimer.o)
 .rodata        0x0000e54a       0xb6 build/sky/contiki-ng-sky.a(log.o)
 .rodata        0x0000e600        0xc build/sky/contiki-ng-sky.a(etimer.o)
 .rodata        0x0000e60c        0x8 build/sky/contiki-ng-sky.a(linkaddr.o)
                0x0000e60c                linkaddr_null
 .rodata        0x0000e614       0x14 build/sky/contiki-ng-sky.a(csma.o)
                0x0000e61a                csma_driver
 .rodata        0x0000e628        0xd build/sky/contiki-ng-sky.a(tcpip.o)
 .rodata        0x0000e635       0x13 build/sky/contiki-ng-sky.a(simple-udp.o)
 .rodata        0x0000e648       0x26 build/sky/contiki-ng-sky.a(sicslowpan.o)
                0x0000e654                sicslowpan_driver
                0x0000e65c                llprefix
                0x0000e65e                unc_mxconf
                0x0000e662                unc_ctxconf
                0x0000e666                unc_llconf
 .rodata        0x0000e66e       0x2d build/sky/contiki-ng-sky.a(uiplib.o)
 *fill*         0x0000e69b        0x1 00
 .rodata        0x0000e69c       0x34 build/sky/contiki-ng-sky.a(rpl.o)
                0x0000e6a6                rpl_lite_driver
 .rodata.get_value
                0x0000e6d0       0x34 build/sky/contiki-ng-sky.a(cc2420.o)
 .rodata.set_value
                0x0000e704       0x10 build/sky/contiki-ng-sky.a(cc2420.o)
 .rodata        0x0000e714       0x3e build/sky/contiki-ng-sky.a(cc2420.o)
                0x0000e714                cc2420_aes_128_driver
                0x0000e718                cc2420_driver
 .rodata        0x0000e752        0x6 build/sky/contiki-ng-sky.a(framer-802154.o)
                0x0000e752                framer_802154
 .rodata        0x0000e758        0x2 build/sky/contiki-ng-sky.a(frame802154.o)
 .rodata        0x0000e75a       0xe0 build/sky/contiki-ng-sky.a(rpl-dag.o)
 .rodata        0x0000e83a        0xc build/sky/contiki-ng-sky.a(rpl-timers.o)
 .rodata.vuprintf
                0x0000e846        0x7 /usr/local/bin/../lib/gcc/msp430/4.7.2/../../../../msp430/lib/mmpy-16/libc.a(vuprintf.o)
 *(.near.rodata .near.rodata.*)
                0x0000e84e                . = ALIGN (0x2)
                0x0000e84e                _etext = .

.data           0x00001100      0x13a load address 0x0000e84e
                0x00001100                . = ALIGN (0x2)
                0x00001100                __data_start = .
 *(.data .data.* .gnu.linkonce.d.*)
 .data          0x00001100        0xa udp-client.o
                0x00001100                udp_client_process
 .data          0x0000110a        0xa build/sky/contiki-ng-sky.a(sensors.o)
                0x0000110a                sensors_process
 .data          0x00001114        0x2 build/sky/contiki-ng-sky.a(msp430.o)
 .data          0x00001116        0xa build/sky/contiki-ng-sky.a(ctimer.o)
                0x00001116                ctimer_process
 .data          0x00001120       0x50 build/sky/contiki-ng-sky.a(log.o)
                0x00001120                all_modules
                0x0000116e                curr_log_level_main
 .data          0x00001170        0xa build/sky/contiki-ng-sky.a(etimer.o)
                0x00001170                etimer_process
 .data          0x0000117a       0x10 build/sky/contiki-ng-sky.a(queuebuf.o)
 .data          0x0000118a       0x18 build/sky/contiki-ng-sky.a(csma-output.o)
 .data          0x000011a2        0x8 build/sky/contiki-ng-sky.a(uip-ds6-route.o)
 .data          0x000011aa        0x8 build/sky/contiki-ng-sky.a(uip-ds6-nbr.o)
 .data          0x000011b2        0xa build/sky/contiki-ng-sky.a(tcpip.o)
                0x000011b2                tcpip_process
 .data          0x000011bc        0x6 build/sky/contiki-ng-sky.a(uip-nd6.o)
 .data          0x000011c2        0xa build/sky/contiki-ng-sky.a(simple-udp.o)
                0x000011c2                simple_udp_process
 .data          0x000011cc        0x4 build/sky/contiki-ng-sky.a(contiki-sky-pla)
                0x000011cc                sensors
 .data          0x000011d0        0xc build/sky/contiki-ng-sky.a(cc2420.o)
                0x000011d0                cc2420_process
 .data          0x000011dc        0x8 build/sky/contiki-ng-sky.a(nbr-table.o)
 .data          0x000011e4        0x8 build/sky/contiki-ng-sky.a(link-stats.o)
 .data          0x000011ec        0x2 build/sky/contiki-ng-sky.a(frame802154.o)
 .data          0x000011ee        0xc build/sky/contiki-ng-sky.a(uip-icmp6.o)
 .data          0x000011fa        0x8 build/sky/contiki-ng-sky.a(uip-sr.o)
 .data          0x00001202       0x18 build/sky/contiki-ng-sky.a(rpl-icmp6.o)
 .data          0x0000121a        0xa build/sky/contiki-ng-sky.a(rpl-neighbor.o)
                0x0000121a                rpl_neighbors
 .data          0x00001224       0x12 build/sky/contiki-ng-sky.a(rpl-mrhof.o)
                0x00001224                rpl_mrhof
 .data.next     0x00001236        0x4 /usr/local/bin/../lib/gcc/msp430/4.7.2/../../../../msp430/lib/mmpy-16/libc.a(rand.o)
 *(.near.data .near.data.*)
                0x0000123a                . = ALIGN (0x2)
                0x0000123a                _edata = .
                0x0000e84e                __data_load_start = LOADADDR (.data)
                0x0000013a                __data_size = SIZEOF (.data)

.bss            0x0000123a     0x1b7c load address 0x0000e988
                0x0000123a                __bss_start = .
 *(.bss .bss.*)
 .bss           0x0000123a       0x38 udp-client.o
                0x0000123a                avg
                0x0000123c                dataCounter
                0x0000123e                dataSum
 .bss           0x00001272        0x8 build/sky/contiki-ng-sky.a(button-sensor.o)
 .bss           0x0000127a        0x6 build/sky/contiki-ng-sky.a(sensors.o)
 .bss           0x00001280        0x8 build/sky/contiki-ng-sky.a(platform.o)
 .bss           0x00001288        0xa build/sky/contiki-ng-sky.a(clock.o)
 .bss           0x00001292        0x2 build/sky/contiki-ng-sky.a(watchdog.o)
 .bss           0x00001294        0x4 build/sky/contiki-ng-sky.a(ctimer.o)
 .bss           0x00001298       0x16 build/sky/contiki-ng-sky.a(log.o)
                0x00001298                curr_log_level_lwm2m
                0x0000129a                curr_log_level_snmp
                0x0000129c                curr_log_level_coap
                0x0000129e                curr_log_level_6top
                0x000012a0                curr_log_level_framer
                0x000012a2                curr_log_level_mac
                0x000012a4                curr_log_level_nullnet
                0x000012a6                curr_log_level_6lowpan
                0x000012a8                curr_log_level_ipv6
                0x000012aa                curr_log_level_tcpip
                0x000012ac                curr_log_level_rpl
 .bss           0x000012ae        0x6 build/sky/contiki-ng-sky.a(etimer.o)
 .bss           0x000012b4        0x2 build/sky/contiki-ng-sky.a(node-id.o)
                0x000012b4                node_id
 .bss           0x000012b6       0xc8 build/sky/contiki-ng-sky.a(process.o)
                0x000012b6                process_current
                0x000012b8                process_list
 .bss           0x0000137e        0x2 build/sky/contiki-ng-sky.a(rtimer.o)
 .bss           0x00001380      0x580 build/sky/contiki-ng-sky.a(queuebuf.o)
 .bss           0x00001900       0x86 build/sky/contiki-ng-sky.a(packetbuf.o)
 .bss           0x00001986        0x2 build/sky/contiki-ng-sky.a(netstack.o)
 .bss           0x00001988       0xbe build/sky/contiki-ng-sky.a(csma-output.o)
 .bss           0x00001a46       0x28 build/sky/contiki-ng-sky.a(uip-ds6.o)
 .bss           0x00001a6e       0x3c build/sky/contiki-ng-sky.a(uip-ds6-route.o)
 .bss           0x00001aaa      0x120 build/sky/contiki-ng-sky.a(uip-ds6-nbr.o)
 .bss           0x00001bca        0xc build/sky/contiki-ng-sky.a(tcpip.o)
 .bss           0x00001bd6        0x8 build/sky/contiki-ng-sky.a(uip6.o)
                0x00001bd6                uip_last_proto
                0x00001bd8                uip_ext_len
                0x00001bda                uip_ext_bitmap
 .bss           0x00001bde        0x8 build/sky/contiki-ng-sky.a(uip-nd6.o)
 .bss           0x00001be6       0xf1 build/sky/contiki-ng-sky.a(simple-udp.o)
 *fill*         0x00001cd7        0x1 00
 .bss           0x00001cd8      0x6e0 build/sky/contiki-ng-sky.a(sicslowpan.o)
 .bss           0x000023b8        0x1 build/sky/contiki-ng-sky.a(rpl.o)
 *fill*         0x000023b9        0x1 00
 .bss           0x000023ba       0x12 build/sky/contiki-ng-sky.a(rpl-dag-root.o)
 .bss           0x000023cc       0x10 build/sky/contiki-ng-sky.a(cc2420.o)
 .bss           0x000023dc       0x9a build/sky/contiki-ng-sky.a(uart1.o)
 .bss           0x00002476       0xe4 build/sky/contiki-ng-sky.a(nbr-table.o)
 .bss           0x0000255a       0xa0 build/sky/contiki-ng-sky.a(link-stats.o)
 .bss           0x000025fa       0xe0 build/sky/contiki-ng-sky.a(mac-sequence.o)
 .bss           0x000026da        0x2 build/sky/contiki-ng-sky.a(framer-802154.o)
 .bss           0x000026dc       0x18 build/sky/contiki-ng-sky.a(uipbuf.o)
 .bss           0x000026f4       0x14 build/sky/contiki-ng-sky.a(uip-icmp6.o)
 .bss           0x00002708      0x134 build/sky/contiki-ng-sky.a(uip-sr.o)
 .bss           0x0000283c       0x80 build/sky/contiki-ng-sky.a(rpl-neighbor.o)
 .bss           0x000028bc       0x28 build/sky/contiki-ng-sky.a(rpl-timers.o)
 .bss           0x000028e4        0x8 build/sky/contiki-ng-sky.a(rpl-nbr-policy.)
 .bss.destination_
                0x000028ec        0x2 /usr/local/bin/../lib/gcc/msp430/4.7.2/../../../../msp430/lib/mmpy-16/libc.a(sprintf.o)
 .bss.available_
                0x000028ee        0x2 /usr/local/bin/../lib/gcc/msp430/4.7.2/../../../../msp430/lib/mmpy-16/libc.a(sprintf.o)
 *(.near.bss .near.bss.*)
 *(COMMON)
 COMMON         0x000028f0        0x1 build/sky/contiki-ng-sky.a(sensors.o)
                0x000028f0                sensors_event
 *fill*         0x000028f1        0x1 00
 COMMON         0x000028f2        0x2 build/sky/contiki-ng-sky.a(msp430.o)
                0x000028f2                msp430_dco_required
 COMMON         0x000028f4       0x2a build/sky/contiki-ng-sky.a(packetbuf.o)
                0x000028f4                packetbuf_addrs
                0x00002904                packetbuf_attrs
 COMMON         0x0000291e        0x8 build/sky/contiki-ng-sky.a(linkaddr.o)
                0x0000291e                linkaddr_node_addr
 COMMON         0x00002926      0x180 build/sky/contiki-ng-sky.a(uip-ds6.o)
                0x00002926                uip_ds6_timer_ra
                0x0000292e                uip_ds6_if
                0x00002a3e                uip_ds6_netif_addr_list_offset
                0x00002a3f                uip_ds6_addr_size
                0x00002a40                uip_ds6_prefix_list
                0x00002a9a                uip_ds6_timer_periodic
 COMMON         0x00002aa6        0x1 build/sky/contiki-ng-sky.a(tcpip.o)
                0x00002aa6                tcpip_event
 *fill*         0x00002aa7        0x1 00
 COMMON         0x00002aa8      0x1d6 build/sky/contiki-ng-sky.a(uip6.o)
                0x00002aa8                uip_len
                0x00002aaa                uip_sappdata
                0x00002aac                uip_lladdr
                0x00002ab4                uip_aligned_buf
                0x00002ba4                uip_flags
                0x00002ba6                uip_udp_conn
                0x00002ba8                uip_appdata
                0x00002baa                uip_conn
                0x00002bac                uip_slen
                0x00002bae                uip_udp_conns
 COMMON         0x00002c7e       0x10 build/sky/contiki-ng-sky.a(rpl.o)