Archive member included because of file (symbol)

build/sky/contiki-ng-sky.a(uart1-putchar.o)
                              border-router.o (putchar)
build/sky/contiki-ng-sky.a(platform.o)
                              build/sky/obj/contiki-main.o (platform_init_stage_one)
build/sky/contiki-ng-sky.a(msp430.o)
                              build/sky/contiki-ng-sky.a(platform.o) (msp430_dco_required)
build/sky/contiki-ng-sky.a(clock.o)
                              build/sky/obj/contiki-main.o (clock_init)
build/sky/contiki-ng-sky.a(leds.o)
                              build/sky/contiki-ng-sky.a(platform.o) (leds_init)
build/sky/contiki-ng-sky.a(leds-arch.o)
                              build/sky/contiki-ng-sky.a(leds.o) (leds_arch_init)
build/sky/contiki-ng-sky.a(watchdog.o)
                              build/sky/obj/contiki-main.o (watchdog_start)
build/sky/contiki-ng-sky.a(rpl-border-rout)
                              build/sky/obj/contiki-main.o (rpl_border_router_init)
build/sky/contiki-ng-sky.a(autostart.o)
                              build/sky/obj/contiki-main.o (autostart_start)
build/sky/contiki-ng-sky.a(ctimer.o)
                              build/sky/obj/contiki-main.o (ctimer_init)
build/sky/contiki-ng-sky.a(log.o)
                              border-router.o (log_6addr)
build/sky/contiki-ng-sky.a(energest.o)
                              build/sky/obj/contiki-main.o (energest_init)
build/sky/contiki-ng-sky.a(etimer.o)
                              build/sky/contiki-ng-sky.a(clock.o) (etimer_request_poll)
build/sky/contiki-ng-sky.a(node-id.o)
                              build/sky/obj/contiki-main.o (node_id_init)
build/sky/contiki-ng-sky.a(process.o)
                              build/sky/contiki-ng-sky.a(ctimer.o) (process_current)
build/sky/contiki-ng-sky.a(rtimer.o)
                              build/sky/obj/contiki-main.o (rtimer_init)
build/sky/contiki-ng-sky.a(timer.o)
                              build/sky/contiki-ng-sky.a(platform.o) (timer_set)
build/sky/contiki-ng-sky.a(list.o)
                              build/sky/contiki-ng-sky.a(ctimer.o) (list_init)
build/sky/contiki-ng-sky.a(random.o)
                              build/sky/contiki-ng-sky.a(platform.o) (random_init)
build/sky/contiki-ng-sky.a(queuebuf.o)
                              build/sky/obj/contiki-main.o (queuebuf_init)
build/sky/contiki-ng-sky.a(packetbuf.o)
                              build/sky/contiki-ng-sky.a(queuebuf.o) (packetbuf_copyto)
build/sky/contiki-ng-sky.a(netstack.o)
                              build/sky/obj/contiki-main.o (netstack_init)
build/sky/contiki-ng-sky.a(linkaddr.o)
                              build/sky/contiki-ng-sky.a(platform.o) (linkaddr_copy)
build/sky/contiki-ng-sky.a(csma.o)
                              build/sky/obj/contiki-main.o (csma_driver)
build/sky/contiki-ng-sky.a(csma-output.o)
                              build/sky/contiki-ng-sky.a(csma.o) (csma_output_packet)
build/sky/contiki-ng-sky.a(uip-ds6.o)
                              build/sky/contiki-ng-sky.a(rpl-border-rout) (uip_ds6_if)
build/sky/contiki-ng-sky.a(uip-ds6-route.o)
                              build/sky/contiki-ng-sky.a(uip-ds6.o) (uip_ds6_route_init)
build/sky/contiki-ng-sky.a(uip-ds6-nbr.o)
                              build/sky/contiki-ng-sky.a(uip-ds6.o) (uip_ds6_neighbors_init)
build/sky/contiki-ng-sky.a(tcpip.o)
                              build/sky/obj/contiki-main.o (tcpip_process)
build/sky/contiki-ng-sky.a(uip6.o)
                              build/sky/contiki-ng-sky.a(tcpip.o) (uip_aligned_buf)
build/sky/contiki-ng-sky.a(uip-nd6.o)
                              build/sky/contiki-ng-sky.a(uip6.o) (uip_nd6_init)
build/sky/contiki-ng-sky.a(simple-udp.o)
                              border-router.o (simple_udp_sendto)
build/sky/contiki-ng-sky.a(sicslowpan.o)
                              build/sky/obj/contiki-main.o (sicslowpan_driver)
build/sky/contiki-ng-sky.a(uiplib.o)
                              build/sky/contiki-ng-sky.a(log.o) (uiplib_ipaddr_snprint)
build/sky/contiki-ng-sky.a(rpl.o)
                              build/sky/obj/contiki-main.o (rpl_lite_driver)
build/sky/contiki-ng-sky.a(rpl-dag-root.o)
                              build/sky/contiki-ng-sky.a(rpl.o) (rpl_dag_root_set_prefix)
build/sky/contiki-ng-sky.a(slip-bridge.o)
                              build/sky/contiki-ng-sky.a(tcpip.o) (rpl_interface)
build/sky/contiki-ng-sky.a(border-router-e)
                              build/sky/contiki-ng-sky.a(rpl-border-rout) (border_router_process)
build/sky/contiki-ng-sky.a(contiki-sky-pla)
                              build/sky/contiki-ng-sky.a(platform.o) (init_platform)
build/sky/contiki-ng-sky.a(button-sensor.o)
                              build/sky/contiki-ng-sky.a(border-router-e) (button_sensor)
build/sky/contiki-ng-sky.a(ds2411.o)
                              build/sky/contiki-ng-sky.a(platform.o) (ds2411_init)
build/sky/contiki-ng-sky.a(xmem.o)
[...]
Memory Configuration

Name             Origin             Length             Attributes
sfr              0x00000000         0x00000010
peripheral_8bit  0x00000010         0x000000f0
peripheral_16bit 0x00000100         0x00000100
ram_mirror       0x00000200         0x00000800         xw
infomem          0x00001000         0x00000100
infob            0x00001000         0x00000080
infoa            0x00001080         0x00000080
ram              0x00001100         0x00002800         xw
rom              0x00004000         0x0000bfe0         xr
vectors          0x0000ffe0         0x00000020
bsl              0x00000000         0x00000000
infoc            0x00000000         0x00000000
infod            0x00000000         0x00000000
ram2             0x00000000         0x00000000         xw
usbram           0x00000000         0x00000000         xw
far_rom          0x00000000         0x00000000
*default*        0x00000000         0xffffffff

Linker script and memory map

LOAD /usr/local/bin/../lib/gcc/msp430/4.7.2/mmpy-16/crt0ivtbl16.o
                0x00002efc                _stack = _end
LOAD border-router.o
LOAD build/sky/obj/contiki-main.o
LOAD build/sky/contiki-ng-sky.a
LOAD /usr/local/bin/../lib/gcc/msp430/4.7.2/mmpy-16/libgcc.a
LOAD /usr/local/bin/../lib/gcc/msp430/4.7.2/../../../../msp430/lib/mmpy-16/libc.a
LOAD /usr/local/bin/../lib/gcc/msp430/4.7.2/mmpy-16/libgcc.a
LOAD /usr/local/bin/../lib/gcc/msp430/4.7.2/mmpy-16/libcrt0.a
                0x00000080                PROVIDE (__info_segment_size, 0x80)
                0x00001000                PROVIDE (__infob, 0x1000)
                0x00001080                PROVIDE (__infoa, 0x1080)
                0x00000000                __IE1 = 0x0
                0x00000002                __IFG1 = 0x2
                0x00000004                __ME1 = 0x4
                0x00000001                __IE2 = 0x1
                0x00000003                __IFG2 = 0x3
                0x00000005                __ME2 = 0x5
                0x00000120                __WDTCTL = 0x120
                0x00000130                __MPY = 0x130
                0x00000132                __MPYS = 0x132
                0x00000134                __MAC = 0x134
                0x00000136                __MACS = 0x136
                0x00000138                __OP2 = 0x138
                0x0000013a                __RESLO = 0x13a
                0x0000013c                __RESHI = 0x13c
                0x0000013e                __SUMEXT = 0x13e
                0x00000020                __P1IN = 0x20
                0x00000021                __P1OUT = 0x21
                0x00000022                __P1DIR = 0x22
                0x00000023                __P1IFG = 0x23
                0x00000024                __P1IES = 0x24
                0x00000025                __P1IE = 0x25
                0x00000026                __P1SEL = 0x26
                0x00000028                __P2IN = 0x28
                0x00000029                __P2OUT = 0x29
                0x0000002a                __P2DIR = 0x2a
                0x0000002b                __P2IFG = 0x2b
                0x0000002c                __P2IES = 0x2c
                0x0000002d                __P2IE = 0x2d
                0x0000002e                __P2SEL = 0x2e
                0x00000018                __P3IN = 0x18
                0x00000019                __P3OUT = 0x19
                0x0000001a                __P3DIR = 0x1a
                0x0000001b                __P3SEL = 0x1b
                0x0000001c                __P4IN = 0x1c
                0x0000001d                __P4OUT = 0x1d
                0x0000001e                __P4DIR = 0x1e
                0x0000001f                __P4SEL = 0x1f
                0x00000030                __P5IN = 0x30
                0x00000031                __P5OUT = 0x31
                0x00000032                __P5DIR = 0x32
                0x00000033                __P5SEL = 0x33
                0x00000034                __P6IN = 0x34
                0x00000035                __P6OUT = 0x35
                0x00000036                __P6DIR = 0x36
                0x00000037                __P6SEL = 0x37
                0x00000070                __U0CTL = 0x70
                0x00000071                __U0TCTL = 0x71
                0x00000072                __U0RCTL = 0x72
                0x00000073                __U0MCTL = 0x73
                0x00000074                __U0BR0 = 0x74
                0x00000075                __U0BR1 = 0x75
                0x00000076                __U0RXBUF = 0x76
                0x00000077                __U0TXBUF = 0x77
                0x00000078                __U1CTL = 0x78
                0x00000079                __U1TCTL = 0x79
                0x0000007a                __U1RCTL = 0x7a
                0x0000007b                __U1MCTL = 0x7b
                0x0000007c                __U1BR0 = 0x7c
                0x0000007d                __U1BR1 = 0x7d
                0x0000007e                __U1RXBUF = 0x7e
                0x0000007f                __U1TXBUF = 0x7f
                0x00000050                __I2CIE = 0x50
                0x00000051                __I2CIFG = 0x51
                0x00000052                __I2CNDAT = 0x52
                0x00000071                __I2CTCTL = 0x71
                0x00000072                __I2CDCTL = 0x72
                0x00000073                __I2CPSC = 0x73
                0x00000074                __I2CSCLH = 0x74
                0x00000075                __I2CSCLL = 0x75
                0x00000076                __I2CDRB = 0x76
                0x00000076                __I2CDRW = 0x76
                0x00000118                __I2COA = 0x118
                0x0000011a                __I2CSA = 0x11a
                0x0000011c                __I2CIV = 0x11c
                0x0000012e                __TAIV = 0x12e
                0x00000160                __TACTL = 0x160
                0x00000162                __TACCTL0 = 0x162
                0x00000164                __TACCTL1 = 0x164
                0x00000166                __TACCTL2 = 0x166
                0x00000170                __TAR = 0x170
                0x00000172                __TACCR0 = 0x172
                0x00000174                __TACCR1 = 0x174
                0x00000176                __TACCR2 = 0x176
                0x0000011e                __TBIV = 0x11e
                0x00000180                __TBCTL = 0x180
                0x00000182                __TBCCTL0 = 0x182
                0x00000184                __TBCCTL1 = 0x184
                0x00000186                __TBCCTL2 = 0x186
                0x00000188                __TBCCTL3 = 0x188
                0x0000018a                __TBCCTL4 = 0x18a
                0x0000018c                __TBCCTL5 = 0x18c
                0x0000018e                __TBCCTL6 = 0x18e
                0x00000190                __TBR = 0x190
                0x00000192                __TBCCR0 = 0x192
                0x00000194                __TBCCR1 = 0x194
                0x00000196                __TBCCR2 = 0x196
                0x00000198                __TBCCR3 = 0x198
                0x0000019a                __TBCCR4 = 0x19a
                0x0000019c                __TBCCR5 = 0x19c
                0x0000019e                __TBCCR6 = 0x19e
                0x00000056                __DCOCTL = 0x56
                0x00000057                __BCSCTL1 = 0x57
                0x00000058                __BCSCTL2 = 0x58
                0x00000055                __SVSCTL = 0x55
                0x00000128                __FCTL1 = 0x128
                0x0000012a                __FCTL2 = 0x12a
                0x0000012c                __FCTL3 = 0x12c
                0x00000059                __CACTL1 = 0x59
                0x0000005a                __CACTL2 = 0x5a
                0x0000005b                __CAPD = 0x5b
                0x000001a0                __ADC12CTL0 = 0x1a0
                0x000001a2                __ADC12CTL1 = 0x1a2
                0x000001a4                __ADC12IFG = 0x1a4
                0x000001a6                __ADC12IE = 0x1a6
                0x000001a8                __ADC12IV = 0x1a8
                0x00000140                __ADC12MEM0 = 0x140
                0x00000142                __ADC12MEM1 = 0x142
                0x00000144                __ADC12MEM2 = 0x144
                0x00000146                __ADC12MEM3 = 0x146
                0x00000148                __ADC12MEM4 = 0x148
                0x0000014a                __ADC12MEM5 = 0x14a
                0x0000014c                __ADC12MEM6 = 0x14c
                0x0000014e                __ADC12MEM7 = 0x14e
                0x00000150                __ADC12MEM8 = 0x150
                0x00000152                __ADC12MEM9 = 0x152
                0x00000154                __ADC12MEM10 = 0x154
                0x00000156                __ADC12MEM11 = 0x156
                0x00000158                __ADC12MEM12 = 0x158
                0x0000015a                __ADC12MEM13 = 0x15a
                0x0000015c                __ADC12MEM14 = 0x15c
                0x0000015e                __ADC12MEM15 = 0x15e
                0x00000080                __ADC12MCTL0 = 0x80
                0x00000081                __ADC12MCTL1 = 0x81
                0x00000082                __ADC12MCTL2 = 0x82
                0x00000083                __ADC12MCTL3 = 0x83
                0x00000084                __ADC12MCTL4 = 0x84
                0x00000085                __ADC12MCTL5 = 0x85
                0x00000086                __ADC12MCTL6 = 0x86
                0x00000087                __ADC12MCTL7 = 0x87
                0x00000088                __ADC12MCTL8 = 0x88
                0x00000089                __ADC12MCTL9 = 0x89
                0x0000008a                __ADC12MCTL10 = 0x8a
                0x0000008b                __ADC12MCTL11 = 0x8b
                0x0000008c                __ADC12MCTL12 = 0x8c
                0x0000008d                __ADC12MCTL13 = 0x8d
                0x0000008e                __ADC12MCTL14 = 0x8e
                0x0000008f                __ADC12MCTL15 = 0x8f
                0x000001c0                __DAC12_0CTL = 0x1c0
                0x000001c2                __DAC12_1CTL = 0x1c2
                0x000001c8                __DAC12_0DAT = 0x1c8
                0x000001ca                __DAC12_1DAT = 0x1ca
                0x00000122                __DMACTL0 = 0x122
                0x00000124                __DMACTL1 = 0x124
                0x000001e0                __DMA0CTL = 0x1e0
                0x000001e8                __DMA1CTL = 0x1e8
                0x000001f0                __DMA2CTL = 0x1f0
                0x000001e2                __DMA0SA = 0x1e2
                0x000001e4                __DMA0DA = 0x1e4
                0x000001e6                __DMA0SZ = 0x1e6
                0x000001ea                __DMA1SA = 0x1ea
                0x000001ec                __DMA1DA = 0x1ec
                0x000001ee                __DMA1SZ = 0x1ee
                0x000001f2                __DMA2SA = 0x1f2
                0x000001f4                __DMA2DA = 0x1f4
                0x000001f6                __DMA2SZ = 0x1f6

.hash
 *(.hash)

.dynsym
 *(.dynsym)

.dynstr
 *(.dynstr)

.gnu.version
 *(.gnu.version)

.gnu.version_d
 *(.gnu.version_d)

.gnu.version_r
 *(.gnu.version_r)

.rel.init
 *(.rel.init)

.rela.init
 *(.rela.init)

.rel.fini
 *(.rel.fini)

.rela.fini
 *(.rela.fini)

.rel.text
 *(.rel.text .rel.text.* .rel.gnu.linkonce.t.*)

.rela.text
 *(.rela.text .rela.text.* .rela.gnu.linkonce.t.*)

.rel.rodata
 *(.rel.rodata .rel.rodata.* .rel.gnu.linkonce.r.*)

.rela.rodata
 *(.rela.rodata .rela.rodata.* .rela.gnu.linkonce.r.*)

.rel.data
 *(.rel.data .rel.data.* .rel.gnu.linkonce.d.*)

.rela.data
 *(.rela.data .rela.data.* .rela.gnu.linkonce.d.*)

.rel.bss
 *(.rel.bss .rel.bss.* .rel.gnu.linkonce.b.*)

.rela.bss
 *(.rela.bss .rela.bss.* .rela.gnu.linkonce.b.*)

.rel.ctors
 *(.rel.ctors)

.rela.ctors
 *(.rela.ctors)

.rel.dtors
 *(.rel.dtors)

.rela.dtors
 *(.rela.dtors)

.rel.got
 *(.rel.got)

.rela.got
 *(.rela.got)

.rel.plt
 *(.rel.plt)

.rela.plt
 *(.rela.plt)

.text           0x00004000     0xaa4c
                0x00004000                . = ALIGN (0x2)
 *(.init .init.*)
 *(.init0)
 .init0         0x00004000        0x0 /usr/local/bin/../lib/gcc/msp430/4.7.2/mmpy-16/libcrt0.a(_reset_vector__.o)
                0x00004000                _reset_vector__
 *(.init1)
 .init1         0x00004000        0xc /usr/local/bin/../lib/gcc/msp430/4.7.2/mmpy-16/libcrt0.a(__watchdog_support.o)
                0x00004000                __watchdog_support
 *(.init2)
 .init2         0x0000400c        0x4 /usr/local/bin/../lib/gcc/msp430/4.7.2/mmpy-16/libcrt0.a(__init_stack.o)
                0x0000400c                __init_stack
 *(.init3)
 .init3         0x00004010        0x0 /usr/local/bin/../lib/gcc/msp430/4.7.2/mmpy-16/libcrt0.a(__low_level_init.o)
                0x00004010                __low_level_init
 *(.init4)
 .init4         0x00004010       0x18 /usr/local/bin/../lib/gcc/msp430/4.7.2/mmpy-16/libcrt0.a(_copy_data.o)
                0x00004010                __do_copy_data
 .init4         0x00004028       0x16 /usr/local/bin/../lib/gcc/msp430/4.7.2/mmpy-16/libcrt0.a(_clear_bss.o)
                0x00004028                __do_clear_bss
 *(.init5)
 *(.init6)
 *(.init7)
 *(.init8)
 *(.init9)
 .init9         0x0000403e      0x232 build/sky/obj/contiki-main.o
                0x0000403e                main
 *(.fini9)
 .fini9         0x00004270        0x0 /usr/local/bin/../lib/gcc/msp430/4.7.2/mmpy-16/libcrt0.a(__stop_progExec__.o)
                0x00004270                __stop_progExec__
 *(.fini8)
 *(.fini7)
 *(.fini6)
 *(.fini5)
 *(.fini4)
 *(.fini3)
 *(.fini2)
 *(.fini1)
 *(.fini0)
 .fini0         0x00004270        0x6 /usr/local/bin/../lib/gcc/msp430/4.7.2/mmpy-16/libcrt0.a(_endless_loop__.o)
                0x00004270                _endless_loop__
 *(.fini .fini.*)
                0x00004276                . = ALIGN (0x2)
                0x00004276                __ctors_start = .
 *(.ctors)
                0x00004276                __ctors_end = .
                0x00004276                __dtors_start = .
 *(.dtors)
                0x00004276                __dtors_end = .
                0x00004276                . = ALIGN (0x2)
 *(.text .text.* .gnu.linkonce.t.*)
 .text          0x00004276        0x4 /usr/local/bin/../lib/gcc/msp430/4.7.2/mmpy-16/crt0ivtbl16.o
                0x00004276                __isr_14
                0x00004276                __isr_11
                0x00004276                __isr_2
                0x00004276                __isr_7
                0x00004276                __isr_0
                0x00004276                __isr_8
                0x00004276                __isr_3
                0x00004276                __isr_12
                0x00004276                __isr_13
                0x00004276                __isr_9
 .text.process_thread_contiki_ng_br
                0x0000427a       0x2e border-router.o
 .text.udp_callback
                0x000042a8      0x17a border-router.o
 .text.putchar  0x00004422       0x3c build/sky/contiki-ng-sky.a(uart1-putchar.o)
                0x00004422                putchar
 .text.platform_init_stage_one
                0x0000445e       0x12 build/sky/contiki-ng-sky.a(platform.o)
                0x0000445e                platform_init_stage_one
 .text.platform_init_stage_two
                0x00004470       0x64 build/sky/contiki-ng-sky.a(platform.o)
                0x00004470                platform_init_stage_two
 .text.platform_init_stage_three
                0x000044d4       0x7a build/sky/contiki-ng-sky.a(platform.o)
                0x000044d4                platform_init_stage_three
 .text.platform_idle
                0x0000454e       0x54 build/sky/contiki-ng-sky.a(platform.o)
                0x0000454e                platform_idle
 .text.msp430_init_dco
                0x000045a2       0x82 build/sky/contiki-ng-sky.a(msp430.o)
                0x000045a2                msp430_init_dco
 .text.msp430_add_lpm_req
                0x00004624        0xc build/sky/contiki-ng-sky.a(msp430.o)
                0x00004624                msp430_add_lpm_req
 .text.msp430_cpu_init
                0x00004630       0x2a build/sky/contiki-ng-sky.a(msp430.o)
                0x00004630                msp430_cpu_init
 .text.splhigh_
                0x0000465a        0x8 build/sky/contiki-ng-sky.a(msp430.o)
                0x0000465a                splhigh_
 .text.msp430_sync_dco
                0x00004662       0x6c build/sky/contiki-ng-sky.a(msp430.o)
                0x00004662                msp430_sync_dco
 .text.timera1  0x000046ce       0xdc build/sky/contiki-ng-sky.a(clock.o)
                0x000046ce                __isr_5
                0x000046ce                timera1
 .text.clock_time
                0x000047aa       0x1a build/sky/contiki-ng-sky.a(clock.o)
                0x000047aa                clock_time
 .text.clock_init
                0x000047c4       0x28 build/sky/contiki-ng-sky.a(clock.o)
                0x000047c4                clock_init
 .text.clock_delay
                0x000047ec        0xc build/sky/contiki-ng-sky.a(clock.o)
                0x000047ec                clock_delay
 .text.clock_seconds
                0x000047f8       0x1a build/sky/contiki-ng-sky.a(clock.o)
                0x000047f8                clock_seconds
 .text.leds_init
                0x00004812        0x6 build/sky/contiki-ng-sky.a(leds.o)
                0x00004812                leds_init
 .text.leds_on  0x00004818       0x12 build/sky/contiki-ng-sky.a(leds.o)
                0x00004818                leds_on
 .text.leds_off
                0x0000482a       0x12 build/sky/contiki-ng-sky.a(leds.o)
                0x0000482a                leds_off
 .text.leds_arch_init
                0x0000483c        0xe build/sky/contiki-ng-sky.a(leds-arch.o)
                0x0000483c                leds_arch_init
 .text.leds_arch_get
                0x0000484a       0x34 build/sky/contiki-ng-sky.a(leds-arch.o)
                0x0000484a                leds_arch_get
 .text.leds_arch_set
                0x0000487e       0x3e build/sky/contiki-ng-sky.a(leds-arch.o)
                0x0000487e                leds_arch_set
 .text.watchdog_interrupt
                0x000048bc        0x6 build/sky/contiki-ng-sky.a(watchdog.o)
                0x000048bc                __isr_10
                0x000048bc                watchdog_interrupt
 .text.watchdog_start
                0x000048c2       0x14 build/sky/contiki-ng-sky.a(watchdog.o)
                0x000048c2                watchdog_start
 .text.watchdog_periodic
                0x000048d6       0x12 build/sky/contiki-ng-sky.a(watchdog.o)
                0x000048d6                watchdog_periodic
 .text.watchdog_stop
                0x000048e8       0x16 build/sky/contiki-ng-sky.a(watchdog.o)
                0x000048e8                watchdog_stop
 .text.watchdog_init
                0x000048fe       0x12 build/sky/contiki-ng-sky.a(watchdog.o)
                0x000048fe                watchdog_init
 .text.print_local_addresses
                0x00004910       0x8e build/sky/contiki-ng-sky.a(rpl-border-rout)
                0x00004910                print_local_addresses
 .text.set_prefix_64
                0x0000499e       0x16 build/sky/contiki-ng-sky.a(rpl-border-rout)
                0x0000499e                set_prefix_64
 .text.rpl_border_router_init
                0x000049b4        0xc build/sky/contiki-ng-sky.a(rpl-border-rout)
                0x000049b4                rpl_border_router_init
 .text.autostart_start
                0x000049c0       0x16 build/sky/contiki-ng-sky.a(autostart.o)
                0x000049c0                autostart_start
 .text.process_thread_ctimer_process
                0x000049d6       0xa8 build/sky/contiki-ng-sky.a(ctimer.o)
 .text.ctimer_init
                0x00004a7e       0x18 build/sky/contiki-ng-sky.a(ctimer.o)
                0x00004a7e                ctimer_init
 .text.ctimer_set_with_process
                0x00004a96       0x4e build/sky/contiki-ng-sky.a(ctimer.o)
                0x00004a96                ctimer_set_with_process
 .text.ctimer_set
                0x00004ae4       0x10 build/sky/contiki-ng-sky.a(ctimer.o)
                0x00004ae4                ctimer_set
 .text.ctimer_reset
                0x00004af4       0x30 build/sky/contiki-ng-sky.a(ctimer.o)
                0x00004af4                ctimer_reset
 .text.ctimer_stop
                0x00004b24       0x28 build/sky/contiki-ng-sky.a(ctimer.o)
                0x00004b24                ctimer_stop
 .text.ctimer_expired
                0x00004b4c       0x30 build/sky/contiki-ng-sky.a(ctimer.o)
                0x00004b4c                ctimer_expired
 .text.log_6addr
                0x00004b7c       0x32 build/sky/contiki-ng-sky.a(log.o)
                0x00004b7c                log_6addr
 .text.log_lladdr
                0x00004bae       0x44 build/sky/contiki-ng-sky.a(log.o)
                0x00004bae                log_lladdr
 .text.energest_init
                0x00004bf2        0x2 build/sky/contiki-ng-sky.a(energest.o)
                0x00004bf2                energest_init
 .text.energest_flush
                0x00004bf4        0x2 build/sky/contiki-ng-sky.a(energest.o)
                0x00004bf4                energest_flush
 .text.update_time
                0x00004bf6       0x78 build/sky/contiki-ng-sky.a(etimer.o)
 .text.etimer_request_poll
                0x00004c6e        0xa build/sky/contiki-ng-sky.a(etimer.o)
                0x00004c6e                etimer_request_poll
 .text.process_thread_etimer_process
                0x00004c78       0xcc build/sky/contiki-ng-sky.a(etimer.o)
 .text.add_timer
                0x00004d44       0x40 build/sky/contiki-ng-sky.a(etimer.o)
 .text.etimer_set
                0x00004d84       0x12 build/sky/contiki-ng-sky.a(etimer.o)
                0x00004d84                etimer_set
 .text.etimer_reset
                0x00004d96       0x12 build/sky/contiki-ng-sky.a(etimer.o)
                0x00004d96                etimer_reset
 .text.etimer_expired
                0x00004da8        0xe build/sky/contiki-ng-sky.a(etimer.o)
                0x00004da8                etimer_expired
 .text.etimer_pending
                0x00004db6        0xc build/sky/contiki-ng-sky.a(etimer.o)
                0x00004db6                etimer_pending
 .text.etimer_next_expiration_time
                0x00004dc2       0x16 build/sky/contiki-ng-sky.a(etimer.o)
                0x00004dc2                etimer_next_expiration_time
 .text.etimer_stop
                0x00004dd8       0x3e build/sky/contiki-ng-sky.a(etimer.o)
                0x00004dd8                etimer_stop
 .text.node_id_init
                0x00004e16       0x14 build/sky/contiki-ng-sky.a(node-id.o)
                0x00004e16                node_id_init
 .text.call_process
                0x00004e2a       0x46 build/sky/contiki-ng-sky.a(process.o)
 .text.exit_process
                0x00004e70       0x96 build/sky/contiki-ng-sky.a(process.o)
 .text.do_poll  0x00004f06       0x30 build/sky/contiki-ng-sky.a(process.o)
 .text.process_alloc_event
                0x00004f36        0xe build/sky/contiki-ng-sky.a(process.o)
                0x00004f36                process_alloc_event
 .text.process_init
                0x00004f44       0x18 build/sky/contiki-ng-sky.a(process.o)
                0x00004f44                process_init
 .text.process_run
                0x00004f5c       0x92 build/sky/contiki-ng-sky.a(process.o)
                0x00004f5c                process_run
 .text.process_nevents
                0x00004fee        0xe build/sky/contiki-ng-sky.a(process.o)
                0x00004fee                process_nevents
 .text.process_post
                0x00004ffc       0x42 build/sky/contiki-ng-sky.a(process.o)
                0x00004ffc                process_post
 .text.process_post_synch
                0x0000503e       0x12 build/sky/contiki-ng-sky.a(process.o)
                0x0000503e                process_post_synch
 .text.process_start
                0x00005050       0x36 build/sky/contiki-ng-sky.a(process.o)
                0x00005050                process_start
 .text.process_poll
                0x00005086       0x18 build/sky/contiki-ng-sky.a(process.o)
                0x00005086                process_poll
 .text.rtimer_init
                0x0000509e        0x6 build/sky/contiki-ng-sky.a(rtimer.o)
                0x0000509e                rtimer_init
 .text.rtimer_run_next
                0x000050a4       0x26 build/sky/contiki-ng-sky.a(rtimer.o)
                0x000050a4                rtimer_run_next
 .text.timer_set
                0x000050ca       0x1c build/sky/contiki-ng-sky.a(timer.o)
                0x000050ca                timer_set
 .text.timer_expired
                0x000050e6       0x2a build/sky/contiki-ng-sky.a(timer.o)
                0x000050e6                timer_expired
 .text.timer_reset
                0x00005110       0x1c build/sky/contiki-ng-sky.a(timer.o)
                0x00005110                timer_reset
 .text.list_init
                0x0000512c        0x6 build/sky/contiki-ng-sky.a(list.o)
                0x0000512c                list_init
 .text.list_head
                0x00005132        0x4 build/sky/contiki-ng-sky.a(list.o)
                0x00005132                list_head
 .text.list_tail
                0x00005136       0x12 build/sky/contiki-ng-sky.a(list.o)
                0x00005136                list_tail
 .text.list_remove
                0x00005148       0x34 build/sky/contiki-ng-sky.a(list.o)
                0x00005148                list_remove
 .text.list_push
                0x0000517c       0x1a build/sky/contiki-ng-sky.a(list.o)
                0x0000517c                list_push
 .text.list_add
                0x00005196       0x2a build/sky/contiki-ng-sky.a(list.o)
                0x00005196                list_add
 .text.list_length
                0x000051c0       0x10 build/sky/contiki-ng-sky.a(list.o)
                0x000051c0                list_length
 .text.list_item_next
                0x000051d0        0xc build/sky/contiki-ng-sky.a(list.o)
                0x000051d0                list_item_next
 .text.random_init
                0x000051dc        0x6 build/sky/contiki-ng-sky.a(random.o)
                0x000051dc                random_init
 .text.random_rand
                0x000051e2        0x6 build/sky/contiki-ng-sky.a(random.o)
                0x000051e2                random_rand
 .text.queuebuf_init
                0x000051e8       0x12 build/sky/contiki-ng-sky.a(queuebuf.o)
                0x000051e8                queuebuf_init
 .text.queuebuf_numfree
                0x000051fa        0xa build/sky/contiki-ng-sky.a(queuebuf.o)
                0x000051fa                queuebuf_numfree
 .text.queuebuf_new_from_packetbuf
                0x00005204       0x52 build/sky/contiki-ng-sky.a(queuebuf.o)
                0x00005204                queuebuf_new_from_packetbuf
 .text.queuebuf_update_attr_from_packetbuf
                0x00005256       0x12 build/sky/contiki-ng-sky.a(queuebuf.o)
                0x00005256                queuebuf_update_attr_from_packetbuf
 .text.queuebuf_free
                0x00005268       0x2a build/sky/contiki-ng-sky.a(queuebuf.o)
                0x00005268                queuebuf_free
 .text.queuebuf_to_packetbuf
                0x00005292       0x32 build/sky/contiki-ng-sky.a(queuebuf.o)
                0x00005292                queuebuf_to_packetbuf
 .text.packetbuf_hdrreduce
                0x000052c4       0x1a build/sky/contiki-ng-sky.a(packetbuf.o)
                0x000052c4                packetbuf_hdrreduce
 .text.packetbuf_set_datalen
                0x000052de        0x6 build/sky/contiki-ng-sky.a(packetbuf.o)
                0x000052de                packetbuf_set_datalen
 .text.packetbuf_hdrptr
                0x000052e4        0x6 build/sky/contiki-ng-sky.a(packetbuf.o)
                0x000052e4                packetbuf_hdrptr
 .text.packetbuf_datalen
                0x000052ea        0x6 build/sky/contiki-ng-sky.a(packetbuf.o)
                0x000052ea                packetbuf_datalen
 .text.packetbuf_hdrlen
                0x000052f0        0xa build/sky/contiki-ng-sky.a(packetbuf.o)
                0x000052f0                packetbuf_hdrlen
 .text.packetbuf_dataptr
                0x000052fa        0xc build/sky/contiki-ng-sky.a(packetbuf.o)
                0x000052fa                packetbuf_dataptr
 .text.packetbuf_copyto
                0x00005306       0x46 build/sky/contiki-ng-sky.a(packetbuf.o)
                0x00005306                packetbuf_copyto
 .text.packetbuf_totlen
                0x0000534c        0xc build/sky/contiki-ng-sky.a(packetbuf.o)
                0x0000534c                packetbuf_totlen
 .text.packetbuf_hdralloc
                0x00005358       0x3c build/sky/contiki-ng-sky.a(packetbuf.o)
                0x00005358                packetbuf_hdralloc
 .text.packetbuf_attr_clear
                0x00005394       0x28 build/sky/contiki-ng-sky.a(packetbuf.o)
                0x00005394                packetbuf_attr_clear
 .text.packetbuf_clear
                0x000053bc       0x12 build/sky/contiki-ng-sky.a(packetbuf.o)
                0x000053bc                packetbuf_clear
 .text.packetbuf_copyfrom
                0x000053ce       0x2e build/sky/contiki-ng-sky.a(packetbuf.o)
                0x000053ce                packetbuf_copyfrom
 .text.packetbuf_attr_copyto
                0x000053fc       0x22 build/sky/contiki-ng-sky.a(packetbuf.o)
                0x000053fc                packetbuf_attr_copyto
 .text.packetbuf_attr_copyfrom
                0x0000541e       0x24 build/sky/contiki-ng-sky.a(packetbuf.o)
                0x0000541e                packetbuf_attr_copyfrom
 .text.packetbuf_set_attr
                0x00005442        0xc build/sky/contiki-ng-sky.a(packetbuf.o)
                0x00005442                packetbuf_set_attr
 .text.packetbuf_attr
                0x0000544e        0xa build/sky/contiki-ng-sky.a(packetbuf.o)
                0x0000544e                packetbuf_attr
 .text.packetbuf_set_addr
                0x00005458       0x18 build/sky/contiki-ng-sky.a(packetbuf.o)
                0x00005458                packetbuf_set_addr
 .text.packetbuf_addr
                0x00005470       0x12 build/sky/contiki-ng-sky.a(packetbuf.o)
                0x00005470                packetbuf_addr
 .text.packetbuf_holds_broadcast
                0x00005482        0xe build/sky/contiki-ng-sky.a(packetbuf.o)
                0x00005482                packetbuf_holds_broadcast
 .text.netstack_process_ip_callback
                0x00005490       0x4e build/sky/contiki-ng-sky.a(netstack.o)
                0x00005490                netstack_process_ip_callback
 .text.netstack_init
                0x000054de        0xe build/sky/contiki-ng-sky.a(netstack.o)
                0x000054de                netstack_init
 .text.linkaddr_copy
                0x000054ec        0x8 build/sky/contiki-ng-sky.a(linkaddr.o)
                0x000054ec                linkaddr_copy
 .text.linkaddr_cmp
                0x000054f4       0x12 build/sky/contiki-ng-sky.a(linkaddr.o)
                0x000054f4                linkaddr_cmp
 .text.linkaddr_set_node_addr
                0x00005506        0xc build/sky/contiki-ng-sky.a(linkaddr.o)
                0x00005506                linkaddr_set_node_addr
 .text.on       0x00005512        0x6 build/sky/contiki-ng-sky.a(csma.o)
 .text.off      0x00005518        0x6 build/sky/contiki-ng-sky.a(csma.o)
 .text.max_payload
                0x0000551e       0x38 build/sky/contiki-ng-sky.a(csma.o)
 .text.send_packet
                0x00005556        0x6 build/sky/contiki-ng-sky.a(csma.o)
 .text.init     0x0000555c       0x1c build/sky/contiki-ng-sky.a(csma.o)
 .text.input_packet
                0x00005578       0x58 build/sky/contiki-ng-sky.a(csma.o)
 .text.schedule_transmission
                0x000055d0       0x70 build/sky/contiki-ng-sky.a(csma-output.o)
 .text.tx_done  0x00005640       0x9a build/sky/contiki-ng-sky.a(csma-output.o)
 .text.transmit_from_queue
                0x000056da      0x1bc build/sky/contiki-ng-sky.a(csma-output.o)
 .text.csma_output_packet
                0x00005896      0x184 build/sky/contiki-ng-sky.a(csma-output.o)
                0x00005896                csma_output_packet
 .text.csma_output_init
                0x00005a1a       0x1a build/sky/contiki-ng-sky.a(csma-output.o)
                0x00005a1a                csma_output_init
 .text.uip_ds6_default_prefix
                0x00005a34        0x6 build/sky/contiki-ng-sky.a(uip-ds6.o)
                0x00005a34                uip_ds6_default_prefix
 .text.uip_ds6_list_loop
                0x00005a3a       0x92 build/sky/contiki-ng-sky.a(uip-ds6.o)
                0x00005a3a                uip_ds6_list_loop
 .text.uip_ds6_prefix_add
                0x00005acc       0x80 build/sky/contiki-ng-sky.a(uip-ds6.o)
                0x00005acc                uip_ds6_prefix_add
 .text.uip_ds6_is_addr_onlink
                0x00005b4c       0x54 build/sky/contiki-ng-sky.a(uip-ds6.o)
                0x00005b4c                uip_ds6_is_addr_onlink
 .text.uip_ds6_addr_lookup
                0x00005ba0       0x2a build/sky/contiki-ng-sky.a(uip-ds6.o)
                0x00005ba0                uip_ds6_addr_lookup
 .text.uip_ds6_get_link_local
                0x00005bca       0x3e build/sky/contiki-ng-sky.a(uip-ds6.o)
                0x00005bca                uip_ds6_get_link_local
 .text.uip_ds6_maddr_add
                0x00005c08       0x4c build/sky/contiki-ng-sky.a(uip-ds6.o)
                0x00005c08                uip_ds6_maddr_add
 .text.uip_ds6_addr_add
                0x00005c54       0xc4 build/sky/contiki-ng-sky.a(uip-ds6.o)
                0x00005c54                uip_ds6_addr_add
 .text.uip_ds6_maddr_rm
                0x00005d18        0xa build/sky/contiki-ng-sky.a(uip-ds6.o)
                0x00005d18                uip_ds6_maddr_rm
 .text.uip_ds6_maddr_lookup
                0x00005d22       0x2a build/sky/contiki-ng-sky.a(uip-ds6.o)
                0x00005d22                uip_ds6_maddr_lookup
 .text.uip_ds6_addr_rm
                0x00005d4c       0x54 build/sky/contiki-ng-sky.a(uip-ds6.o)
                0x00005d4c                uip_ds6_addr_rm
 .text.uip_ds6_periodic
                0x00005da0       0x46 build/sky/contiki-ng-sky.a(uip-ds6.o)
                0x00005da0                uip_ds6_periodic
 .text.uip_ds6_set_addr_iid
                0x00005de6       0x14 build/sky/contiki-ng-sky.a(uip-ds6.o)
                0x00005de6                uip_ds6_set_addr_iid
 .text.uip_ds6_set_lladdr_from_iid
                0x00005dfa       0x14 build/sky/contiki-ng-sky.a(uip-ds6.o)
                0x00005dfa                uip_ds6_set_lladdr_from_iid
 .text.get_match_length
                0x00005e0e       0x44 build/sky/contiki-ng-sky.a(uip-ds6.o)
                0x00005e0e                get_match_length
 .text.uip_ds6_select_src
                0x00005e52       0xaa build/sky/contiki-ng-sky.a(uip-ds6.o)
                0x00005e52                uip_ds6_select_src
 .text.uip_ds6_compute_reachable_time
                0x00005efc       0x3e build/sky/contiki-ng-sky.a(uip-ds6.o)
                0x00005efc                uip_ds6_compute_reachable_time
 .text.uip_ds6_init
                0x00005f3a      0x164 build/sky/contiki-ng-sky.a(uip-ds6.o)
                0x00005f3a                uip_ds6_init
 .text.uip_ds6_route_init
                0x0000609e       0x12 build/sky/contiki-ng-sky.a(uip-ds6-route.o)
                0x0000609e                uip_ds6_route_init
 .text.uip_ds6_route_nexthop
                0x000060b0        0x4 build/sky/contiki-ng-sky.a(uip-ds6-route.o)
                0x000060b0                uip_ds6_route_nexthop
 .text.uip_ds6_route_lookup
                0x000060b4        0x4 build/sky/contiki-ng-sky.a(uip-ds6-route.o)
                0x000060b4                uip_ds6_route_lookup
 .text.uip_ds6_route_rm
                0x000060b8        0x2 build/sky/contiki-ng-sky.a(uip-ds6-route.o)
                0x000060b8                uip_ds6_route_rm
 .text.uip_ds6_defrt_rm
                0x000060ba       0x3c build/sky/contiki-ng-sky.a(uip-ds6-route.o)
                0x000060ba                uip_ds6_defrt_rm
 .text.uip_ds6_defrt_lookup
                0x000060f6       0x40 build/sky/contiki-ng-sky.a(uip-ds6-route.o)
                0x000060f6                uip_ds6_defrt_lookup
 .text.uip_ds6_defrt_add
                0x00006136       0x72 build/sky/contiki-ng-sky.a(uip-ds6-route.o)
                0x00006136                uip_ds6_defrt_add
 .text.uip_ds6_defrt_choose
                0x000061a8       0x3a build/sky/contiki-ng-sky.a(uip-ds6-route.o)
                0x000061a8                uip_ds6_defrt_choose
 .text.uip_ds6_defrt_periodic
                0x000061e2       0x38 build/sky/contiki-ng-sky.a(uip-ds6-route.o)
                0x000061e2                uip_ds6_defrt_periodic
 .text.uip_ds6_nbr_rm
                0x0000621a       0x1e build/sky/contiki-ng-sky.a(uip-ds6-nbr.o)
                0x0000621a                uip_ds6_nbr_rm
 .text.uip_ds6_neighbors_init
                0x00006238       0x12 build/sky/contiki-ng-sky.a(uip-ds6-nbr.o)
                0x00006238                uip_ds6_neighbors_init
 .text.uip_ds6_nbr_add
                0x0000624a       0x3e build/sky/contiki-ng-sky.a(uip-ds6-nbr.o)
                0x0000624a                uip_ds6_nbr_add
 .text.uip_ds6_nbr_get_ll
                0x00006288        0xc build/sky/contiki-ng-sky.a(uip-ds6-nbr.o)
                0x00006288                uip_ds6_nbr_get_ll
 .text.uip_ds6_nbr_head
                0x00006294        0xa build/sky/contiki-ng-sky.a(uip-ds6-nbr.o)
                0x00006294                uip_ds6_nbr_head
 .text.uip_ds6_nbr_next
                0x0000629e        0xc build/sky/contiki-ng-sky.a(uip-ds6-nbr.o)
                0x0000629e                uip_ds6_nbr_next
 .text.uip_ds6_nbr_lookup
                0x000062aa       0x3a build/sky/contiki-ng-sky.a(uip-ds6-nbr.o)
                0x000062aa                uip_ds6_nbr_lookup
 .text.uip_ds6_nbr_ll_lookup
                0x000062e4        0xc build/sky/contiki-ng-sky.a(uip-ds6-nbr.o)
                0x000062e4                uip_ds6_nbr_ll_lookup
 .text.uip_ds6_nbr_update_ll
                0x000062f0       0x76 build/sky/contiki-ng-sky.a(uip-ds6-nbr.o)
                0x000062f0                uip_ds6_nbr_update_ll
 .text.uip_ds6_nbr_ipaddr_from_lladdr
                0x00006366        0x6 build/sky/contiki-ng-sky.a(uip-ds6-nbr.o)
                0x00006366                uip_ds6_nbr_ipaddr_from_lladdr
 .text.uip_ds6_nbr_lladdr_from_ipaddr
                0x0000636c       0x12 build/sky/contiki-ng-sky.a(uip-ds6-nbr.o)
                0x0000636c                uip_ds6_nbr_lladdr_from_ipaddr
 .text.uip_ds6_link_callback
                0x0000637e        0x2 build/sky/contiki-ng-sky.a(uip-ds6-nbr.o)
                0x0000637e                uip_ds6_link_callback
 .text.tcpip_output
                0x00006380       0x22 build/sky/contiki-ng-sky.a(tcpip.o)
                0x00006380                tcpip_output
 .text.udp_new  0x000063a2       0x1a build/sky/contiki-ng-sky.a(tcpip.o)
                0x000063a2                udp_new
 .text.tcpip_input
                0x000063bc       0x1e build/sky/contiki-ng-sky.a(tcpip.o)
                0x000063bc                tcpip_input
 .text.tcpip_ipv6_output
                0x000063da      0x13c build/sky/contiki-ng-sky.a(tcpip.o)
                0x000063da                tcpip_ipv6_output
 .text.packet_input.part.3
                0x00006516       0x12 build/sky/contiki-ng-sky.a(tcpip.o)
 .text.process_thread_tcpip_process
                0x00006528       0xd0 build/sky/contiki-ng-sky.a(tcpip.o)
 .text.tcpip_uipcall
                0x000065f8       0x2a build/sky/contiki-ng-sky.a(tcpip.o)
                0x000065f8                tcpip_uipcall
 .text.chksum   0x00006622       0x32 build/sky/contiki-ng-sky.a(uip6.o)
 .text.upper_layer_chksum
                0x00006654       0x58 build/sky/contiki-ng-sky.a(uip6.o)
 .text.ext_hdr_options_process
                0x000066ac       0xa4 build/sky/contiki-ng-sky.a(uip6.o)
 .text.uip_check_mtu
                0x00006750       0x1e build/sky/contiki-ng-sky.a(uip6.o)
 .text.uip_update_ttl
                0x0000676e       0x24 build/sky/contiki-ng-sky.a(uip6.o)
 .text.uip_icmp6chksum
                0x00006792        0xa build/sky/contiki-ng-sky.a(uip6.o)
                0x00006792                uip_icmp6chksum
 .text.uip_udpchksum
                0x0000679c        0xa build/sky/contiki-ng-sky.a(uip6.o)
                0x0000679c                uip_udpchksum
 .text.uip_init
                0x000067a6       0x3c build/sky/contiki-ng-sky.a(uip6.o)
                0x000067a6                uip_init
 .text.uip_remove_ext_hdr
                0x000067e2       0x5e build/sky/contiki-ng-sky.a(uip6.o)
                0x000067e2                uip_remove_ext_hdr
 .text.uip_udp_new
                0x00006840       0xac build/sky/contiki-ng-sky.a(uip6.o)
                0x00006840                uip_udp_new
 .text.uip_process
                0x000068ec      0x4be build/sky/contiki-ng-sky.a(uip6.o)
                0x000068ec                uip_process
 .text.uip_htonl
                0x00006daa       0x2e build/sky/contiki-ng-sky.a(uip6.o)
                0x00006daa                uip_htonl
 .text.ns_input
                0x00006dd8      0x286 build/sky/contiki-ng-sky.a(uip-nd6.o)
 .text.uip_nd6_init
                0x0000705e        0xa build/sky/contiki-ng-sky.a(uip-nd6.o)
                0x0000705e                uip_nd6_init
 .text.process_thread_simple_udp_process
                0x00007068       0xb8 build/sky/contiki-ng-sky.a(simple-udp.o)
 .text.simple_udp_sendto
                0x00007120       0x2c build/sky/contiki-ng-sky.a(simple-udp.o)
                0x00007120                simple_udp_sendto
 .text.simple_udp_register
                0x0000714c       0x96 build/sky/contiki-ng-sky.a(simple-udp.o)
                0x0000714c                simple_udp_register
 .text.clear_fragments
                0x000071e2       0x40 build/sky/contiki-ng-sky.a(sicslowpan.o)
 .text.addr_context_lookup_by_number
                0x00007222       0x16 build/sky/contiki-ng-sky.a(sicslowpan.o)
 .text.sicslowpan_init
                0x00007238       0x18 build/sky/contiki-ng-sky.a(sicslowpan.o)
                0x00007238                sicslowpan_init
 .text.set_packet_attrs
                0x00007250       0x66 build/sky/contiki-ng-sky.a(sicslowpan.o)
 .text.compress_addr_64
                0x000072b6       0xae build/sky/contiki-ng-sky.a(sicslowpan.o)
 .text.addr_context_lookup_by_prefix
                0x00007364       0x20 build/sky/contiki-ng-sky.a(sicslowpan.o)
 .text.send_packet
                0x00007384       0x1a build/sky/contiki-ng-sky.a(sicslowpan.o)
 .text.fragment_copy_payload_and_send
                0x0000739e       0x66 build/sky/contiki-ng-sky.a(sicslowpan.o)
 .text.output   0x00007404      0x7c6 build/sky/contiki-ng-sky.a(sicslowpan.o)
 .text.packet_sent
                0x00007bca       0x56 build/sky/contiki-ng-sky.a(sicslowpan.o)
 .text.store_fragment
                0x00007c20       0xb4 build/sky/contiki-ng-sky.a(sicslowpan.o)
 .text.add_fragment
                0x00007cd4      0x1fc build/sky/contiki-ng-sky.a(sicslowpan.o)
 .text.uncompress_addr
                0x00007ed0       0xb4 build/sky/contiki-ng-sky.a(sicslowpan.o)
 .text.input    0x00007f84      0x8b0 build/sky/contiki-ng-sky.a(sicslowpan.o)
 .text.uiplib_ipaddr_snprint
                0x00008834      0x12c build/sky/contiki-ng-sky.a(uiplib.o)
                0x00008834                uiplib_ipaddr_snprint
 .text.rpl_has_joined
                0x00008960       0x12 build/sky/contiki-ng-sky.a(rpl.o)
                0x00008960                rpl_has_joined
 .text.rpl_is_reachable
                0x00008972       0x12 build/sky/contiki-ng-sky.a(rpl.o)
                0x00008972                rpl_is_reachable
 .text.neighbor_state_changed
                0x00008984        0x2 build/sky/contiki-ng-sky.a(rpl.o)
 .text.drop_route
                0x00008986        0x2 build/sky/contiki-ng-sky.a(rpl.o)
 .text.rpl_get_leaf_only
                0x00008988        0x6 build/sky/contiki-ng-sky.a(rpl.o)
                0x00008988                rpl_get_leaf_only
 .text.get_sr_node_ipaddr
                0x0000898e       0x34 build/sky/contiki-ng-sky.a(rpl.o)
 .text.init     0x000089c2       0x42 build/sky/contiki-ng-sky.a(rpl.o)
 .text.set_ip_from_prefix
                0x00008a04       0x38 build/sky/contiki-ng-sky.a(rpl.o)
 .text.rpl_link_callback
                0x00008a3c       0x1e build/sky/contiki-ng-sky.a(rpl.o)
                0x00008a3c                rpl_link_callback
 .text.rpl_lollipop_greater_than
                0x00008a5a       0x3c build/sky/contiki-ng-sky.a(rpl.o)
                0x00008a5a                rpl_lollipop_greater_than
 .text.rpl_get_global_address
                0x00008a96       0xbe build/sky/contiki-ng-sky.a(rpl.o)
                0x00008a96                rpl_get_global_address
 .text.rpl_reset_prefix
                0x00008b54       0x24 build/sky/contiki-ng-sky.a(rpl.o)
                0x00008b54                rpl_reset_prefix
 .text.rpl_set_prefix_from_addr
                0x00008b78       0x92 build/sky/contiki-ng-sky.a(rpl.o)
                0x00008b78                rpl_set_prefix_from_addr
 .text.rpl_dag_root_set_prefix
                0x00008c0a       0x62 build/sky/contiki-ng-sky.a(rpl-dag-root.o)
                0x00008c0a                rpl_dag_root_set_prefix
 .text.rpl_dag_root_start
                0x00008c6c       0x8e build/sky/contiki-ng-sky.a(rpl-dag-root.o)
                0x00008c6c                rpl_dag_root_start
 .text.rpl_dag_root_is_root
                0x00008cfa       0x14 build/sky/contiki-ng-sky.a(rpl-dag-root.o)
                0x00008cfa                rpl_dag_root_is_root
 .text.output   0x00008d0e       0x1c build/sky/contiki-ng-sky.a(slip-bridge.o)
 .text.init     0x00008d2a       0x18 build/sky/contiki-ng-sky.a(slip-bridge.o)
 .text.slip_input_callback
                0x00008d42       0xb2 build/sky/contiki-ng-sky.a(slip-bridge.o)
 .text.request_prefix
                0x00008df4       0x20 build/sky/contiki-ng-sky.a(slip-bridge.o)
                0x00008df4                request_prefix
 .text.process_thread_border_router_process
                0x00008e14      0x10e build/sky/contiki-ng-sky.a(border-router-e)
 .text.init_platform
                0x00008f22        0xc build/sky/contiki-ng-sky.a(contiki-sky-pla)
                0x00008f22                init_platform
 .text.status   0x00008f2e       0x18 build/sky/contiki-ng-sky.a(button-sensor.o)
 .text.value    0x00008f46       0x20 build/sky/contiki-ng-sky.a(button-sensor.o)
 .text.configure
                0x00008f66       0x4c build/sky/contiki-ng-sky.a(button-sensor.o)
 .text.irq_p2   0x00008fb2       0x46 build/sky/contiki-ng-sky.a(button-sensor.o)
                0x00008fb2                irq_p2
                0x00008fb2                __isr_1
 .text.owreadb  0x00008ff8       0x50 build/sky/contiki-ng-sky.a(ds2411.o)
 .text.ds2411_init
                0x00009048      0x120 build/sky/contiki-ng-sky.a(ds2411.o)
                0x00009048                ds2411_init
 .text.xmem_init
                0x00009168       0x3c build/sky/contiki-ng-sky.a(xmem.o)
                0x00009168                xmem_init
 .text.process_thread_sensors_process
                0x000091a4       0xc2 build/sky/contiki-ng-sky.a(sensors.o)
 .text.sensors_changed
                0x00009266       0x2a build/sky/contiki-ng-sky.a(sensors.o)
                0x00009266                sensors_changed
 .text.get_object
                0x00009290        0x4 build/sky/contiki-ng-sky.a(cc2420.o)
 .text.set_object
                0x00009294        0x4 build/sky/contiki-ng-sky.a(cc2420.o)
 .text.strobe   0x00009298       0x1c build/sky/contiki-ng-sky.a(cc2420.o)
 .text.getreg   0x000092b4       0x4c build/sky/contiki-ng-sky.a(cc2420.o)
 .text.setreg   0x00009300       0x4c build/sky/contiki-ng-sky.a(cc2420.o)
 .text.write_ram
                0x0000934c       0x7c build/sky/contiki-ng-sky.a(cc2420.o)
 .text.write_fifo_buf
                0x000093c8       0x3c build/sky/contiki-ng-sky.a(cc2420.o)
 .text.get_status
                0x00009404       0x20 build/sky/contiki-ng-sky.a(cc2420.o)
 .text.on       0x00009424       0x1a build/sky/contiki-ng-sky.a(cc2420.o)
 .text.cc2420_receiving_packet
                0x0000943e        0xc build/sky/contiki-ng-sky.a(cc2420.o)
 .text.pending_packet
                0x0000944a        0x8 build/sky/contiki-ng-sky.a(cc2420.o)
 .text.wait_for_transmission
                0x00009452       0x22 build/sky/contiki-ng-sky.a(cc2420.o)
 .text.wait_for_status
                0x00009474       0x28 build/sky/contiki-ng-sky.a(cc2420.o)
 .text.getrxdata
                0x0000949c       0x50 build/sky/contiki-ng-sky.a(cc2420.o)
 .text.flushrx  0x000094ec       0x1a build/sky/contiki-ng-sky.a(cc2420.o)
 .text.off      0x00009506       0x28 build/sky/contiki-ng-sky.a(cc2420.o)
 .text.RELEASE_LOCK
                0x0000952e       0x28 build/sky/contiki-ng-sky.a(cc2420.o)
 .text.set_key  0x00009556       0x18 build/sky/contiki-ng-sky.a(cc2420.o)
 .text.set_frame_filtering
                0x0000956e       0x30 build/sky/contiki-ng-sky.a(cc2420.o)
 .text.set_auto_ack
                0x0000959e       0x30 build/sky/contiki-ng-sky.a(cc2420.o)
 .text.set_poll_mode
                0x000095ce       0x2c build/sky/contiki-ng-sky.a(cc2420.o)
 .text.cc2420_prepare
                0x000095fa       0x46 build/sky/contiki-ng-sky.a(cc2420.o)
 .text.cc2420_on
                0x00009640       0x22 build/sky/contiki-ng-sky.a(cc2420.o)
                0x00009640                cc2420_on
 .text.cc2420_transmit
                0x00009662       0x66 build/sky/contiki-ng-sky.a(cc2420.o)
 .text.cc2420_send
                0x000096c8       0x12 build/sky/contiki-ng-sky.a(cc2420.o)
 .text.cc2420_off
                0x000096da       0x30 build/sky/contiki-ng-sky.a(cc2420.o)
                0x000096da                cc2420_off
 .text.cc2420_cca
                0x0000970a       0x68 build/sky/contiki-ng-sky.a(cc2420.o)
 .text.cc2420_read
                0x00009772       0xbe build/sky/contiki-ng-sky.a(cc2420.o)
 .text.process_thread_cc2420_process
                0x00009830       0x62 build/sky/contiki-ng-sky.a(cc2420.o)
 .text.encrypt  0x00009892       0x88 build/sky/contiki-ng-sky.a(cc2420.o)
 .text.cc2420_set_channel
                0x0000991a       0x3c build/sky/contiki-ng-sky.a(cc2420.o)
                0x0000991a                cc2420_set_channel
 .text.cc2420_set_pan_addr
                0x00009956       0x4c build/sky/contiki-ng-sky.a(cc2420.o)
                0x00009956                cc2420_set_pan_addr
 .text.cc2420_interrupt
                0x000099a2       0x16 build/sky/contiki-ng-sky.a(cc2420.o)
                0x000099a2                cc2420_interrupt
 .text.cc2420_set_txpower
                0x000099b8       0x2c build/sky/contiki-ng-sky.a(cc2420.o)
                0x000099b8                cc2420_set_txpower
 .text.cc2420_get_txpower
                0x000099e4       0x1e build/sky/contiki-ng-sky.a(cc2420.o)
                0x000099e4                cc2420_get_txpower
 .text.cc2420_rssi
                0x00009a02       0x4c build/sky/contiki-ng-sky.a(cc2420.o)
                0x00009a02                cc2420_rssi
 .text.get_value
                0x00009a4e      0x11e build/sky/contiki-ng-sky.a(cc2420.o)
 .text.cc2420_set_cca_threshold
                0x00009b6c       0x16 build/sky/contiki-ng-sky.a(cc2420.o)
                0x00009b6c                cc2420_set_cca_threshold
 .text.set_value
                0x00009b82      0x150 build/sky/contiki-ng-sky.a(cc2420.o)
 .text.cc2420_init
                0x00009cd2       0xea build/sky/contiki-ng-sky.a(cc2420.o)
                0x00009cd2                cc2420_init
 .text.cc2420_port1_interrupt
                0x00009dbc       0x20 build/sky/contiki-ng-sky.a(cc2420-arch.o)
                0x00009dbc                __isr_4
                0x00009dbc                cc2420_port1_interrupt
 .text.cc2420_arch_init
                0x00009ddc       0x1a build/sky/contiki-ng-sky.a(cc2420-arch.o)
                0x00009ddc                cc2420_arch_init
 .text.handle_rxdma_timer
                0x00009df6       0x3a build/sky/contiki-ng-sky.a(uart1.o)
 .text.uart1_active
                0x00009e30       0x18 build/sky/contiki-ng-sky.a(uart1.o)
                0x00009e30                uart1_active
 .text.uart1_set_input
                0x00009e48       0x20 build/sky/contiki-ng-sky.a(uart1.o)
                0x00009e48                uart1_set_input
 .text.uart1_writeb
                0x00009e68       0x18 build/sky/contiki-ng-sky.a(uart1.o)
                0x00009e68                uart1_writeb
 .text.uart1_init
                0x00009e80       0xf4 build/sky/contiki-ng-sky.a(uart1.o)
                0x00009e80                uart1_init
 .text.slip_arch_writeb
                0x00009f74        0x6 build/sky/contiki-ng-sky.a(slip_uart1.o)
                0x00009f74                slip_arch_writeb
 .text.slip_arch_init
                0x00009f7a        0xa build/sky/contiki-ng-sky.a(slip_uart1.o)
                0x00009f7a                slip_arch_init
 .text.process_thread_slip_process
                0x00009f84      0x1c2 build/sky/contiki-ng-sky.a(slip.o)
 .text.slip_set_input_callback
                0x0000a146        0x6 build/sky/contiki-ng-sky.a(slip.o)
                0x0000a146                slip_set_input_callback
 .text.slip_write
                0x0000a14c       0x58 build/sky/contiki-ng-sky.a(slip.o)
                0x0000a14c                slip_write
 .text.slip_send
                0x0000a1a4        0xe build/sky/contiki-ng-sky.a(slip.o)
                0x0000a1a4                slip_send
 .text.slip_input_byte
                0x0000a1b2       0x96 build/sky/contiki-ng-sky.a(slip.o)
                0x0000a1b2                slip_input_byte
 .text.timera0  0x0000a248       0x2e build/sky/contiki-ng-sky.a(rtimer-arch.o)
                0x0000a248                __isr_6
                0x0000a248                timera0
 .text.rtimer_arch_init
                0x0000a276        0xe build/sky/contiki-ng-sky.a(rtimer-arch.o)
                0x0000a276                rtimer_arch_init
 .text.rtimer_arch_now
                0x0000a284        0xe build/sky/contiki-ng-sky.a(rtimer-arch.o)
                0x0000a284                rtimer_arch_now
 .text.rtimer_arch_schedule
                0x0000a292        0x6 build/sky/contiki-ng-sky.a(rtimer-arch.o)
                0x0000a292                rtimer_arch_schedule
 .text.stimer_set
                0x0000a298       0x1c build/sky/contiki-ng-sky.a(stimer.o)
                0x0000a298                stimer_set
 .text.stimer_expired
                0x0000a2b4       0x30 build/sky/contiki-ng-sky.a(stimer.o)
                0x0000a2b4                stimer_expired
 .text.memb_init
                0x0000a2e4       0x36 build/sky/contiki-ng-sky.a(memb.o)
                0x0000a2e4                memb_init
 .text.memb_alloc
                0x0000a31a       0x3e build/sky/contiki-ng-sky.a(memb.o)
                0x0000a31a                memb_alloc
 .text.memb_free
                0x0000a358       0x32 build/sky/contiki-ng-sky.a(memb.o)
                0x0000a358                memb_free
 .text.memb_inmemb
                0x0000a38a       0x2a build/sky/contiki-ng-sky.a(memb.o)
                0x0000a38a                memb_inmemb
 .text.memb_numfree
                0x0000a3b4       0x26 build/sky/contiki-ng-sky.a(memb.o)
                0x0000a3b4                memb_numfree
 .text.item_from_index
                0x0000a3da       0x2a build/sky/contiki-ng-sky.a(nbr-table.o)
 .text.index_from_key
                0x0000a404       0x26 build/sky/contiki-ng-sky.a(nbr-table.o)
 .text.index_from_item
                0x0000a42a       0x1e build/sky/contiki-ng-sky.a(nbr-table.o)
 .text.nbr_set_bit
                0x0000a448       0x58 build/sky/contiki-ng-sky.a(nbr-table.o)
 .text.index_from_lladdr
                0x0000a4a0       0x42 build/sky/contiki-ng-sky.a(nbr-table.o)
 .text.nbr_get_bit.constprop.0
                0x0000a4e2       0x2e build/sky/contiki-ng-sky.a(nbr-table.o)
 .text.nbr_table_is_registered
                0x0000a510       0x22 build/sky/contiki-ng-sky.a(nbr-table.o)
                0x0000a510                nbr_table_is_registered
 .text.nbr_table_register
                0x0000a532       0x40 build/sky/contiki-ng-sky.a(nbr-table.o)
                0x0000a532                nbr_table_register
 .text.nbr_table_next
                0x0000a572       0x54 build/sky/contiki-ng-sky.a(nbr-table.o)
                0x0000a572                nbr_table_next
 .text.nbr_table_head
                0x0000a5c6       0x3a build/sky/contiki-ng-sky.a(nbr-table.o)
                0x0000a5c6                nbr_table_head
 .text.nbr_table_add_lladdr
                0x0000a600      0x168 build/sky/contiki-ng-sky.a(nbr-table.o)
                0x0000a600                nbr_table_add_lladdr
 .text.nbr_table_get_from_lladdr
                0x0000a768       0x2c build/sky/contiki-ng-sky.a(nbr-table.o)
                0x0000a768                nbr_table_get_from_lladdr
 .text.nbr_table_remove
                0x0000a794       0x32 build/sky/contiki-ng-sky.a(nbr-table.o)
                0x0000a794                nbr_table_remove
 .text.nbr_table_lock
                0x0000a7c6       0x10 build/sky/contiki-ng-sky.a(nbr-table.o)
                0x0000a7c6                nbr_table_lock
 .text.nbr_table_unlock
                0x0000a7d6       0x10 build/sky/contiki-ng-sky.a(nbr-table.o)
                0x0000a7d6                nbr_table_unlock
 .text.nbr_table_get_lladdr
                0x0000a7e6       0x22 build/sky/contiki-ng-sky.a(nbr-table.o)
                0x0000a7e6                nbr_table_get_lladdr
 .text.periodic
                0x0000a808       0x28 build/sky/contiki-ng-sky.a(link-stats.o)
 .text.link_stats_from_lladdr
                0x0000a830        0xc build/sky/contiki-ng-sky.a(link-stats.o)
                0x0000a830                link_stats_from_lladdr
 .text.link_stats_is_fresh
                0x0000a83c       0x30 build/sky/contiki-ng-sky.a(link-stats.o)
                0x0000a83c                link_stats_is_fresh
 .text.guess_etx_from_rssi
                0x0000a86c       0x42 build/sky/contiki-ng-sky.a(link-stats.o)
                0x0000a86c                guess_etx_from_rssi
 .text.link_stats_packet_sent
                0x0000a8ae       0xde build/sky/contiki-ng-sky.a(link-stats.o)
                0x0000a8ae                link_stats_packet_sent
 .text.link_stats_input_callback
                0x0000a98c       0xb4 build/sky/contiki-ng-sky.a(link-stats.o)
                0x0000a98c                link_stats_input_callback
 .text.link_stats_reset
                0x0000aa40       0x2a build/sky/contiki-ng-sky.a(link-stats.o)
                0x0000aa40                link_stats_reset
 .text.link_stats_init
                0x0000aa6a       0x22 build/sky/contiki-ng-sky.a(link-stats.o)
                0x0000aa6a                link_stats_init
 .text.mac_sequence_is_duplicate
                0x0000aa8c       0x84 build/sky/contiki-ng-sky.a(mac-sequence.o)
                0x0000aa8c                mac_sequence_is_duplicate
 .text.mac_sequence_register_seqno
                0x0000ab10       0x90 build/sky/contiki-ng-sky.a(mac-sequence.o)
                0x0000ab10                mac_sequence_register_seqno
 .text.mac_call_sent_callback
                0x0000aba0       0x14 build/sky/contiki-ng-sky.a(mac.o)
                0x0000aba0                mac_call_sent_callback
 .text.parse    0x0000abb4       0xa0 build/sky/contiki-ng-sky.a(framer-802154.o)
 .text.framer_802154_setup_params
                0x0000ac54       0xb8 build/sky/contiki-ng-sky.a(framer-802154.o)
                0x0000ac54                framer_802154_setup_params
 .text.create_frame
                0x0000ad0c       0xde build/sky/contiki-ng-sky.a(framer-802154.o)
 .text.create   0x0000adea        0x8 build/sky/contiki-ng-sky.a(framer-802154.o)
 .text.hdr_length
                0x0000adf2        0x8 build/sky/contiki-ng-sky.a(framer-802154.o)
 .text.frame802154_get_pan_id
                0x0000adfa        0x6 build/sky/contiki-ng-sky.a(frame802154.o)
                0x0000adfa                frame802154_get_pan_id
 .text.frame802154_has_panid
                0x0000ae00       0xe0 build/sky/contiki-ng-sky.a(frame802154.o)
                0x0000ae00                frame802154_has_panid
 .text.field_len
                0x0000aee0       0xac build/sky/contiki-ng-sky.a(frame802154.o)
 .text.frame802154_is_broadcast_addr
                0x0000af8c       0x28 build/sky/contiki-ng-sky.a(frame802154.o)
                0x0000af8c                frame802154_is_broadcast_addr
 .text.frame802154_hdrlen
                0x0000afb4       0x32 build/sky/contiki-ng-sky.a(frame802154.o)
                0x0000afb4                frame802154_hdrlen
 .text.frame802154_create_fcf
                0x0000afe6       0x96 build/sky/contiki-ng-sky.a(frame802154.o)
                0x0000afe6                frame802154_create_fcf
 .text.frame802154_create
                0x0000b07c       0xe4 build/sky/contiki-ng-sky.a(frame802154.o)
                0x0000b07c                frame802154_create
 .text.frame802154_parse_fcf
                0x0000b160       0xbc build/sky/contiki-ng-sky.a(frame802154.o)
                0x0000b160                frame802154_parse_fcf
 .text.frame802154_parse
                0x0000b21c      0x168 build/sky/contiki-ng-sky.a(frame802154.o)
                0x0000b21c                frame802154_parse
 .text.csma_security_create_frame
                0x0000b384       0x10 build/sky/contiki-ng-sky.a(csma-security.o)
                0x0000b384                csma_security_create_frame
 .text.csma_security_parse_frame
                0x0000b394        0x6 build/sky/contiki-ng-sky.a(csma-security.o)
                0x0000b394                csma_security_parse_frame
 .text.uipbuf_add_ext_hdr
                0x0000b39a       0x1c build/sky/contiki-ng-sky.a(uipbuf.o)
                0x0000b39a                uipbuf_add_ext_hdr
 .text.uipbuf_set_len
                0x0000b3b6       0x12 build/sky/contiki-ng-sky.a(uipbuf.o)
                0x0000b3b6                uipbuf_set_len
 .text.uipbuf_set_len_field
                0x0000b3c8        0xe build/sky/contiki-ng-sky.a(uipbuf.o)
                0x0000b3c8                uipbuf_set_len_field
 .text.uipbuf_get_len_field
                0x0000b3d6        0xe build/sky/contiki-ng-sky.a(uipbuf.o)
                0x0000b3d6                uipbuf_get_len_field
 .text.uipbuf_get_next_header
                0x0000b3e4       0x62 build/sky/contiki-ng-sky.a(uipbuf.o)
                0x0000b3e4                uipbuf_get_next_header
 .text.uipbuf_get_last_header
                0x0000b446       0x3e build/sky/contiki-ng-sky.a(uipbuf.o)
                0x0000b446                uipbuf_get_last_header
 .text.uipbuf_search_header
                0x0000b484       0x4e build/sky/contiki-ng-sky.a(uipbuf.o)
                0x0000b484                uipbuf_search_header
 .text.uipbuf_get_attr
                0x0000b4d2       0x14 build/sky/contiki-ng-sky.a(uipbuf.o)
                0x0000b4d2                uipbuf_get_attr
 .text.uipbuf_clear_attr
                0x0000b4e6       0x12 build/sky/contiki-ng-sky.a(uipbuf.o)
                0x0000b4e6                uipbuf_clear_attr
 .text.uipbuf_clear
                0x0000b4f8       0x12 build/sky/contiki-ng-sky.a(uipbuf.o)
                0x0000b4f8                uipbuf_clear
 .text.uipbuf_init
                0x0000b50a       0x1a build/sky/contiki-ng-sky.a(uipbuf.o)
                0x0000b50a                uipbuf_init
 .text.echo_reply_input
                0x0000b524       0x68 build/sky/contiki-ng-sky.a(uip-icmp6.o)
 .text.echo_request_input
                0x0000b58c       0x86 build/sky/contiki-ng-sky.a(uip-icmp6.o)
 .text.uip_icmp6_input
                0x0000b612       0x48 build/sky/contiki-ng-sky.a(uip-icmp6.o)
                0x0000b612                uip_icmp6_input
 .text.uip_icmp6_register_input_handler
                0x0000b65a        0xc build/sky/contiki-ng-sky.a(uip-icmp6.o)
                0x0000b65a                uip_icmp6_register_input_handler
 .text.uip_icmp6_error_output
                0x0000b666      0x146 build/sky/contiki-ng-sky.a(uip-icmp6.o)
                0x0000b666                uip_icmp6_error_output
 .text.uip_icmp6_send
                0x0000b7ac       0x8e build/sky/contiki-ng-sky.a(uip-icmp6.o)
                0x0000b7ac                uip_icmp6_send
 .text.uip_icmp6_init
                0x0000b83a       0x12 build/sky/contiki-ng-sky.a(uip-icmp6.o)
                0x0000b83a                uip_icmp6_init
 .text.node_matches_address.part.0
                0x0000b84c       0x2e build/sky/contiki-ng-sky.a(uip-sr.o)
 .text.uip_sr_get_node
                0x0000b87a       0x44 build/sky/contiki-ng-sky.a(uip-sr.o)
                0x0000b87a                uip_sr_get_node
 .text.uip_sr_is_addr_reachable
                0x0000b8be       0x4e build/sky/contiki-ng-sky.a(uip-sr.o)
                0x0000b8be                uip_sr_is_addr_reachable
 .text.uip_sr_expire_parent
                0x0000b90c       0x42 build/sky/contiki-ng-sky.a(uip-sr.o)
                0x0000b90c                uip_sr_expire_parent
 .text.uip_sr_update_node
                0x0000b94e       0xbc build/sky/contiki-ng-sky.a(uip-sr.o)
                0x0000b94e                uip_sr_update_node
 .text.uip_sr_init
                0x0000ba0a       0x16 build/sky/contiki-ng-sky.a(uip-sr.o)
                0x0000ba0a                uip_sr_init
 .text.uip_sr_periodic
                0x0000ba20       0x9a build/sky/contiki-ng-sky.a(uip-sr.o)
                0x0000ba20                uip_sr_periodic
 .text.uip_sr_free_all
                0x0000baba       0x3c build/sky/contiki-ng-sky.a(uip-sr.o)
                0x0000baba                uip_sr_free_all
 .text.uip_udp_packet_send
                0x0000baf6       0x2a build/sky/contiki-ng-sky.a(uip-udp-packet.)
                0x0000baf6                uip_udp_packet_send
 .text.uip_udp_packet_sendto
                0x0000bb20       0x66 build/sky/contiki-ng-sky.a(uip-udp-packet.)
                0x0000bb20                uip_udp_packet_sendto
 .text.get32    0x0000bb86       0x46 build/sky/contiki-ng-sky.a(rpl-icmp6.o)
 .text.set32    0x0000bbcc       0x2a build/sky/contiki-ng-sky.a(rpl-icmp6.o)
 .text.get16    0x0000bbf6        0xe build/sky/contiki-ng-sky.a(rpl-icmp6.o)
 .text.set16    0x0000bc04       0x10 build/sky/contiki-ng-sky.a(rpl-icmp6.o)
 .text.dao_ack_input
                0x0000bc14       0x30 build/sky/contiki-ng-sky.a(rpl-icmp6.o)
 .text.dao_input
                0x0000bc44      0x13c build/sky/contiki-ng-sky.a(rpl-icmp6.o)
 .text.dio_input
                0x0000bd80      0x29c build/sky/contiki-ng-sky.a(rpl-icmp6.o)
 .text.dis_input
                0x0000c01c       0x1e build/sky/contiki-ng-sky.a(rpl-icmp6.o)
 .text.rpl_icmp6_update_nbr_table
                0x0000c03a       0x36 build/sky/contiki-ng-sky.a(rpl-icmp6.o)
                0x0000c03a                rpl_icmp6_update_nbr_table
 .text.rpl_icmp6_dis_output
                0x0000c070       0x34 build/sky/contiki-ng-sky.a(rpl-icmp6.o)
                0x0000c070                rpl_icmp6_dis_output
 .text.rpl_icmp6_dio_output
                0x0000c0a4      0x23a build/sky/contiki-ng-sky.a(rpl-icmp6.o)
                0x0000c0a4                rpl_icmp6_dio_output
 .text.rpl_icmp6_dao_output
                0x0000c2de       0xe2 build/sky/contiki-ng-sky.a(rpl-icmp6.o)
                0x0000c2de                rpl_icmp6_dao_output
 .text.rpl_icmp6_dao_ack_output
                0x0000c3c0       0x4e build/sky/contiki-ng-sky.a(rpl-icmp6.o)
                0x0000c3c0                rpl_icmp6_dao_ack_output
 .text.rpl_icmp6_init
                0x0000c40e       0x22 build/sky/contiki-ng-sky.a(rpl-icmp6.o)
                0x0000c40e                rpl_icmp6_init
 .text.remove_neighbor
                0x0000c430       0x24 build/sky/contiki-ng-sky.a(rpl-neighbor.o)
 .text.rpl_neighbor_get_from_lladdr
                0x0000c454        0xc build/sky/contiki-ng-sky.a(rpl-neighbor.o)
                0x0000c454                rpl_neighbor_get_from_lladdr
 .text.rpl_neighbor_rank_via_nbr
                0x0000c460       0x18 build/sky/contiki-ng-sky.a(rpl-neighbor.o)
                0x0000c460                rpl_neighbor_rank_via_nbr
 .text.rpl_neighbor_get_lladdr
                0x0000c478        0xc build/sky/contiki-ng-sky.a(rpl-neighbor.o)
                0x0000c478                rpl_neighbor_get_lladdr
 .text.rpl_neighbor_get_ipaddr
                0x0000c484        0xa build/sky/contiki-ng-sky.a(rpl-neighbor.o)
                0x0000c484                rpl_neighbor_get_ipaddr
 .text.rpl_neighbor_get_link_stats
                0x0000c48e        0xa build/sky/contiki-ng-sky.a(rpl-neighbor.o)
                0x0000c48e                rpl_neighbor_get_link_stats
 .text.rpl_neighbor_is_fresh
                0x0000c498        0xa build/sky/contiki-ng-sky.a(rpl-neighbor.o)
                0x0000c498                rpl_neighbor_is_fresh
 .text.best_parent
                0x0000c4a2       0xb4 build/sky/contiki-ng-sky.a(rpl-neighbor.o)
 .text.rpl_neighbor_is_parent
                0x0000c556       0x18 build/sky/contiki-ng-sky.a(rpl-neighbor.o)
                0x0000c556                rpl_neighbor_is_parent
 .text.rpl_neighbor_set_preferred_parent
                0x0000c56e       0x48 build/sky/contiki-ng-sky.a(rpl-neighbor.o)
                0x0000c56e                rpl_neighbor_set_preferred_parent
 .text.rpl_neighbor_remove_all
                0x0000c5b6       0x30 build/sky/contiki-ng-sky.a(rpl-neighbor.o)
                0x0000c5b6                rpl_neighbor_remove_all
 .text.rpl_neighbor_get_from_ipaddr
                0x0000c5e6       0x14 build/sky/contiki-ng-sky.a(rpl-neighbor.o)
                0x0000c5e6                rpl_neighbor_get_from_ipaddr
 .text.rpl_neighbor_select_best
                0x0000c5fa       0x54 build/sky/contiki-ng-sky.a(rpl-neighbor.o)
                0x0000c5fa                rpl_neighbor_select_best
 .text.rpl_neighbor_init
                0x0000c64e        0xe build/sky/contiki-ng-sky.a(rpl-neighbor.o)
                0x0000c64e                rpl_neighbor_init
 .text.init_dag
                0x0000c65c       0x84 build/sky/contiki-ng-sky.a(rpl-dag.o)
 .text.process_dio_init_dag
                0x0000c6e0       0xb0 build/sky/contiki-ng-sky.a(rpl-dag.o)
 .text.rpl_dag_get_root_ipaddr
                0x0000c790       0x1e build/sky/contiki-ng-sky.a(rpl-dag.o)
                0x0000c790                rpl_dag_get_root_ipaddr
 .text.rpl_dag_leave
                0x0000c7ae       0x4a build/sky/contiki-ng-sky.a(rpl-dag.o)
                0x0000c7ae                rpl_dag_leave
 .text.rpl_dag_poison_and_leave
                0x0000c7f8        0xc build/sky/contiki-ng-sky.a(rpl-dag.o)
                0x0000c7f8                rpl_dag_poison_and_leave
 .text.rpl_dag_periodic
                0x0000c804       0x6a build/sky/contiki-ng-sky.a(rpl-dag.o)
                0x0000c804                rpl_dag_periodic
 .text.rpl_is_addr_in_our_dag
                0x0000c86e       0x34 build/sky/contiki-ng-sky.a(rpl-dag.o)
                0x0000c86e                rpl_is_addr_in_our_dag
 .text.rpl_local_repair
                0x0000c8a2       0x2a build/sky/contiki-ng-sky.a(rpl-dag.o)
                0x0000c8a2                rpl_local_repair
 .text.rpl_global_repair
                0x0000c8cc       0x2e build/sky/contiki-ng-sky.a(rpl-dag.o)
                0x0000c8cc                rpl_global_repair
 .text.rpl_dag_ready_to_advertise
                0x0000c8fa       0x22 build/sky/contiki-ng-sky.a(rpl-dag.o)
                0x0000c8fa                rpl_dag_ready_to_advertise
 .text.rpl_dag_update_state
                0x0000c91c      0x140 build/sky/contiki-ng-sky.a(rpl-dag.o)
                0x0000c91c                rpl_dag_update_state
 .text.rpl_process_dio
                0x0000ca5c      0x1b6 build/sky/contiki-ng-sky.a(rpl-dag.o)
                0x0000ca5c                rpl_process_dio
 .text.rpl_process_dis
                0x0000cc12       0x2a build/sky/contiki-ng-sky.a(rpl-dag.o)
                0x0000cc12                rpl_process_dis
 .text.rpl_process_dao
                0x0000cc3c       0x6c build/sky/contiki-ng-sky.a(rpl-dag.o)
                0x0000cc3c                rpl_process_dao
 .text.rpl_process_dao_ack
                0x0000cca8       0x54 build/sky/contiki-ng-sky.a(rpl-dag.o)
                0x0000cca8                rpl_process_dao_ack
 .text.rpl_process_hbh
                0x0000ccfc       0x2e build/sky/contiki-ng-sky.a(rpl-dag.o)
                0x0000ccfc                rpl_process_hbh
 .text.rpl_dag_init_root
                0x0000cd2a       0xbc build/sky/contiki-ng-sky.a(rpl-dag.o)
                0x0000cd2a                rpl_dag_init_root
 .text.rpl_dag_init
                0x0000cde6       0x10 build/sky/contiki-ng-sky.a(rpl-dag.o)
                0x0000cde6                rpl_dag_init
 .text.handle_state_update
                0x0000cdf6        0x6 build/sky/contiki-ng-sky.a(rpl-timers.o)
 .text.handle_leaving_timer
                0x0000cdfc        0xc build/sky/contiki-ng-sky.a(rpl-timers.o)
 .text.schedule_dao_retransmission
                0x0000ce08       0x34 build/sky/contiki-ng-sky.a(rpl-timers.o)
 .text.new_dio_interval
                0x0000ce3c       0x8a build/sky/contiki-ng-sky.a(rpl-timers.o)
 .text.handle_unicast_dio_timer
                0x0000cec6       0x12 build/sky/contiki-ng-sky.a(rpl-timers.o)
 .text.send_new_dao
                0x0000ced8       0x28 build/sky/contiki-ng-sky.a(rpl-timers.o)
 .text.resend_dao
                0x0000cf00       0x24 build/sky/contiki-ng-sky.a(rpl-timers.o)
 .text.handle_dao_ack_timer
                0x0000cf24       0x12 build/sky/contiki-ng-sky.a(rpl-timers.o)
 .text.handle_dio_timer
                0x0000cf36       0x6e build/sky/contiki-ng-sky.a(rpl-timers.o)
 .text.rpl_timers_schedule_periodic_dis
                0x0000cfa4       0x40 build/sky/contiki-ng-sky.a(rpl-timers.o)
                0x0000cfa4                rpl_timers_schedule_periodic_dis
 .text.handle_periodic_timer
                0x0000cfe4       0x3a build/sky/contiki-ng-sky.a(rpl-timers.o)
 .text.handle_dis_timer
                0x0000d01e       0x26 build/sky/contiki-ng-sky.a(rpl-timers.o)
 .text.rpl_timers_dio_reset
                0x0000d044       0x2e build/sky/contiki-ng-sky.a(rpl-timers.o)
                0x0000d044                rpl_timers_dio_reset
 .text.rpl_timers_schedule_unicast_dio
                0x0000d072       0x20 build/sky/contiki-ng-sky.a(rpl-timers.o)
                0x0000d072                rpl_timers_schedule_unicast_dio
 .text.rpl_timers_schedule_dao
                0x0000d092       0x3c build/sky/contiki-ng-sky.a(rpl-timers.o)
                0x0000d092                rpl_timers_schedule_dao
 .text.rpl_timers_schedule_dao_ack
                0x0000d0ce       0x34 build/sky/contiki-ng-sky.a(rpl-timers.o)
                0x0000d0ce                rpl_timers_schedule_dao_ack
 .text.rpl_timers_notify_dao_ack
                0x0000d102       0x82 build/sky/contiki-ng-sky.a(rpl-timers.o)
                0x0000d102                rpl_timers_notify_dao_ack
 .text.get_probing_delay
                0x0000d184       0x1c build/sky/contiki-ng-sky.a(rpl-timers.o)
                0x0000d184                get_probing_delay
 .text.get_probing_target
                0x0000d1a0       0xee build/sky/contiki-ng-sky.a(rpl-timers.o)
                0x0000d1a0                get_probing_target
 .text.rpl_schedule_probing
                0x0000d28e       0x20 build/sky/contiki-ng-sky.a(rpl-timers.o)
                0x0000d28e                rpl_schedule_probing
 .text.handle_probing_timer
                0x0000d2ae       0x2a build/sky/contiki-ng-sky.a(rpl-timers.o)
 .text.rpl_schedule_probing_now
                0x0000d2d8       0x24 build/sky/contiki-ng-sky.a(rpl-timers.o)
                0x0000d2d8                rpl_schedule_probing_now
 .text.rpl_timers_unschedule_leaving
                0x0000d2fc       0x1c build/sky/contiki-ng-sky.a(rpl-timers.o)
                0x0000d2fc                rpl_timers_unschedule_leaving
 .text.rpl_timers_schedule_leaving
                0x0000d318       0x2a build/sky/contiki-ng-sky.a(rpl-timers.o)
                0x0000d318                rpl_timers_schedule_leaving
 .text.rpl_timers_init
                0x0000d342       0x1c build/sky/contiki-ng-sky.a(rpl-timers.o)
                0x0000d342                rpl_timers_init
 .text.rpl_timers_stop_dag_timers
                0x0000d35e       0x4c build/sky/contiki-ng-sky.a(rpl-timers.o)
                0x0000d35e                rpl_timers_stop_dag_timers
 .text.rpl_timers_unschedule_state_update
                0x0000d3aa       0x10 build/sky/contiki-ng-sky.a(rpl-timers.o)
                0x0000d3aa                rpl_timers_unschedule_state_update
 .text.rpl_timers_schedule_state_update
                0x0000d3ba       0x1c build/sky/contiki-ng-sky.a(rpl-timers.o)
                0x0000d3ba                rpl_timers_schedule_state_update
 .text.update_hbh_header
                0x0000d3d6       0x4a build/sky/contiki-ng-sky.a(rpl-ext-header.)
 .text.rpl_ext_header_srh_get_next_hop
                0x0000d420       0x84 build/sky/contiki-ng-sky.a(rpl-ext-header.)
                0x0000d420                rpl_ext_header_srh_get_next_hop
 .text.rpl_ext_header_srh_update
                0x0000d4a4      0x102 build/sky/contiki-ng-sky.a(rpl-ext-header.)
                0x0000d4a4                rpl_ext_header_srh_update
 .text.rpl_ext_header_hbh_update
                0x0000d5a6       0x9e build/sky/contiki-ng-sky.a(rpl-ext-header.)
                0x0000d5a6                rpl_ext_header_hbh_update
 .text.rpl_ext_header_remove
                0x0000d644       0xcc build/sky/contiki-ng-sky.a(rpl-ext-header.)
                0x0000d644                rpl_ext_header_remove
 .text.rpl_ext_header_update
                0x0000d710      0x2aa build/sky/contiki-ng-sky.a(rpl-ext-header.)
                0x0000d710                rpl_ext_header_update
 .text.update_state
                0x0000d9ba       0x78 build/sky/contiki-ng-sky.a(rpl-nbr-policy.)
 .text.rpl_nbr_policy_find_removable
                0x0000da32       0x50 build/sky/contiki-ng-sky.a(rpl-nbr-policy.)
                0x0000da32                rpl_nbr_policy_find_removable
 .text.reset    0x0000da82        0x2 build/sky/contiki-ng-sky.a(rpl-mrhof.o)
 .text.update_metric_container
                0x0000da84        0x6 build/sky/contiki-ng-sky.a(rpl-mrhof.o)
 .text.nbr_link_metric
                0x0000da8a       0x12 build/sky/contiki-ng-sky.a(rpl-mrhof.o)
 .text.nbr_has_usable_link
                0x0000da9c       0x14 build/sky/contiki-ng-sky.a(rpl-mrhof.o)
 .text.nbr_path_cost
                0x0000dab0       0x38 build/sky/contiki-ng-sky.a(rpl-mrhof.o)
 .text.within_hysteresis
                0x0000dae8       0x54 build/sky/contiki-ng-sky.a(rpl-mrhof.o)
 .text.nbr_is_acceptable_parent
                0x0000db3c       0x2c build/sky/contiki-ng-sky.a(rpl-mrhof.o)
 .text.rank_via_nbr
                0x0000db68       0x48 build/sky/contiki-ng-sky.a(rpl-mrhof.o)
 .text.best_parent
                0x0000dbb0       0x7c build/sky/contiki-ng-sky.a(rpl-mrhof.o)
 .text.spi_init
                0x0000dc2c       0x30 build/sky/contiki-ng-sky.a(spi-legacy.o)
                0x0000dc2c                spi_init
 .text.libgcc   0x0000dc5c       0x2c /usr/local/bin/../lib/gcc/msp430/4.7.2/mmpy-16/libgcc.a(_mulsi3.o)
                0x0000dc5c                __mulsi3
 .text.libgcc   0x0000dc88       0x22 /usr/local/bin/../lib/gcc/msp430/4.7.2/mmpy-16/libgcc.a(_udivmod16.o)
                0x0000dc88                __udivhi3
                0x0000dc88                __ext_udivmod16
                0x0000dca2                __umodhi3
 .text.libgcc   0x0000dcaa       0x3a /usr/local/bin/../lib/gcc/msp430/4.7.2/mmpy-16/libgcc.a(_divmod16.o)
                0x0000dcaa                __ext_divmod16
                0x0000dcaa                __divhi3
                0x0000dcdc                __modhi3
 .text.libgcc   0x0000dce4       0x40 /usr/local/bin/../lib/gcc/msp430/4.7.2/mmpy-16/libgcc.a(_udivmod32.o)
                0x0000dce4                __udivsi3
                0x0000dce4                __ext_udivmod32
                0x0000dd1a                __umodsi3
 .text.libgcc   0x0000dd24       0x4c /usr/local/bin/../lib/gcc/msp430/4.7.2/mmpy-16/libgcc.a(_divmod32.o)
                0x0000dd24                __ext_divmod32
                0x0000dd24                __divsi3
                0x0000dd66                __modsi3
 .text.atoi     0x0000dd70       0x8a /usr/local/bin/../lib/gcc/msp430/4.7.2/../../../../msp430/lib/mmpy-16/libc.a(atoi.o)
                0x0000dd70                atoi
 .text.printf   0x0000ddfa       0x10 /usr/local/bin/../lib/gcc/msp430/4.7.2/../../../../msp430/lib/mmpy-16/libc.a(printf.o)
                0x0000ddfa                printf
 .text.append   0x0000de0a       0x22 /usr/local/bin/../lib/gcc/msp430/4.7.2/../../../../msp430/lib/mmpy-16/libc.a(sprintf.o)
 .text.call_vuprintf
                0x0000de2c       0x3a /usr/local/bin/../lib/gcc/msp430/4.7.2/../../../../msp430/lib/mmpy-16/libc.a(sprintf.o)
 .text.snprintf
                0x0000de66       0x1a /usr/local/bin/../lib/gcc/msp430/4.7.2/../../../../msp430/lib/mmpy-16/libc.a(sprintf.o)
                0x0000de66                snprintf
 .text.print_field
                0x0000de80      0x194 /usr/local/bin/../lib/gcc/msp430/4.7.2/../../../../msp430/lib/mmpy-16/libc.a(vuprintf.o)
 .text.vuprintf
                0x0000e014      0x63e /usr/local/bin/../lib/gcc/msp430/4.7.2/../../../../msp430/lib/mmpy-16/libc.a(vuprintf.o)
                0x0000e014                vuprintf
 .text.puts     0x0000e652       0x2c /usr/local/bin/../lib/gcc/msp430/4.7.2/../../../../msp430/lib/mmpy-16/libc.a(puts.o)
                0x0000e652                puts
 .text.rand     0x0000e67e       0x26 /usr/local/bin/../lib/gcc/msp430/4.7.2/../../../../msp430/lib/mmpy-16/libc.a(rand.o)
                0x0000e67e                rand
 .text.srand    0x0000e6a4        0xa /usr/local/bin/../lib/gcc/msp430/4.7.2/../../../../msp430/lib/mmpy-16/libc.a(rand.o)
                0x0000e6a4                srand
 .text.strcmp   0x0000e6ae       0x1e /usr/local/bin/../lib/gcc/msp430/4.7.2/../../../../msp430/lib/mmpy-16/libc.a(strcmp.o)
                0x0000e6ae                strcmp
 .text.memcmp   0x0000e6cc       0x30 /usr/local/bin/../lib/gcc/msp430/4.7.2/../../../../msp430/lib/mmpy-16/libc.a(memcmp.o)
                0x0000e6cc                memcmp
 .text.memcpy   0x0000e6fc       0xfa /usr/local/bin/../lib/gcc/msp430/4.7.2/../../../../msp430/lib/mmpy-16/libc.a(memcpy.o)
                0x0000e6fc                memcpy
 .text.memmove  0x0000e7f6       0xfa /usr/local/bin/../lib/gcc/msp430/4.7.2/../../../../msp430/lib/mmpy-16/libc.a(memmove.o)
                0x0000e7f6                memmove
 .text.memset   0x0000e8f0       0x6a /usr/local/bin/../lib/gcc/msp430/4.7.2/../../../../msp430/lib/mmpy-16/libc.a(memset.o)
                0x0000e8f0                memset
 .text.libgcc   0x0000e95a       0xf0 /usr/local/bin/../lib/gcc/msp430/4.7.2/mmpy-16/libgcc.a(_udivmod64.o)
                0x0000e95a                __xabi_udivmod64
                0x0000e9b8                __udivdi3
                0x0000e9de                __umoddi3
                0x0000ea0c                __udivmoddi4
 .text.crt0     0x0000ea4a        0x2 /usr/local/bin/../lib/gcc/msp430/4.7.2/mmpy-16/libcrt0.a(_unexpected_.o)
                0x0000ea4a                _unexpected_
 *(.near.text .near.text.*)

.rodata         0x0000ea4c      0x5ed
                0x0000ea4c                . = ALIGN (0x2)
 *(.rodata .rodata.* .gnu.linkonce.r.*)
 .rodata        0x0000ea4c       0xcc border-router.o
                0x0000eaf8                autostart_processes
                0x0000eb16                maxStoredMsgs
 .rodata        0x0000eb18       0xf3 build/sky/obj/contiki-main.o
 .rodata        0x0000ec0b       0x31 build/sky/contiki-ng-sky.a(platform.o)
 .rodata        0x0000ec3c       0x31 build/sky/contiki-ng-sky.a(rpl-border-rout)
 .rodata        0x0000ec6d        0xf build/sky/contiki-ng-sky.a(ctimer.o)
 .rodata        0x0000ec7c       0xb6 build/sky/contiki-ng-sky.a(log.o)
 .rodata        0x0000ed32        0xc build/sky/contiki-ng-sky.a(etimer.o)
 .rodata        0x0000ed3e        0x8 build/sky/contiki-ng-sky.a(linkaddr.o)
                0x0000ed3e                linkaddr_null
 .rodata        0x0000ed46       0x14 build/sky/contiki-ng-sky.a(csma.o)
                0x0000ed4c                csma_driver
 .rodata        0x0000ed5a        0xd build/sky/contiki-ng-sky.a(tcpip.o)
 .rodata        0x0000ed67       0x13 build/sky/contiki-ng-sky.a(simple-udp.o)
 .rodata        0x0000ed7a       0x26 build/sky/contiki-ng-sky.a(sicslowpan.o)
                0x0000ed86                sicslowpan_driver
                0x0000ed8e                llprefix
                0x0000ed90                unc_mxconf
                0x0000ed94                unc_ctxconf
                0x0000ed98                unc_llconf
 .rodata        0x0000eda0       0x2d build/sky/contiki-ng-sky.a(uiplib.o)
 *fill*         0x0000edcd        0x1 00
 .rodata        0x0000edce       0x34 build/sky/contiki-ng-sky.a(rpl.o)
                0x0000edd8                rpl_lite_driver
 .rodata        0x0000ee02       0x16 build/sky/contiki-ng-sky.a(slip-bridge.o)
                0x0000ee14                rpl_interface
 .rodata        0x0000ee18       0x80 build/sky/contiki-ng-sky.a(border-router-e)
 .rodata        0x0000ee98       0x10 build/sky/contiki-ng-sky.a(button-sensor.o)
                0x0000eea0                button_sensor
 .rodata        0x0000eea8        0x8 build/sky/contiki-ng-sky.a(sensors.o)
 .rodata.get_value
                0x0000eeb0       0x34 build/sky/contiki-ng-sky.a(cc2420.o)
 .rodata.set_value
                0x0000eee4       0x10 build/sky/contiki-ng-sky.a(cc2420.o)
 .rodata        0x0000eef4       0x3e build/sky/contiki-ng-sky.a(cc2420.o)
                0x0000eef4                cc2420_aes_128_driver
                0x0000eef8                cc2420_driver
 .rodata        0x0000ef32        0xc build/sky/contiki-ng-sky.a(slip.o)
 .rodata        0x0000ef3e        0x6 build/sky/contiki-ng-sky.a(framer-802154.o)
                0x0000ef3e                framer_802154
 .rodata        0x0000ef44        0x2 build/sky/contiki-ng-sky.a(frame802154.o)
 .rodata        0x0000ef46       0xe0 build/sky/contiki-ng-sky.a(rpl-dag.o)
 .rodata        0x0000f026        0xc build/sky/contiki-ng-sky.a(rpl-timers.o)
 .rodata.vuprintf
                0x0000f032        0x7 /usr/local/bin/../lib/gcc/msp430/4.7.2/../../../../msp430/lib/mmpy-16/libc.a(vuprintf.o)
 *(.near.rodata .near.rodata.*)
                0x0000f03a                . = ALIGN (0x2)
                0x0000f03a                _etext = .

.data           0x00001100      0x14e load address 0x0000f03a
                0x00001100                . = ALIGN (0x2)
                0x00001100                __data_start = .
 *(.data .data.* .gnu.linkonce.d.*)
 .data          0x00001100        0xa border-router.o
                0x00001100                contiki_ng_br
 .data          0x0000110a        0x2 build/sky/contiki-ng-sky.a(msp430.o)
 .data          0x0000110c        0xa build/sky/contiki-ng-sky.a(ctimer.o)
                0x0000110c                ctimer_process
 .data          0x00001116       0x50 build/sky/contiki-ng-sky.a(log.o)
                0x00001116                all_modules
                0x00001164                curr_log_level_main
 .data          0x00001166        0xa build/sky/contiki-ng-sky.a(etimer.o)
                0x00001166                etimer_process
 .data          0x00001170       0x10 build/sky/contiki-ng-sky.a(queuebuf.o)
 .data          0x00001180       0x18 build/sky/contiki-ng-sky.a(csma-output.o)
 .data          0x00001198        0x8 build/sky/contiki-ng-sky.a(uip-ds6-route.o)
 .data          0x000011a0        0x8 build/sky/contiki-ng-sky.a(uip-ds6-nbr.o)
 .data          0x000011a8        0xa build/sky/contiki-ng-sky.a(tcpip.o)
                0x000011a8                tcpip_process
 .data          0x000011b2        0x6 build/sky/contiki-ng-sky.a(uip-nd6.o)
 .data          0x000011b8        0xa build/sky/contiki-ng-sky.a(simple-udp.o)
                0x000011b8                simple_udp_process
 .data          0x000011c2        0xa build/sky/contiki-ng-sky.a(border-router-e)
                0x000011c2                border_router_process
 .data          0x000011cc        0x4 build/sky/contiki-ng-sky.a(contiki-sky-pla)
                0x000011cc                sensors
 .data          0x000011d0        0xa build/sky/contiki-ng-sky.a(sensors.o)
                0x000011d0                sensors_process
 .data          0x000011da        0xc build/sky/contiki-ng-sky.a(cc2420.o)
                0x000011da                cc2420_process
 .data          0x000011e6        0xa build/sky/contiki-ng-sky.a(slip.o)
                0x000011e6                slip_process
 .data          0x000011f0        0x8 build/sky/contiki-ng-sky.a(nbr-table.o)
 .data          0x000011f8        0x8 build/sky/contiki-ng-sky.a(link-stats.o)
 .data          0x00001200        0x2 build/sky/contiki-ng-sky.a(frame802154.o)
 .data          0x00001202        0xc build/sky/contiki-ng-sky.a(uip-icmp6.o)
 .data          0x0000120e        0x8 build/sky/contiki-ng-sky.a(uip-sr.o)
 .data          0x00001216       0x18 build/sky/contiki-ng-sky.a(rpl-icmp6.o)
 .data          0x0000122e        0xa build/sky/contiki-ng-sky.a(rpl-neighbor.o)
                0x0000122e                rpl_neighbors
 .data          0x00001238       0x12 build/sky/contiki-ng-sky.a(rpl-mrhof.o)
                0x00001238                rpl_mrhof
 .data.next     0x0000124a        0x4 /usr/local/bin/../lib/gcc/msp430/4.7.2/../../../../msp430/lib/mmpy-16/libc.a(rand.o)
 *(.near.data .near.data.*)
                0x0000124e                . = ALIGN (0x2)
                0x0000124e                _edata = .
                0x0000f03a                __data_load_start = LOADADDR (.data)
                0x0000014e                __data_size = SIZEOF (.data)

.bss            0x0000124e     0x1cac load address 0x0000f188
                0x0000124e                __bss_start = .
 *(.bss .bss.*)
 .bss           0x0000124e       0x2c border-router.o
                0x0000124e                counter
                0x00001250                sum
                0x00001252                sinkAvailable
 .bss           0x0000127a        0x1 build/sky/contiki-ng-sky.a(uart1-putchar.o)
 *fill*         0x0000127b        0x1 00
 .bss           0x0000127c        0x8 build/sky/contiki-ng-sky.a(platform.o)
 .bss           0x00001284        0xa build/sky/contiki-ng-sky.a(clock.o)
 .bss           0x0000128e        0x2 build/sky/contiki-ng-sky.a(watchdog.o)
 .bss           0x00001290        0x4 build/sky/contiki-ng-sky.a(ctimer.o)
 .bss           0x00001294       0x16 build/sky/contiki-ng-sky.a(log.o)
                0x00001294                curr_log_level_lwm2m
                0x00001296                curr_log_level_snmp
                0x00001298                curr_log_level_coap
                0x0000129a                curr_log_level_6top
                0x0000129c                curr_log_level_framer
                0x0000129e                curr_log_level_mac
                0x000012a0                curr_log_level_nullnet
                0x000012a2                curr_log_level_6lowpan
                0x000012a4                curr_log_level_ipv6
                0x000012a6                curr_log_level_tcpip
                0x000012a8                curr_log_level_rpl
 .bss           0x000012aa        0x6 build/sky/contiki-ng-sky.a(etimer.o)
 .bss           0x000012b0        0x2 build/sky/contiki-ng-sky.a(node-id.o)
                0x000012b0                node_id
 .bss           0x000012b2       0xc8 build/sky/contiki-ng-sky.a(process.o)
                0x000012b2                process_current
                0x000012b4                process_list
 .bss           0x0000137a        0x2 build/sky/contiki-ng-sky.a(rtimer.o)
 .bss           0x0000137c      0x580 build/sky/contiki-ng-sky.a(queuebuf.o)
 .bss           0x000018fc       0x86 build/sky/contiki-ng-sky.a(packetbuf.o)
 .bss           0x00001982        0x2 build/sky/contiki-ng-sky.a(netstack.o)
 .bss           0x00001984       0xbe build/sky/contiki-ng-sky.a(csma-output.o)
 .bss           0x00001a42       0x28 build/sky/contiki-ng-sky.a(uip-ds6.o)
 .bss           0x00001a6a       0x3c build/sky/contiki-ng-sky.a(uip-ds6-route.o)
 .bss           0x00001aa6      0x120 build/sky/contiki-ng-sky.a(uip-ds6-nbr.o)
 .bss           0x00001bc6        0xc build/sky/contiki-ng-sky.a(tcpip.o)
 .bss           0x00001bd2        0x8 build/sky/contiki-ng-sky.a(uip6.o)
                0x00001bd2                uip_last_proto
                0x00001bd4                uip_ext_len
                0x00001bd6                uip_ext_bitmap
 .bss           0x00001bda        0x8 build/sky/contiki-ng-sky.a(uip-nd6.o)
 .bss           0x00001be2       0xf1 build/sky/contiki-ng-sky.a(simple-udp.o)
 *fill*         0x00001cd3        0x1 00
 .bss           0x00001cd4      0x6e0 build/sky/contiki-ng-sky.a(sicslowpan.o)
 .bss           0x000023b4        0x1 build/sky/contiki-ng-sky.a(rpl.o)