Archive member included because of file (symbol)

build/sky/contiki-ng-sky.a(cfs-coffee.o)
                              sink.o (cfs_open)
build/sky/contiki-ng-sky.a(uart1-putchar.o)
                              build/sky/obj/contiki-main.o (putchar)
build/sky/contiki-ng-sky.a(platform.o)
                              build/sky/obj/contiki-main.o (platform_init_stage_one)
build/sky/contiki-ng-sky.a(msp430.o)
                              build/sky/contiki-ng-sky.a(platform.o) (msp430_dco_required)
build/sky/contiki-ng-sky.a(clock.o)
                              build/sky/obj/contiki-main.o (clock_init)
build/sky/contiki-ng-sky.a(leds.o)
                              build/sky/contiki-ng-sky.a(platform.o) (leds_init)
build/sky/contiki-ng-sky.a(leds-arch.o)
                              build/sky/contiki-ng-sky.a(leds.o) (leds_arch_init)
build/sky/contiki-ng-sky.a(watchdog.o)
                              build/sky/obj/contiki-main.o (watchdog_start)
build/sky/contiki-ng-sky.a(autostart.o)
                              build/sky/obj/contiki-main.o (autostart_start)
build/sky/contiki-ng-sky.a(ctimer.o)
                              build/sky/obj/contiki-main.o (ctimer_init)
build/sky/contiki-ng-sky.a(log.o)
                              build/sky/obj/contiki-main.o (log_6addr)
build/sky/contiki-ng-sky.a(energest.o)
                              build/sky/obj/contiki-main.o (energest_init)
build/sky/contiki-ng-sky.a(etimer.o)
                              build/sky/contiki-ng-sky.a(clock.o) (etimer_request_poll)
build/sky/contiki-ng-sky.a(node-id.o)
                              build/sky/obj/contiki-main.o (node_id_init)
build/sky/contiki-ng-sky.a(process.o)
                              build/sky/contiki-ng-sky.a(ctimer.o) (process_current)
build/sky/contiki-ng-sky.a(rtimer.o)
                              build/sky/obj/contiki-main.o (rtimer_init)
build/sky/contiki-ng-sky.a(timer.o)
                              build/sky/contiki-ng-sky.a(platform.o) (timer_set)
build/sky/contiki-ng-sky.a(list.o)
                              build/sky/contiki-ng-sky.a(ctimer.o) (list_init)
build/sky/contiki-ng-sky.a(random.o)
                              build/sky/contiki-ng-sky.a(platform.o) (random_init)
build/sky/contiki-ng-sky.a(queuebuf.o)
                              build/sky/obj/contiki-main.o (queuebuf_init)
build/sky/contiki-ng-sky.a(packetbuf.o)
                              build/sky/contiki-ng-sky.a(queuebuf.o) (packetbuf_copyto)
build/sky/contiki-ng-sky.a(netstack.o)
                              build/sky/obj/contiki-main.o (netstack_init)
build/sky/contiki-ng-sky.a(linkaddr.o)
                              build/sky/contiki-ng-sky.a(platform.o) (linkaddr_copy)
build/sky/contiki-ng-sky.a(csma.o)
                              build/sky/obj/contiki-main.o (csma_driver)
build/sky/contiki-ng-sky.a(csma-output.o)
                              build/sky/contiki-ng-sky.a(csma.o) (csma_output_packet)
build/sky/contiki-ng-sky.a(uip-ds6.o)
                              build/sky/obj/contiki-main.o (uip_ds6_get_link_local)
build/sky/contiki-ng-sky.a(uip-ds6-route.o)
                              build/sky/contiki-ng-sky.a(uip-ds6.o) (uip_ds6_route_init)
build/sky/contiki-ng-sky.a(uip-ds6-nbr.o)
                              build/sky/contiki-ng-sky.a(uip-ds6.o) (uip_ds6_neighbors_init)
build/sky/contiki-ng-sky.a(tcpip.o)
                              build/sky/obj/contiki-main.o (tcpip_process)
build/sky/contiki-ng-sky.a(uip6.o)
                              build/sky/contiki-ng-sky.a(tcpip.o) (uip_aligned_buf)
build/sky/contiki-ng-sky.a(uip-nd6.o)
                              build/sky/contiki-ng-sky.a(uip6.o) (uip_nd6_init)
build/sky/contiki-ng-sky.a(simple-udp.o)
                              sink.o (simple_udp_sendto)
build/sky/contiki-ng-sky.a(sicslowpan.o)
                              build/sky/obj/contiki-main.o (sicslowpan_driver)
build/sky/contiki-ng-sky.a(uiplib.o)
                              build/sky/contiki-ng-sky.a(log.o) (uiplib_ipaddr_snprint)
build/sky/contiki-ng-sky.a(rpl.o)
                              sink.o (rpl_lite_driver)
build/sky/contiki-ng-sky.a(rpl-dag-root.o)
                              build/sky/contiki-ng-sky.a(rpl.o) (rpl_dag_root_set_prefix)
build/sky/contiki-ng-sky.a(contiki-sky-pla)
                              build/sky/contiki-ng-sky.a(platform.o) (init_platform)
build/sky/contiki-ng-sky.a(button-sensor.o)
                              build/sky/contiki-ng-sky.a(contiki-sky-pla) (button_sensor)
build/sky/contiki-ng-sky.a(ds2411.o)
                              build/sky/contiki-ng-sky.a(platform.o) (ds2411_init)
build/sky/contiki-ng-sky.a(xmem.o)
                              build/sky/contiki-ng-sky.a(platform.o) (xmem_init)
build/sky/contiki-ng-sky.a(sensors.o)
                              build/sky/contiki-ng-sky.a(button-sensor.o) (sensors_changed)
build/sky/contiki-ng-sky.a(cc2420.o)
[...]
Memory Configuration

Name             Origin             Length             Attributes
sfr              0x00000000         0x00000010
peripheral_8bit  0x00000010         0x000000f0
peripheral_16bit 0x00000100         0x00000100
ram_mirror       0x00000200         0x00000800         xw
infomem          0x00001000         0x00000100
infob            0x00001000         0x00000080
infoa            0x00001080         0x00000080
ram              0x00001100         0x00002800         xw
rom              0x00004000         0x0000bfe0         xr
vectors          0x0000ffe0         0x00000020
bsl              0x00000000         0x00000000
infoc            0x00000000         0x00000000
infod            0x00000000         0x00000000
ram2             0x00000000         0x00000000         xw
usbram           0x00000000         0x00000000         xw
far_rom          0x00000000         0x00000000
*default*        0x00000000         0xffffffff

Linker script and memory map

LOAD /usr/local/bin/../lib/gcc/msp430/4.7.2/mmpy-16/crt0ivtbl16.o
                0x00002e60                _stack = _end
LOAD sink.o
LOAD build/sky/obj/contiki-main.o
LOAD build/sky/contiki-ng-sky.a
LOAD /usr/local/bin/../lib/gcc/msp430/4.7.2/mmpy-16/libgcc.a
LOAD /usr/local/bin/../lib/gcc/msp430/4.7.2/../../../../msp430/lib/mmpy-16/libc.a
LOAD /usr/local/bin/../lib/gcc/msp430/4.7.2/mmpy-16/libgcc.a
LOAD /usr/local/bin/../lib/gcc/msp430/4.7.2/mmpy-16/libcrt0.a
                0x00000080                PROVIDE (__info_segment_size, 0x80)
                0x00001000                PROVIDE (__infob, 0x1000)
                0x00001080                PROVIDE (__infoa, 0x1080)
                0x00000000                __IE1 = 0x0
                0x00000002                __IFG1 = 0x2
                0x00000004                __ME1 = 0x4
                0x00000001                __IE2 = 0x1
                0x00000003                __IFG2 = 0x3
                0x00000005                __ME2 = 0x5
                0x00000120                __WDTCTL = 0x120
                0x00000130                __MPY = 0x130
                0x00000132                __MPYS = 0x132
                0x00000134                __MAC = 0x134
                0x00000136                __MACS = 0x136
                0x00000138                __OP2 = 0x138
                0x0000013a                __RESLO = 0x13a
                0x0000013c                __RESHI = 0x13c
                0x0000013e                __SUMEXT = 0x13e
                0x00000020                __P1IN = 0x20
                0x00000021                __P1OUT = 0x21
                0x00000022                __P1DIR = 0x22
                0x00000023                __P1IFG = 0x23
                0x00000024                __P1IES = 0x24
                0x00000025                __P1IE = 0x25
                0x00000026                __P1SEL = 0x26
                0x00000028                __P2IN = 0x28
                0x00000029                __P2OUT = 0x29
                0x0000002a                __P2DIR = 0x2a
                0x0000002b                __P2IFG = 0x2b
                0x0000002c                __P2IES = 0x2c
                0x0000002d                __P2IE = 0x2d
                0x0000002e                __P2SEL = 0x2e
                0x00000018                __P3IN = 0x18
                0x00000019                __P3OUT = 0x19
                0x0000001a                __P3DIR = 0x1a
                0x0000001b                __P3SEL = 0x1b
                0x0000001c                __P4IN = 0x1c
                0x0000001d                __P4OUT = 0x1d
                0x0000001e                __P4DIR = 0x1e
                0x0000001f                __P4SEL = 0x1f
                0x00000030                __P5IN = 0x30
                0x00000031                __P5OUT = 0x31
                0x00000032                __P5DIR = 0x32
                0x00000033                __P5SEL = 0x33
                0x00000034                __P6IN = 0x34
                0x00000035                __P6OUT = 0x35
                0x00000036                __P6DIR = 0x36
                0x00000037                __P6SEL = 0x37
                0x00000070                __U0CTL = 0x70
                0x00000071                __U0TCTL = 0x71
                0x00000072                __U0RCTL = 0x72
                0x00000073                __U0MCTL = 0x73
                0x00000074                __U0BR0 = 0x74
                0x00000075                __U0BR1 = 0x75
                0x00000076                __U0RXBUF = 0x76
                0x00000077                __U0TXBUF = 0x77
                0x00000078                __U1CTL = 0x78
                0x00000079                __U1TCTL = 0x79
                0x0000007a                __U1RCTL = 0x7a
                0x0000007b                __U1MCTL = 0x7b
                0x0000007c                __U1BR0 = 0x7c
                0x0000007d                __U1BR1 = 0x7d
                0x0000007e                __U1RXBUF = 0x7e
                0x0000007f                __U1TXBUF = 0x7f
                0x00000050                __I2CIE = 0x50
                0x00000051                __I2CIFG = 0x51
                0x00000052                __I2CNDAT = 0x52
                0x00000071                __I2CTCTL = 0x71
                0x00000072                __I2CDCTL = 0x72
                0x00000073                __I2CPSC = 0x73
                0x00000074                __I2CSCLH = 0x74
                0x00000075                __I2CSCLL = 0x75
                0x00000076                __I2CDRB = 0x76
                0x00000076                __I2CDRW = 0x76
                0x00000118                __I2COA = 0x118
                0x0000011a                __I2CSA = 0x11a
                0x0000011c                __I2CIV = 0x11c
                0x0000012e                __TAIV = 0x12e
                0x00000160                __TACTL = 0x160
                0x00000162                __TACCTL0 = 0x162
                0x00000164                __TACCTL1 = 0x164
                0x00000166                __TACCTL2 = 0x166
                0x00000170                __TAR = 0x170
                0x00000172                __TACCR0 = 0x172
                0x00000174                __TACCR1 = 0x174
                0x00000176                __TACCR2 = 0x176
                0x0000011e                __TBIV = 0x11e
                0x00000180                __TBCTL = 0x180
                0x00000182                __TBCCTL0 = 0x182
                0x00000184                __TBCCTL1 = 0x184
                0x00000186                __TBCCTL2 = 0x186
                0x00000188                __TBCCTL3 = 0x188
                0x0000018a                __TBCCTL4 = 0x18a
                0x0000018c                __TBCCTL5 = 0x18c
                0x0000018e                __TBCCTL6 = 0x18e
                0x00000190                __TBR = 0x190
                0x00000192                __TBCCR0 = 0x192
                0x00000194                __TBCCR1 = 0x194
                0x00000196                __TBCCR2 = 0x196
                0x00000198                __TBCCR3 = 0x198
                0x0000019a                __TBCCR4 = 0x19a
                0x0000019c                __TBCCR5 = 0x19c
                0x0000019e                __TBCCR6 = 0x19e
                0x00000056                __DCOCTL = 0x56
                0x00000057                __BCSCTL1 = 0x57
                0x00000058                __BCSCTL2 = 0x58
                0x00000055                __SVSCTL = 0x55
                0x00000128                __FCTL1 = 0x128
                0x0000012a                __FCTL2 = 0x12a
                0x0000012c                __FCTL3 = 0x12c
                0x00000059                __CACTL1 = 0x59
                0x0000005a                __CACTL2 = 0x5a
                0x0000005b                __CAPD = 0x5b
                0x000001a0                __ADC12CTL0 = 0x1a0
                0x000001a2                __ADC12CTL1 = 0x1a2
                0x000001a4                __ADC12IFG = 0x1a4
                0x000001a6                __ADC12IE = 0x1a6
                0x000001a8                __ADC12IV = 0x1a8
                0x00000140                __ADC12MEM0 = 0x140
                0x00000142                __ADC12MEM1 = 0x142
                0x00000144                __ADC12MEM2 = 0x144
                0x00000146                __ADC12MEM3 = 0x146
                0x00000148                __ADC12MEM4 = 0x148
                0x0000014a                __ADC12MEM5 = 0x14a
                0x0000014c                __ADC12MEM6 = 0x14c
                0x0000014e                __ADC12MEM7 = 0x14e
                0x00000150                __ADC12MEM8 = 0x150
                0x00000152                __ADC12MEM9 = 0x152
                0x00000154                __ADC12MEM10 = 0x154
                0x00000156                __ADC12MEM11 = 0x156
                0x00000158                __ADC12MEM12 = 0x158
                0x0000015a                __ADC12MEM13 = 0x15a
                0x0000015c                __ADC12MEM14 = 0x15c
                0x0000015e                __ADC12MEM15 = 0x15e
                0x00000080                __ADC12MCTL0 = 0x80
                0x00000081                __ADC12MCTL1 = 0x81
                0x00000082                __ADC12MCTL2 = 0x82
                0x00000083                __ADC12MCTL3 = 0x83
                0x00000084                __ADC12MCTL4 = 0x84
                0x00000085                __ADC12MCTL5 = 0x85
                0x00000086                __ADC12MCTL6 = 0x86
                0x00000087                __ADC12MCTL7 = 0x87
                0x00000088                __ADC12MCTL8 = 0x88
                0x00000089                __ADC12MCTL9 = 0x89
                0x0000008a                __ADC12MCTL10 = 0x8a
                0x0000008b                __ADC12MCTL11 = 0x8b
                0x0000008c                __ADC12MCTL12 = 0x8c
                0x0000008d                __ADC12MCTL13 = 0x8d
                0x0000008e                __ADC12MCTL14 = 0x8e
                0x0000008f                __ADC12MCTL15 = 0x8f
                0x000001c0                __DAC12_0CTL = 0x1c0
                0x000001c2                __DAC12_1CTL = 0x1c2
                0x000001c8                __DAC12_0DAT = 0x1c8
                0x000001ca                __DAC12_1DAT = 0x1ca
                0x00000122                __DMACTL0 = 0x122
                0x00000124                __DMACTL1 = 0x124
                0x000001e0                __DMA0CTL = 0x1e0
                0x000001e8                __DMA1CTL = 0x1e8
                0x000001f0                __DMA2CTL = 0x1f0
                0x000001e2                __DMA0SA = 0x1e2
                0x000001e4                __DMA0DA = 0x1e4
                0x000001e6                __DMA0SZ = 0x1e6
                0x000001ea                __DMA1SA = 0x1ea
                0x000001ec                __DMA1DA = 0x1ec
                0x000001ee                __DMA1SZ = 0x1ee
                0x000001f2                __DMA2SA = 0x1f2
                0x000001f4                __DMA2DA = 0x1f4
                0x000001f6                __DMA2SZ = 0x1f6

.hash
 *(.hash)

.dynsym
 *(.dynsym)

.dynstr
 *(.dynstr)

.gnu.version
 *(.gnu.version)

.gnu.version_d
 *(.gnu.version_d)

.gnu.version_r
 *(.gnu.version_r)

.rel.init
 *(.rel.init)

.rela.init
 *(.rela.init)

.rel.fini
 *(.rel.fini)

.rela.fini
 *(.rela.fini)

.rel.text
 *(.rel.text .rel.text.* .rel.gnu.linkonce.t.*)

.rela.text
 *(.rela.text .rela.text.* .rela.gnu.linkonce.t.*)

.rel.rodata
 *(.rel.rodata .rel.rodata.* .rel.gnu.linkonce.r.*)

.rela.rodata
 *(.rela.rodata .rela.rodata.* .rela.gnu.linkonce.r.*)

.rel.data
 *(.rel.data .rel.data.* .rel.gnu.linkonce.d.*)

.rela.data
 *(.rela.data .rela.data.* .rela.gnu.linkonce.d.*)

.rel.bss
 *(.rel.bss .rel.bss.* .rel.gnu.linkonce.b.*)

.rela.bss
 *(.rela.bss .rela.bss.* .rela.gnu.linkonce.b.*)

.rel.ctors
 *(.rel.ctors)

.rela.ctors
 *(.rela.ctors)

.rel.dtors
 *(.rel.dtors)

.rela.dtors
 *(.rela.dtors)

.rel.got
 *(.rel.got)

.rela.got
 *(.rela.got)

.rel.plt
 *(.rel.plt)

.rela.plt
 *(.rela.plt)

.text           0x00004000     0xb808
                0x00004000                . = ALIGN (0x2)
 *(.init .init.*)
 *(.init0)
 .init0         0x00004000        0x0 /usr/local/bin/../lib/gcc/msp430/4.7.2/mmpy-16/libcrt0.a(_reset_vector__.o)
                0x00004000                _reset_vector__
 *(.init1)
 .init1         0x00004000        0xc /usr/local/bin/../lib/gcc/msp430/4.7.2/mmpy-16/libcrt0.a(__watchdog_support.o)
                0x00004000                __watchdog_support
 *(.init2)
 .init2         0x0000400c        0x4 /usr/local/bin/../lib/gcc/msp430/4.7.2/mmpy-16/libcrt0.a(__init_stack.o)
                0x0000400c                __init_stack
 *(.init3)
 .init3         0x00004010        0x0 /usr/local/bin/../lib/gcc/msp430/4.7.2/mmpy-16/libcrt0.a(__low_level_init.o)
                0x00004010                __low_level_init
 *(.init4)
 .init4         0x00004010       0x18 /usr/local/bin/../lib/gcc/msp430/4.7.2/mmpy-16/libcrt0.a(_copy_data.o)
                0x00004010                __do_copy_data
 .init4         0x00004028       0x16 /usr/local/bin/../lib/gcc/msp430/4.7.2/mmpy-16/libcrt0.a(_clear_bss.o)
                0x00004028                __do_clear_bss
 *(.init5)
 *(.init6)
 *(.init7)
 *(.init8)
 *(.init9)
 .init9         0x0000403e      0x22e build/sky/obj/contiki-main.o
                0x0000403e                main
 *(.fini9)
 .fini9         0x0000426c        0x0 /usr/local/bin/../lib/gcc/msp430/4.7.2/mmpy-16/libcrt0.a(__stop_progExec__.o)
                0x0000426c                __stop_progExec__
 *(.fini8)
 *(.fini7)
 *(.fini6)
 *(.fini5)
 *(.fini4)
 *(.fini3)
 *(.fini2)
 *(.fini1)
 *(.fini0)
 .fini0         0x0000426c        0x6 /usr/local/bin/../lib/gcc/msp430/4.7.2/mmpy-16/libcrt0.a(_endless_loop__.o)
                0x0000426c                _endless_loop__
 *(.fini .fini.*)
                0x00004272                . = ALIGN (0x2)
                0x00004272                __ctors_start = .
 *(.ctors)
                0x00004272                __ctors_end = .
                0x00004272                __dtors_start = .
 *(.dtors)
                0x00004272                __dtors_end = .
                0x00004272                . = ALIGN (0x2)
 *(.text .text.* .gnu.linkonce.t.*)
 .text          0x00004272        0x4 /usr/local/bin/../lib/gcc/msp430/4.7.2/mmpy-16/crt0ivtbl16.o
                0x00004272                __isr_14
                0x00004272                __isr_11
                0x00004272                __isr_2
                0x00004272                __isr_7
                0x00004272                __isr_0
                0x00004272                __isr_8
                0x00004272                __isr_3
                0x00004272                __isr_12
                0x00004272                __isr_13
                0x00004272                __isr_9
 .text.process_thread_udp_client_process
                0x00004276       0xec sink.o
 .text.udp_rx_callback
                0x00004362       0xe2 sink.o
 .text.next_file
                0x00004444       0x22 build/sky/contiki-ng-sky.a(cfs-coffee.o)
 .text.load_file
                0x00004466       0x74 build/sky/contiki-ng-sky.a(cfs-coffee.o)
 .text.read_header
                0x000044da       0x26 build/sky/contiki-ng-sky.a(cfs-coffee.o)
 .text.find_file
                0x00004500       0xaa build/sky/contiki-ng-sky.a(cfs-coffee.o)
 .text.find_contiguous_pages
                0x000045aa       0x74 build/sky/contiki-ng-sky.a(cfs-coffee.o)
 .text.file_end
                0x0000461e       0xd0 build/sky/contiki-ng-sky.a(cfs-coffee.o)
 .text.write_header
                0x000046ee       0x2a build/sky/contiki-ng-sky.a(cfs-coffee.o)
 .text.remove_by_page.isra.0
                0x00004718       0xae build/sky/contiki-ng-sky.a(cfs-coffee.o)
 .text.reserve  0x000047c6      0x220 build/sky/contiki-ng-sky.a(cfs-coffee.o)
 .text.read_log_page
                0x000049e6      0x1fc build/sky/contiki-ng-sky.a(cfs-coffee.o)
 .text.cfs_open
                0x00004be2       0xc2 build/sky/contiki-ng-sky.a(cfs-coffee.o)
                0x00004be2                cfs_open
 .text.cfs_close
                0x00004ca4       0x2c build/sky/contiki-ng-sky.a(cfs-coffee.o)
                0x00004ca4                cfs_close
 .text.cfs_read
                0x00004cd0      0x178 build/sky/contiki-ng-sky.a(cfs-coffee.o)
                0x00004cd0                cfs_read
 .text.merge_log
                0x00004e48      0x1ac build/sky/contiki-ng-sky.a(cfs-coffee.o)
 .text.cfs_write
                0x00004ff4      0x598 build/sky/contiki-ng-sky.a(cfs-coffee.o)
                0x00004ff4                cfs_write
 .text.putchar  0x0000558c       0x10 build/sky/contiki-ng-sky.a(uart1-putchar.o)
                0x0000558c                putchar
 .text.platform_init_stage_one
                0x0000559c       0x12 build/sky/contiki-ng-sky.a(platform.o)
                0x0000559c                platform_init_stage_one
 .text.platform_init_stage_two
                0x000055ae       0x64 build/sky/contiki-ng-sky.a(platform.o)
                0x000055ae                platform_init_stage_two
 .text.platform_init_stage_three
                0x00005612       0x7a build/sky/contiki-ng-sky.a(platform.o)
                0x00005612                platform_init_stage_three
 .text.platform_idle
                0x0000568c       0x54 build/sky/contiki-ng-sky.a(platform.o)
                0x0000568c                platform_idle
 .text.msp430_init_dco
                0x000056e0       0x82 build/sky/contiki-ng-sky.a(msp430.o)
                0x000056e0                msp430_init_dco
 .text.msp430_add_lpm_req
                0x00005762        0xc build/sky/contiki-ng-sky.a(msp430.o)
                0x00005762                msp430_add_lpm_req
 .text.msp430_cpu_init
                0x0000576e       0x2a build/sky/contiki-ng-sky.a(msp430.o)
                0x0000576e                msp430_cpu_init
 .text.splhigh_
                0x00005798        0x8 build/sky/contiki-ng-sky.a(msp430.o)
                0x00005798                splhigh_
 .text.msp430_sync_dco
                0x000057a0       0x6c build/sky/contiki-ng-sky.a(msp430.o)
                0x000057a0                msp430_sync_dco
 .text.timera1  0x0000580c       0xdc build/sky/contiki-ng-sky.a(clock.o)
                0x0000580c                __isr_5
                0x0000580c                timera1
 .text.clock_time
                0x000058e8       0x1a build/sky/contiki-ng-sky.a(clock.o)
                0x000058e8                clock_time
 .text.clock_init
                0x00005902       0x28 build/sky/contiki-ng-sky.a(clock.o)
                0x00005902                clock_init
 .text.clock_delay
                0x0000592a        0xc build/sky/contiki-ng-sky.a(clock.o)
                0x0000592a                clock_delay
 .text.clock_seconds
                0x00005936       0x1a build/sky/contiki-ng-sky.a(clock.o)
                0x00005936                clock_seconds
 .text.leds_init
                0x00005950        0x6 build/sky/contiki-ng-sky.a(leds.o)
                0x00005950                leds_init
 .text.leds_on  0x00005956       0x12 build/sky/contiki-ng-sky.a(leds.o)
                0x00005956                leds_on
 .text.leds_off
                0x00005968       0x12 build/sky/contiki-ng-sky.a(leds.o)
                0x00005968                leds_off
 .text.leds_arch_init
                0x0000597a        0xe build/sky/contiki-ng-sky.a(leds-arch.o)
                0x0000597a                leds_arch_init
 .text.leds_arch_get
                0x00005988       0x34 build/sky/contiki-ng-sky.a(leds-arch.o)
                0x00005988                leds_arch_get
 .text.leds_arch_set
                0x000059bc       0x3e build/sky/contiki-ng-sky.a(leds-arch.o)
                0x000059bc                leds_arch_set
 .text.watchdog_interrupt
                0x000059fa        0x6 build/sky/contiki-ng-sky.a(watchdog.o)
                0x000059fa                __isr_10
                0x000059fa                watchdog_interrupt
 .text.watchdog_start
                0x00005a00       0x14 build/sky/contiki-ng-sky.a(watchdog.o)
                0x00005a00                watchdog_start
 .text.watchdog_periodic
                0x00005a14       0x12 build/sky/contiki-ng-sky.a(watchdog.o)
                0x00005a14                watchdog_periodic
 .text.watchdog_stop
                0x00005a26       0x16 build/sky/contiki-ng-sky.a(watchdog.o)
                0x00005a26                watchdog_stop
 .text.watchdog_init
                0x00005a3c       0x12 build/sky/contiki-ng-sky.a(watchdog.o)
                0x00005a3c                watchdog_init
 .text.autostart_start
                0x00005a4e       0x16 build/sky/contiki-ng-sky.a(autostart.o)
                0x00005a4e                autostart_start
 .text.process_thread_ctimer_process
                0x00005a64       0xa8 build/sky/contiki-ng-sky.a(ctimer.o)
 .text.ctimer_init
                0x00005b0c       0x18 build/sky/contiki-ng-sky.a(ctimer.o)
                0x00005b0c                ctimer_init
 .text.ctimer_set_with_process
                0x00005b24       0x4e build/sky/contiki-ng-sky.a(ctimer.o)
                0x00005b24                ctimer_set_with_process
 .text.ctimer_set
                0x00005b72       0x10 build/sky/contiki-ng-sky.a(ctimer.o)
                0x00005b72                ctimer_set
 .text.ctimer_reset
                0x00005b82       0x30 build/sky/contiki-ng-sky.a(ctimer.o)
                0x00005b82                ctimer_reset
 .text.ctimer_stop
                0x00005bb2       0x28 build/sky/contiki-ng-sky.a(ctimer.o)
                0x00005bb2                ctimer_stop
 .text.ctimer_expired
                0x00005bda       0x30 build/sky/contiki-ng-sky.a(ctimer.o)
                0x00005bda                ctimer_expired
 .text.log_6addr
                0x00005c0a       0x32 build/sky/contiki-ng-sky.a(log.o)
                0x00005c0a                log_6addr
 .text.log_lladdr
                0x00005c3c       0x44 build/sky/contiki-ng-sky.a(log.o)
                0x00005c3c                log_lladdr
 .text.energest_init
                0x00005c80        0x2 build/sky/contiki-ng-sky.a(energest.o)
                0x00005c80                energest_init
 .text.energest_flush
                0x00005c82        0x2 build/sky/contiki-ng-sky.a(energest.o)
                0x00005c82                energest_flush
 .text.update_time
                0x00005c84       0x78 build/sky/contiki-ng-sky.a(etimer.o)
 .text.etimer_request_poll
                0x00005cfc        0xa build/sky/contiki-ng-sky.a(etimer.o)
                0x00005cfc                etimer_request_poll
 .text.process_thread_etimer_process
                0x00005d06       0xcc build/sky/contiki-ng-sky.a(etimer.o)
 .text.add_timer
                0x00005dd2       0x40 build/sky/contiki-ng-sky.a(etimer.o)
 .text.etimer_set
                0x00005e12       0x12 build/sky/contiki-ng-sky.a(etimer.o)
                0x00005e12                etimer_set
 .text.etimer_reset
                0x00005e24       0x12 build/sky/contiki-ng-sky.a(etimer.o)
                0x00005e24                etimer_reset
 .text.etimer_expired
                0x00005e36        0xe build/sky/contiki-ng-sky.a(etimer.o)
                0x00005e36                etimer_expired
 .text.etimer_pending
                0x00005e44        0xc build/sky/contiki-ng-sky.a(etimer.o)
                0x00005e44                etimer_pending
 .text.etimer_next_expiration_time
                0x00005e50       0x16 build/sky/contiki-ng-sky.a(etimer.o)
                0x00005e50                etimer_next_expiration_time
 .text.etimer_stop
                0x00005e66       0x3e build/sky/contiki-ng-sky.a(etimer.o)
                0x00005e66                etimer_stop
 .text.node_id_init
                0x00005ea4       0x14 build/sky/contiki-ng-sky.a(node-id.o)
                0x00005ea4                node_id_init
 .text.call_process
                0x00005eb8       0x46 build/sky/contiki-ng-sky.a(process.o)
 .text.exit_process
                0x00005efe       0x96 build/sky/contiki-ng-sky.a(process.o)
 .text.do_poll  0x00005f94       0x30 build/sky/contiki-ng-sky.a(process.o)
 .text.process_alloc_event
                0x00005fc4        0xe build/sky/contiki-ng-sky.a(process.o)
                0x00005fc4                process_alloc_event
 .text.process_init
                0x00005fd2       0x18 build/sky/contiki-ng-sky.a(process.o)
                0x00005fd2                process_init
 .text.process_run
                0x00005fea       0x92 build/sky/contiki-ng-sky.a(process.o)
                0x00005fea                process_run
 .text.process_nevents
                0x0000607c        0xe build/sky/contiki-ng-sky.a(process.o)
                0x0000607c                process_nevents
 .text.process_post
                0x0000608a       0x42 build/sky/contiki-ng-sky.a(process.o)
                0x0000608a                process_post
 .text.process_post_synch
                0x000060cc       0x12 build/sky/contiki-ng-sky.a(process.o)
                0x000060cc                process_post_synch
 .text.process_start
                0x000060de       0x36 build/sky/contiki-ng-sky.a(process.o)
                0x000060de                process_start
 .text.process_poll
                0x00006114       0x18 build/sky/contiki-ng-sky.a(process.o)
                0x00006114                process_poll
 .text.rtimer_init
                0x0000612c        0x6 build/sky/contiki-ng-sky.a(rtimer.o)
                0x0000612c                rtimer_init
 .text.rtimer_run_next
                0x00006132       0x26 build/sky/contiki-ng-sky.a(rtimer.o)
                0x00006132                rtimer_run_next
 .text.timer_set
                0x00006158       0x1c build/sky/contiki-ng-sky.a(timer.o)
                0x00006158                timer_set
 .text.timer_expired
                0x00006174       0x2a build/sky/contiki-ng-sky.a(timer.o)
                0x00006174                timer_expired
 .text.timer_reset
                0x0000619e       0x1c build/sky/contiki-ng-sky.a(timer.o)
                0x0000619e                timer_reset
 .text.list_init
                0x000061ba        0x6 build/sky/contiki-ng-sky.a(list.o)
                0x000061ba                list_init
 .text.list_head
                0x000061c0        0x4 build/sky/contiki-ng-sky.a(list.o)
                0x000061c0                list_head
 .text.list_tail
                0x000061c4       0x12 build/sky/contiki-ng-sky.a(list.o)
                0x000061c4                list_tail
 .text.list_remove
                0x000061d6       0x34 build/sky/contiki-ng-sky.a(list.o)
                0x000061d6                list_remove
 .text.list_push
                0x0000620a       0x1a build/sky/contiki-ng-sky.a(list.o)
                0x0000620a                list_push
 .text.list_add
                0x00006224       0x2a build/sky/contiki-ng-sky.a(list.o)
                0x00006224                list_add
 .text.list_length
                0x0000624e       0x10 build/sky/contiki-ng-sky.a(list.o)
                0x0000624e                list_length
 .text.list_item_next
                0x0000625e        0xc build/sky/contiki-ng-sky.a(list.o)
                0x0000625e                list_item_next
 .text.random_init
                0x0000626a        0x6 build/sky/contiki-ng-sky.a(random.o)
                0x0000626a                random_init
 .text.random_rand
                0x00006270        0x6 build/sky/contiki-ng-sky.a(random.o)
                0x00006270                random_rand
 .text.queuebuf_init
                0x00006276       0x12 build/sky/contiki-ng-sky.a(queuebuf.o)
                0x00006276                queuebuf_init
 .text.queuebuf_numfree
                0x00006288        0xa build/sky/contiki-ng-sky.a(queuebuf.o)
                0x00006288                queuebuf_numfree
 .text.queuebuf_new_from_packetbuf
                0x00006292       0x52 build/sky/contiki-ng-sky.a(queuebuf.o)
                0x00006292                queuebuf_new_from_packetbuf
 .text.queuebuf_update_attr_from_packetbuf
                0x000062e4       0x12 build/sky/contiki-ng-sky.a(queuebuf.o)
                0x000062e4                queuebuf_update_attr_from_packetbuf
 .text.queuebuf_free
                0x000062f6       0x2a build/sky/contiki-ng-sky.a(queuebuf.o)
                0x000062f6                queuebuf_free
 .text.queuebuf_to_packetbuf
                0x00006320       0x32 build/sky/contiki-ng-sky.a(queuebuf.o)
                0x00006320                queuebuf_to_packetbuf
 .text.packetbuf_hdrreduce
                0x00006352       0x1a build/sky/contiki-ng-sky.a(packetbuf.o)
                0x00006352                packetbuf_hdrreduce
 .text.packetbuf_set_datalen
                0x0000636c        0x6 build/sky/contiki-ng-sky.a(packetbuf.o)
                0x0000636c                packetbuf_set_datalen
 .text.packetbuf_hdrptr
                0x00006372        0x6 build/sky/contiki-ng-sky.a(packetbuf.o)
                0x00006372                packetbuf_hdrptr
 .text.packetbuf_datalen
                0x00006378        0x6 build/sky/contiki-ng-sky.a(packetbuf.o)
                0x00006378                packetbuf_datalen
 .text.packetbuf_hdrlen
                0x0000637e        0xa build/sky/contiki-ng-sky.a(packetbuf.o)
                0x0000637e                packetbuf_hdrlen
 .text.packetbuf_dataptr
                0x00006388        0xc build/sky/contiki-ng-sky.a(packetbuf.o)
                0x00006388                packetbuf_dataptr
 .text.packetbuf_copyto
                0x00006394       0x46 build/sky/contiki-ng-sky.a(packetbuf.o)
                0x00006394                packetbuf_copyto
 .text.packetbuf_totlen
                0x000063da        0xc build/sky/contiki-ng-sky.a(packetbuf.o)
                0x000063da                packetbuf_totlen
 .text.packetbuf_hdralloc
                0x000063e6       0x3c build/sky/contiki-ng-sky.a(packetbuf.o)
                0x000063e6                packetbuf_hdralloc
 .text.packetbuf_attr_clear
                0x00006422       0x28 build/sky/contiki-ng-sky.a(packetbuf.o)
                0x00006422                packetbuf_attr_clear
 .text.packetbuf_clear
                0x0000644a       0x12 build/sky/contiki-ng-sky.a(packetbuf.o)
                0x0000644a                packetbuf_clear
 .text.packetbuf_copyfrom
                0x0000645c       0x2e build/sky/contiki-ng-sky.a(packetbuf.o)
                0x0000645c                packetbuf_copyfrom
 .text.packetbuf_attr_copyto
                0x0000648a       0x22 build/sky/contiki-ng-sky.a(packetbuf.o)
                0x0000648a                packetbuf_attr_copyto
 .text.packetbuf_attr_copyfrom
                0x000064ac       0x24 build/sky/contiki-ng-sky.a(packetbuf.o)
                0x000064ac                packetbuf_attr_copyfrom
 .text.packetbuf_set_attr
                0x000064d0        0xc build/sky/contiki-ng-sky.a(packetbuf.o)
                0x000064d0                packetbuf_set_attr
 .text.packetbuf_attr
                0x000064dc        0xa build/sky/contiki-ng-sky.a(packetbuf.o)
                0x000064dc                packetbuf_attr
 .text.packetbuf_set_addr
                0x000064e6       0x18 build/sky/contiki-ng-sky.a(packetbuf.o)
                0x000064e6                packetbuf_set_addr
 .text.packetbuf_addr
                0x000064fe       0x12 build/sky/contiki-ng-sky.a(packetbuf.o)
                0x000064fe                packetbuf_addr
 .text.packetbuf_holds_broadcast
                0x00006510        0xe build/sky/contiki-ng-sky.a(packetbuf.o)
                0x00006510                packetbuf_holds_broadcast
 .text.netstack_process_ip_callback
                0x0000651e       0x4e build/sky/contiki-ng-sky.a(netstack.o)
                0x0000651e                netstack_process_ip_callback
 .text.netstack_init
                0x0000656c        0xe build/sky/contiki-ng-sky.a(netstack.o)
                0x0000656c                netstack_init
 .text.linkaddr_copy
                0x0000657a        0x8 build/sky/contiki-ng-sky.a(linkaddr.o)
                0x0000657a                linkaddr_copy
 .text.linkaddr_cmp
                0x00006582       0x12 build/sky/contiki-ng-sky.a(linkaddr.o)
                0x00006582                linkaddr_cmp
 .text.linkaddr_set_node_addr
                0x00006594        0xc build/sky/contiki-ng-sky.a(linkaddr.o)
                0x00006594                linkaddr_set_node_addr
 .text.on       0x000065a0        0x6 build/sky/contiki-ng-sky.a(csma.o)
 .text.off      0x000065a6        0x6 build/sky/contiki-ng-sky.a(csma.o)
 .text.max_payload
                0x000065ac       0x38 build/sky/contiki-ng-sky.a(csma.o)
 .text.send_packet
                0x000065e4        0x6 build/sky/contiki-ng-sky.a(csma.o)
 .text.init     0x000065ea       0x1c build/sky/contiki-ng-sky.a(csma.o)
 .text.input_packet
                0x00006606       0x58 build/sky/contiki-ng-sky.a(csma.o)
 .text.schedule_transmission
                0x0000665e       0x70 build/sky/contiki-ng-sky.a(csma-output.o)
 .text.tx_done  0x000066ce       0x9a build/sky/contiki-ng-sky.a(csma-output.o)
 .text.transmit_from_queue
                0x00006768      0x1bc build/sky/contiki-ng-sky.a(csma-output.o)
 .text.csma_output_packet
                0x00006924      0x184 build/sky/contiki-ng-sky.a(csma-output.o)
                0x00006924                csma_output_packet
 .text.csma_output_init
                0x00006aa8       0x1a build/sky/contiki-ng-sky.a(csma-output.o)
                0x00006aa8                csma_output_init
 .text.uip_ds6_default_prefix
                0x00006ac2        0x6 build/sky/contiki-ng-sky.a(uip-ds6.o)
                0x00006ac2                uip_ds6_default_prefix
 .text.uip_ds6_list_loop
                0x00006ac8       0x92 build/sky/contiki-ng-sky.a(uip-ds6.o)
                0x00006ac8                uip_ds6_list_loop
 .text.uip_ds6_prefix_add
                0x00006b5a       0x80 build/sky/contiki-ng-sky.a(uip-ds6.o)
                0x00006b5a                uip_ds6_prefix_add
 .text.uip_ds6_is_addr_onlink
                0x00006bda       0x54 build/sky/contiki-ng-sky.a(uip-ds6.o)
                0x00006bda                uip_ds6_is_addr_onlink
 .text.uip_ds6_addr_lookup
                0x00006c2e       0x2a build/sky/contiki-ng-sky.a(uip-ds6.o)
                0x00006c2e                uip_ds6_addr_lookup
 .text.uip_ds6_get_link_local
                0x00006c58       0x3e build/sky/contiki-ng-sky.a(uip-ds6.o)
                0x00006c58                uip_ds6_get_link_local
 .text.uip_ds6_maddr_add
                0x00006c96       0x4c build/sky/contiki-ng-sky.a(uip-ds6.o)
                0x00006c96                uip_ds6_maddr_add
 .text.uip_ds6_addr_add
                0x00006ce2       0xc4 build/sky/contiki-ng-sky.a(uip-ds6.o)
                0x00006ce2                uip_ds6_addr_add
 .text.uip_ds6_maddr_rm
                0x00006da6        0xa build/sky/contiki-ng-sky.a(uip-ds6.o)
                0x00006da6                uip_ds6_maddr_rm
 .text.uip_ds6_maddr_lookup
                0x00006db0       0x2a build/sky/contiki-ng-sky.a(uip-ds6.o)
                0x00006db0                uip_ds6_maddr_lookup
 .text.uip_ds6_addr_rm
                0x00006dda       0x54 build/sky/contiki-ng-sky.a(uip-ds6.o)
                0x00006dda                uip_ds6_addr_rm
 .text.uip_ds6_periodic
                0x00006e2e       0x46 build/sky/contiki-ng-sky.a(uip-ds6.o)
                0x00006e2e                uip_ds6_periodic
 .text.uip_ds6_set_addr_iid
                0x00006e74       0x14 build/sky/contiki-ng-sky.a(uip-ds6.o)
                0x00006e74                uip_ds6_set_addr_iid
 .text.uip_ds6_set_lladdr_from_iid
                0x00006e88       0x14 build/sky/contiki-ng-sky.a(uip-ds6.o)
                0x00006e88                uip_ds6_set_lladdr_from_iid
 .text.get_match_length
                0x00006e9c       0x44 build/sky/contiki-ng-sky.a(uip-ds6.o)
                0x00006e9c                get_match_length
 .text.uip_ds6_select_src
                0x00006ee0       0xaa build/sky/contiki-ng-sky.a(uip-ds6.o)
                0x00006ee0                uip_ds6_select_src
 .text.uip_ds6_compute_reachable_time
                0x00006f8a       0x3e build/sky/contiki-ng-sky.a(uip-ds6.o)
                0x00006f8a                uip_ds6_compute_reachable_time
 .text.uip_ds6_init
                0x00006fc8      0x164 build/sky/contiki-ng-sky.a(uip-ds6.o)
                0x00006fc8                uip_ds6_init
 .text.uip_ds6_route_init
                0x0000712c       0x12 build/sky/contiki-ng-sky.a(uip-ds6-route.o)
                0x0000712c                uip_ds6_route_init
 .text.uip_ds6_route_nexthop
                0x0000713e        0x4 build/sky/contiki-ng-sky.a(uip-ds6-route.o)
                0x0000713e                uip_ds6_route_nexthop
 .text.uip_ds6_route_lookup
                0x00007142        0x4 build/sky/contiki-ng-sky.a(uip-ds6-route.o)
                0x00007142                uip_ds6_route_lookup
 .text.uip_ds6_route_rm
                0x00007146        0x2 build/sky/contiki-ng-sky.a(uip-ds6-route.o)
                0x00007146                uip_ds6_route_rm
 .text.uip_ds6_defrt_rm
                0x00007148       0x3c build/sky/contiki-ng-sky.a(uip-ds6-route.o)
                0x00007148                uip_ds6_defrt_rm
 .text.uip_ds6_defrt_lookup
                0x00007184       0x40 build/sky/contiki-ng-sky.a(uip-ds6-route.o)
                0x00007184                uip_ds6_defrt_lookup
 .text.uip_ds6_defrt_add
                0x000071c4       0x72 build/sky/contiki-ng-sky.a(uip-ds6-route.o)
                0x000071c4                uip_ds6_defrt_add
 .text.uip_ds6_defrt_choose
                0x00007236       0x3a build/sky/contiki-ng-sky.a(uip-ds6-route.o)
                0x00007236                uip_ds6_defrt_choose
 .text.uip_ds6_defrt_periodic
                0x00007270       0x38 build/sky/contiki-ng-sky.a(uip-ds6-route.o)
                0x00007270                uip_ds6_defrt_periodic
 .text.uip_ds6_nbr_rm
                0x000072a8       0x1e build/sky/contiki-ng-sky.a(uip-ds6-nbr.o)
                0x000072a8                uip_ds6_nbr_rm
 .text.uip_ds6_neighbors_init
                0x000072c6       0x12 build/sky/contiki-ng-sky.a(uip-ds6-nbr.o)
                0x000072c6                uip_ds6_neighbors_init
 .text.uip_ds6_nbr_add
                0x000072d8       0x3e build/sky/contiki-ng-sky.a(uip-ds6-nbr.o)
                0x000072d8                uip_ds6_nbr_add
 .text.uip_ds6_nbr_get_ll
                0x00007316        0xc build/sky/contiki-ng-sky.a(uip-ds6-nbr.o)
                0x00007316                uip_ds6_nbr_get_ll
 .text.uip_ds6_nbr_head
                0x00007322        0xa build/sky/contiki-ng-sky.a(uip-ds6-nbr.o)
                0x00007322                uip_ds6_nbr_head
 .text.uip_ds6_nbr_next
                0x0000732c        0xc build/sky/contiki-ng-sky.a(uip-ds6-nbr.o)
                0x0000732c                uip_ds6_nbr_next
 .text.uip_ds6_nbr_lookup
                0x00007338       0x3a build/sky/contiki-ng-sky.a(uip-ds6-nbr.o)
                0x00007338                uip_ds6_nbr_lookup
 .text.uip_ds6_nbr_ll_lookup
                0x00007372        0xc build/sky/contiki-ng-sky.a(uip-ds6-nbr.o)
                0x00007372                uip_ds6_nbr_ll_lookup
 .text.uip_ds6_nbr_update_ll
                0x0000737e       0x76 build/sky/contiki-ng-sky.a(uip-ds6-nbr.o)
                0x0000737e                uip_ds6_nbr_update_ll
 .text.uip_ds6_nbr_ipaddr_from_lladdr
                0x000073f4        0x6 build/sky/contiki-ng-sky.a(uip-ds6-nbr.o)
                0x000073f4                uip_ds6_nbr_ipaddr_from_lladdr
 .text.uip_ds6_nbr_lladdr_from_ipaddr
                0x000073fa       0x12 build/sky/contiki-ng-sky.a(uip-ds6-nbr.o)
                0x000073fa                uip_ds6_nbr_lladdr_from_ipaddr
 .text.uip_ds6_link_callback
                0x0000740c        0x2 build/sky/contiki-ng-sky.a(uip-ds6-nbr.o)
                0x0000740c                uip_ds6_link_callback
 .text.tcpip_output
                0x0000740e       0x22 build/sky/contiki-ng-sky.a(tcpip.o)
                0x0000740e                tcpip_output
 .text.udp_new  0x00007430       0x1a build/sky/contiki-ng-sky.a(tcpip.o)
                0x00007430                udp_new
 .text.tcpip_input
                0x0000744a       0x1e build/sky/contiki-ng-sky.a(tcpip.o)
                0x0000744a                tcpip_input
 .text.tcpip_ipv6_output
                0x00007468      0x114 build/sky/contiki-ng-sky.a(tcpip.o)
                0x00007468                tcpip_ipv6_output
 .text.packet_input.part.3
                0x0000757c       0x12 build/sky/contiki-ng-sky.a(tcpip.o)
 .text.process_thread_tcpip_process
                0x0000758e       0xcc build/sky/contiki-ng-sky.a(tcpip.o)
 .text.tcpip_uipcall
                0x0000765a       0x2a build/sky/contiki-ng-sky.a(tcpip.o)
                0x0000765a                tcpip_uipcall
 .text.chksum   0x00007684       0x32 build/sky/contiki-ng-sky.a(uip6.o)
 .text.upper_layer_chksum
                0x000076b6       0x58 build/sky/contiki-ng-sky.a(uip6.o)
 .text.ext_hdr_options_process
                0x0000770e       0xa4 build/sky/contiki-ng-sky.a(uip6.o)
 .text.uip_check_mtu
                0x000077b2       0x1e build/sky/contiki-ng-sky.a(uip6.o)
 .text.uip_update_ttl
                0x000077d0       0x24 build/sky/contiki-ng-sky.a(uip6.o)
 .text.uip_icmp6chksum
                0x000077f4        0xa build/sky/contiki-ng-sky.a(uip6.o)
                0x000077f4                uip_icmp6chksum
 .text.uip_udpchksum
                0x000077fe        0xa build/sky/contiki-ng-sky.a(uip6.o)
                0x000077fe                uip_udpchksum
 .text.uip_init
                0x00007808       0x3c build/sky/contiki-ng-sky.a(uip6.o)
                0x00007808                uip_init
 .text.uip_remove_ext_hdr
                0x00007844       0x5e build/sky/contiki-ng-sky.a(uip6.o)
                0x00007844                uip_remove_ext_hdr
 .text.uip_udp_new
                0x000078a2       0xac build/sky/contiki-ng-sky.a(uip6.o)
                0x000078a2                uip_udp_new
 .text.uip_process
                0x0000794e      0x4be build/sky/contiki-ng-sky.a(uip6.o)
                0x0000794e                uip_process
 .text.uip_htonl
                0x00007e0c       0x2e build/sky/contiki-ng-sky.a(uip6.o)
                0x00007e0c                uip_htonl
 .text.ns_input
                0x00007e3a      0x286 build/sky/contiki-ng-sky.a(uip-nd6.o)
 .text.uip_nd6_init
                0x000080c0        0xa build/sky/contiki-ng-sky.a(uip-nd6.o)
                0x000080c0                uip_nd6_init
 .text.process_thread_simple_udp_process
                0x000080ca       0xb8 build/sky/contiki-ng-sky.a(simple-udp.o)
 .text.simple_udp_sendto
                0x00008182       0x2c build/sky/contiki-ng-sky.a(simple-udp.o)
                0x00008182                simple_udp_sendto
 .text.simple_udp_register
                0x000081ae       0x96 build/sky/contiki-ng-sky.a(simple-udp.o)
                0x000081ae                simple_udp_register
 .text.clear_fragments
                0x00008244       0x40 build/sky/contiki-ng-sky.a(sicslowpan.o)
 .text.addr_context_lookup_by_number
                0x00008284       0x16 build/sky/contiki-ng-sky.a(sicslowpan.o)
 .text.sicslowpan_init
                0x0000829a       0x18 build/sky/contiki-ng-sky.a(sicslowpan.o)
                0x0000829a                sicslowpan_init
 .text.set_packet_attrs
                0x000082b2       0x66 build/sky/contiki-ng-sky.a(sicslowpan.o)
 .text.compress_addr_64
                0x00008318       0xae build/sky/contiki-ng-sky.a(sicslowpan.o)
 .text.addr_context_lookup_by_prefix
                0x000083c6       0x20 build/sky/contiki-ng-sky.a(sicslowpan.o)
 .text.send_packet
                0x000083e6       0x1a build/sky/contiki-ng-sky.a(sicslowpan.o)
 .text.fragment_copy_payload_and_send
                0x00008400       0x66 build/sky/contiki-ng-sky.a(sicslowpan.o)
 .text.output   0x00008466      0x7c6 build/sky/contiki-ng-sky.a(sicslowpan.o)
 .text.packet_sent
                0x00008c2c       0x56 build/sky/contiki-ng-sky.a(sicslowpan.o)
 .text.store_fragment
                0x00008c82       0xb4 build/sky/contiki-ng-sky.a(sicslowpan.o)
 .text.add_fragment
                0x00008d36      0x1fc build/sky/contiki-ng-sky.a(sicslowpan.o)
 .text.uncompress_addr
                0x00008f32       0xb4 build/sky/contiki-ng-sky.a(sicslowpan.o)
 .text.input    0x00008fe6      0x8b0 build/sky/contiki-ng-sky.a(sicslowpan.o)
 .text.uiplib_ipaddr_snprint
                0x00009896      0x12c build/sky/contiki-ng-sky.a(uiplib.o)
                0x00009896                uiplib_ipaddr_snprint
 .text.rpl_has_joined
                0x000099c2       0x12 build/sky/contiki-ng-sky.a(rpl.o)
                0x000099c2                rpl_has_joined
 .text.rpl_is_reachable
                0x000099d4       0x12 build/sky/contiki-ng-sky.a(rpl.o)
                0x000099d4                rpl_is_reachable
 .text.neighbor_state_changed
                0x000099e6        0x2 build/sky/contiki-ng-sky.a(rpl.o)
 .text.drop_route
                0x000099e8        0x2 build/sky/contiki-ng-sky.a(rpl.o)
 .text.rpl_get_leaf_only
                0x000099ea        0x6 build/sky/contiki-ng-sky.a(rpl.o)
                0x000099ea                rpl_get_leaf_only
 .text.get_sr_node_ipaddr
                0x000099f0       0x34 build/sky/contiki-ng-sky.a(rpl.o)
 .text.init     0x00009a24       0x42 build/sky/contiki-ng-sky.a(rpl.o)
 .text.set_ip_from_prefix
                0x00009a66       0x38 build/sky/contiki-ng-sky.a(rpl.o)
 .text.rpl_link_callback
                0x00009a9e       0x1e build/sky/contiki-ng-sky.a(rpl.o)
                0x00009a9e                rpl_link_callback
 .text.rpl_lollipop_greater_than
                0x00009abc       0x3c build/sky/contiki-ng-sky.a(rpl.o)
                0x00009abc                rpl_lollipop_greater_than
 .text.rpl_get_global_address
                0x00009af8       0xbe build/sky/contiki-ng-sky.a(rpl.o)
                0x00009af8                rpl_get_global_address
 .text.rpl_reset_prefix
                0x00009bb6       0x24 build/sky/contiki-ng-sky.a(rpl.o)
                0x00009bb6                rpl_reset_prefix
 .text.rpl_set_prefix_from_addr
                0x00009bda       0x92 build/sky/contiki-ng-sky.a(rpl.o)
                0x00009bda                rpl_set_prefix_from_addr
 .text.rpl_dag_root_set_prefix
                0x00009c6c       0x62 build/sky/contiki-ng-sky.a(rpl-dag-root.o)
                0x00009c6c                rpl_dag_root_set_prefix
 .text.rpl_dag_root_start
                0x00009cce       0x8e build/sky/contiki-ng-sky.a(rpl-dag-root.o)
                0x00009cce                rpl_dag_root_start
 .text.rpl_dag_root_is_root
                0x00009d5c       0x14 build/sky/contiki-ng-sky.a(rpl-dag-root.o)
                0x00009d5c                rpl_dag_root_is_root
 .text.init_platform
                0x00009d70        0xc build/sky/contiki-ng-sky.a(contiki-sky-pla)
                0x00009d70                init_platform
 .text.status   0x00009d7c       0x18 build/sky/contiki-ng-sky.a(button-sensor.o)
 .text.value    0x00009d94       0x20 build/sky/contiki-ng-sky.a(button-sensor.o)
 .text.configure
                0x00009db4       0x4c build/sky/contiki-ng-sky.a(button-sensor.o)
 .text.irq_p2   0x00009e00       0x46 build/sky/contiki-ng-sky.a(button-sensor.o)
                0x00009e00                irq_p2
                0x00009e00                __isr_1
 .text.owreadb  0x00009e46       0x50 build/sky/contiki-ng-sky.a(ds2411.o)
 .text.ds2411_init
                0x00009e96      0x120 build/sky/contiki-ng-sky.a(ds2411.o)
                0x00009e96                ds2411_init
 .text.write_enable
                0x00009fb6       0x28 build/sky/contiki-ng-sky.a(xmem.o)
 .text.wait_ready
                0x00009fde       0x4a build/sky/contiki-ng-sky.a(xmem.o)
 .text.xmem_init
                0x0000a028       0x3c build/sky/contiki-ng-sky.a(xmem.o)
                0x0000a028                xmem_init
 .text.xmem_pread
                0x0000a064       0xa4 build/sky/contiki-ng-sky.a(xmem.o)
                0x0000a064                xmem_pread
 .text.xmem_pwrite
                0x0000a108      0x102 build/sky/contiki-ng-sky.a(xmem.o)
                0x0000a108                xmem_pwrite
 .text.xmem_erase
                0x0000a20a       0xba build/sky/contiki-ng-sky.a(xmem.o)
                0x0000a20a                xmem_erase
 .text.process_thread_sensors_process
                0x0000a2c4       0xc2 build/sky/contiki-ng-sky.a(sensors.o)
 .text.sensors_changed
                0x0000a386       0x2a build/sky/contiki-ng-sky.a(sensors.o)
                0x0000a386                sensors_changed
 .text.get_object
                0x0000a3b0        0x4 build/sky/contiki-ng-sky.a(cc2420.o)
 .text.set_object
                0x0000a3b4        0x4 build/sky/contiki-ng-sky.a(cc2420.o)
 .text.strobe   0x0000a3b8       0x1c build/sky/contiki-ng-sky.a(cc2420.o)
 .text.getreg   0x0000a3d4       0x4c build/sky/contiki-ng-sky.a(cc2420.o)
 .text.setreg   0x0000a420       0x4c build/sky/contiki-ng-sky.a(cc2420.o)
 .text.write_ram
                0x0000a46c       0x7c build/sky/contiki-ng-sky.a(cc2420.o)
 .text.write_fifo_buf
                0x0000a4e8       0x3c build/sky/contiki-ng-sky.a(cc2420.o)
 .text.get_status
                0x0000a524       0x20 build/sky/contiki-ng-sky.a(cc2420.o)
 .text.on       0x0000a544       0x1a build/sky/contiki-ng-sky.a(cc2420.o)
 .text.cc2420_receiving_packet
                0x0000a55e        0xc build/sky/contiki-ng-sky.a(cc2420.o)
 .text.pending_packet
                0x0000a56a        0x8 build/sky/contiki-ng-sky.a(cc2420.o)
 .text.wait_for_transmission
                0x0000a572       0x22 build/sky/contiki-ng-sky.a(cc2420.o)
 .text.wait_for_status
                0x0000a594       0x28 build/sky/contiki-ng-sky.a(cc2420.o)
 .text.getrxdata
                0x0000a5bc       0x50 build/sky/contiki-ng-sky.a(cc2420.o)
 .text.flushrx  0x0000a60c       0x1a build/sky/contiki-ng-sky.a(cc2420.o)
 .text.off      0x0000a626       0x28 build/sky/contiki-ng-sky.a(cc2420.o)
 .text.RELEASE_LOCK
                0x0000a64e       0x28 build/sky/contiki-ng-sky.a(cc2420.o)
 .text.set_key  0x0000a676       0x18 build/sky/contiki-ng-sky.a(cc2420.o)
 .text.set_frame_filtering
                0x0000a68e       0x30 build/sky/contiki-ng-sky.a(cc2420.o)
 .text.set_auto_ack
                0x0000a6be       0x30 build/sky/contiki-ng-sky.a(cc2420.o)
 .text.set_poll_mode
                0x0000a6ee       0x2c build/sky/contiki-ng-sky.a(cc2420.o)
 .text.cc2420_prepare
                0x0000a71a       0x46 build/sky/contiki-ng-sky.a(cc2420.o)
 .text.cc2420_on
                0x0000a760       0x22 build/sky/contiki-ng-sky.a(cc2420.o)
                0x0000a760                cc2420_on
 .text.cc2420_transmit
                0x0000a782       0x66 build/sky/contiki-ng-sky.a(cc2420.o)
 .text.cc2420_send
                0x0000a7e8       0x12 build/sky/contiki-ng-sky.a(cc2420.o)
 .text.cc2420_off
                0x0000a7fa       0x30 build/sky/contiki-ng-sky.a(cc2420.o)
                0x0000a7fa                cc2420_off
 .text.cc2420_cca
                0x0000a82a       0x68 build/sky/contiki-ng-sky.a(cc2420.o)
 .text.cc2420_read
                0x0000a892       0xbe build/sky/contiki-ng-sky.a(cc2420.o)
 .text.process_thread_cc2420_process
                0x0000a950       0x62 build/sky/contiki-ng-sky.a(cc2420.o)
 .text.encrypt  0x0000a9b2       0x88 build/sky/contiki-ng-sky.a(cc2420.o)
 .text.cc2420_set_channel
                0x0000aa3a       0x3c build/sky/contiki-ng-sky.a(cc2420.o)
                0x0000aa3a                cc2420_set_channel
 .text.cc2420_set_pan_addr
                0x0000aa76       0x4c build/sky/contiki-ng-sky.a(cc2420.o)
                0x0000aa76                cc2420_set_pan_addr
 .text.cc2420_interrupt
                0x0000aac2       0x16 build/sky/contiki-ng-sky.a(cc2420.o)
                0x0000aac2                cc2420_interrupt
 .text.cc2420_set_txpower
                0x0000aad8       0x2c build/sky/contiki-ng-sky.a(cc2420.o)
                0x0000aad8                cc2420_set_txpower
 .text.cc2420_get_txpower
                0x0000ab04       0x1e build/sky/contiki-ng-sky.a(cc2420.o)
                0x0000ab04                cc2420_get_txpower
 .text.cc2420_rssi
                0x0000ab22       0x4c build/sky/contiki-ng-sky.a(cc2420.o)
                0x0000ab22                cc2420_rssi
 .text.get_value
                0x0000ab6e      0x11e build/sky/contiki-ng-sky.a(cc2420.o)
 .text.cc2420_set_cca_threshold
                0x0000ac8c       0x16 build/sky/contiki-ng-sky.a(cc2420.o)
                0x0000ac8c                cc2420_set_cca_threshold
 .text.set_value
                0x0000aca2      0x150 build/sky/contiki-ng-sky.a(cc2420.o)
 .text.cc2420_init
                0x0000adf2       0xea build/sky/contiki-ng-sky.a(cc2420.o)
                0x0000adf2                cc2420_init
 .text.cc2420_port1_interrupt
                0x0000aedc       0x20 build/sky/contiki-ng-sky.a(cc2420-arch.o)
                0x0000aedc                __isr_4
                0x0000aedc                cc2420_port1_interrupt
 .text.cc2420_arch_init
                0x0000aefc       0x1a build/sky/contiki-ng-sky.a(cc2420-arch.o)
                0x0000aefc                cc2420_arch_init
 .text.uart1_active
                0x0000af16       0x18 build/sky/contiki-ng-sky.a(uart1.o)
                0x0000af16                uart1_active
 .text.uart1_writeb
                0x0000af2e       0x18 build/sky/contiki-ng-sky.a(uart1.o)
                0x0000af2e                uart1_writeb
 .text.uart1_init
                0x0000af46       0xf4 build/sky/contiki-ng-sky.a(uart1.o)
                0x0000af46                uart1_init
 .text.timera0  0x0000b03a       0x2e build/sky/contiki-ng-sky.a(rtimer-arch.o)
                0x0000b03a                __isr_6
                0x0000b03a                timera0
 .text.rtimer_arch_init
                0x0000b068        0xe build/sky/contiki-ng-sky.a(rtimer-arch.o)
                0x0000b068                rtimer_arch_init
 .text.rtimer_arch_now
                0x0000b076        0xe build/sky/contiki-ng-sky.a(rtimer-arch.o)
                0x0000b076                rtimer_arch_now
 .text.rtimer_arch_schedule
                0x0000b084        0x6 build/sky/contiki-ng-sky.a(rtimer-arch.o)
                0x0000b084                rtimer_arch_schedule
 .text.stimer_set
                0x0000b08a       0x1c build/sky/contiki-ng-sky.a(stimer.o)
                0x0000b08a                stimer_set
 .text.stimer_expired
                0x0000b0a6       0x30 build/sky/contiki-ng-sky.a(stimer.o)
                0x0000b0a6                stimer_expired
 .text.memb_init
                0x0000b0d6       0x36 build/sky/contiki-ng-sky.a(memb.o)
                0x0000b0d6                memb_init
 .text.memb_alloc
                0x0000b10c       0x3e build/sky/contiki-ng-sky.a(memb.o)
                0x0000b10c                memb_alloc
 .text.memb_free
                0x0000b14a       0x32 build/sky/contiki-ng-sky.a(memb.o)
                0x0000b14a                memb_free
 .text.memb_inmemb
                0x0000b17c       0x2a build/sky/contiki-ng-sky.a(memb.o)
                0x0000b17c                memb_inmemb
 .text.memb_numfree
                0x0000b1a6       0x26 build/sky/contiki-ng-sky.a(memb.o)
                0x0000b1a6                memb_numfree
 .text.item_from_index
                0x0000b1cc       0x2a build/sky/contiki-ng-sky.a(nbr-table.o)
 .text.index_from_key
                0x0000b1f6       0x26 build/sky/contiki-ng-sky.a(nbr-table.o)
 .text.index_from_item
                0x0000b21c       0x1e build/sky/contiki-ng-sky.a(nbr-table.o)
 .text.nbr_set_bit
                0x0000b23a       0x58 build/sky/contiki-ng-sky.a(nbr-table.o)
 .text.index_from_lladdr
                0x0000b292       0x42 build/sky/contiki-ng-sky.a(nbr-table.o)
 .text.nbr_get_bit.constprop.0
                0x0000b2d4       0x2e build/sky/contiki-ng-sky.a(nbr-table.o)
 .text.nbr_table_is_registered
                0x0000b302       0x22 build/sky/contiki-ng-sky.a(nbr-table.o)
                0x0000b302                nbr_table_is_registered
 .text.nbr_table_register
                0x0000b324       0x40 build/sky/contiki-ng-sky.a(nbr-table.o)
                0x0000b324                nbr_table_register
 .text.nbr_table_next
                0x0000b364       0x54 build/sky/contiki-ng-sky.a(nbr-table.o)
                0x0000b364                nbr_table_next
 .text.nbr_table_head
                0x0000b3b8       0x3a build/sky/contiki-ng-sky.a(nbr-table.o)
                0x0000b3b8                nbr_table_head
 .text.nbr_table_add_lladdr
                0x0000b3f2      0x168 build/sky/contiki-ng-sky.a(nbr-table.o)
                0x0000b3f2                nbr_table_add_lladdr
 .text.nbr_table_get_from_lladdr
                0x0000b55a       0x2c build/sky/contiki-ng-sky.a(nbr-table.o)
                0x0000b55a                nbr_table_get_from_lladdr
 .text.nbr_table_remove
                0x0000b586       0x32 build/sky/contiki-ng-sky.a(nbr-table.o)
                0x0000b586                nbr_table_remove
 .text.nbr_table_lock
                0x0000b5b8       0x10 build/sky/contiki-ng-sky.a(nbr-table.o)
                0x0000b5b8                nbr_table_lock
 .text.nbr_table_unlock
                0x0000b5c8       0x10 build/sky/contiki-ng-sky.a(nbr-table.o)
                0x0000b5c8                nbr_table_unlock
 .text.nbr_table_get_lladdr
                0x0000b5d8       0x22 build/sky/contiki-ng-sky.a(nbr-table.o)
                0x0000b5d8                nbr_table_get_lladdr
 .text.periodic
                0x0000b5fa       0x28 build/sky/contiki-ng-sky.a(link-stats.o)
 .text.link_stats_from_lladdr
                0x0000b622        0xc build/sky/contiki-ng-sky.a(link-stats.o)
                0x0000b622                link_stats_from_lladdr
 .text.link_stats_is_fresh
                0x0000b62e       0x30 build/sky/contiki-ng-sky.a(link-stats.o)
                0x0000b62e                link_stats_is_fresh
 .text.guess_etx_from_rssi
                0x0000b65e       0x42 build/sky/contiki-ng-sky.a(link-stats.o)
                0x0000b65e                guess_etx_from_rssi
 .text.link_stats_packet_sent
                0x0000b6a0       0xde build/sky/contiki-ng-sky.a(link-stats.o)
                0x0000b6a0                link_stats_packet_sent
 .text.link_stats_input_callback
                0x0000b77e       0xb4 build/sky/contiki-ng-sky.a(link-stats.o)
                0x0000b77e                link_stats_input_callback
 .text.link_stats_reset
                0x0000b832       0x2a build/sky/contiki-ng-sky.a(link-stats.o)
                0x0000b832                link_stats_reset
 .text.link_stats_init
                0x0000b85c       0x22 build/sky/contiki-ng-sky.a(link-stats.o)
                0x0000b85c                link_stats_init
 .text.mac_sequence_is_duplicate
                0x0000b87e       0x84 build/sky/contiki-ng-sky.a(mac-sequence.o)
                0x0000b87e                mac_sequence_is_duplicate
 .text.mac_sequence_register_seqno
                0x0000b902       0x90 build/sky/contiki-ng-sky.a(mac-sequence.o)
                0x0000b902                mac_sequence_register_seqno
 .text.mac_call_sent_callback
                0x0000b992       0x14 build/sky/contiki-ng-sky.a(mac.o)
                0x0000b992                mac_call_sent_callback
 .text.parse    0x0000b9a6       0xa0 build/sky/contiki-ng-sky.a(framer-802154.o)
 .text.framer_802154_setup_params
                0x0000ba46       0xb8 build/sky/contiki-ng-sky.a(framer-802154.o)
                0x0000ba46                framer_802154_setup_params
 .text.create_frame
                0x0000bafe       0xde build/sky/contiki-ng-sky.a(framer-802154.o)
 .text.create   0x0000bbdc        0x8 build/sky/contiki-ng-sky.a(framer-802154.o)
 .text.hdr_length
                0x0000bbe4        0x8 build/sky/contiki-ng-sky.a(framer-802154.o)
 .text.frame802154_get_pan_id
                0x0000bbec        0x6 build/sky/contiki-ng-sky.a(frame802154.o)
                0x0000bbec                frame802154_get_pan_id
 .text.frame802154_has_panid
                0x0000bbf2       0xe0 build/sky/contiki-ng-sky.a(frame802154.o)
                0x0000bbf2                frame802154_has_panid
 .text.field_len
                0x0000bcd2       0xac build/sky/contiki-ng-sky.a(frame802154.o)
 .text.frame802154_is_broadcast_addr
                0x0000bd7e       0x28 build/sky/contiki-ng-sky.a(frame802154.o)
                0x0000bd7e                frame802154_is_broadcast_addr
 .text.frame802154_hdrlen
                0x0000bda6       0x32 build/sky/contiki-ng-sky.a(frame802154.o)
                0x0000bda6                frame802154_hdrlen
 .text.frame802154_create_fcf
                0x0000bdd8       0x96 build/sky/contiki-ng-sky.a(frame802154.o)
                0x0000bdd8                frame802154_create_fcf
 .text.frame802154_create
                0x0000be6e       0xe4 build/sky/contiki-ng-sky.a(frame802154.o)
                0x0000be6e                frame802154_create
 .text.frame802154_parse_fcf
                0x0000bf52       0xbc build/sky/contiki-ng-sky.a(frame802154.o)
                0x0000bf52                frame802154_parse_fcf
 .text.frame802154_parse
                0x0000c00e      0x168 build/sky/contiki-ng-sky.a(frame802154.o)
                0x0000c00e                frame802154_parse
 .text.csma_security_create_frame
                0x0000c176       0x10 build/sky/contiki-ng-sky.a(csma-security.o)
                0x0000c176                csma_security_create_frame
 .text.csma_security_parse_frame
                0x0000c186        0x6 build/sky/contiki-ng-sky.a(csma-security.o)
                0x0000c186                csma_security_parse_frame
 .text.uipbuf_add_ext_hdr
                0x0000c18c       0x1c build/sky/contiki-ng-sky.a(uipbuf.o)
                0x0000c18c                uipbuf_add_ext_hdr
 .text.uipbuf_set_len
                0x0000c1a8       0x12 build/sky/contiki-ng-sky.a(uipbuf.o)
                0x0000c1a8                uipbuf_set_len
 .text.uipbuf_set_len_field
                0x0000c1ba        0xe build/sky/contiki-ng-sky.a(uipbuf.o)
                0x0000c1ba                uipbuf_set_len_field
 .text.uipbuf_get_len_field
                0x0000c1c8        0xe build/sky/contiki-ng-sky.a(uipbuf.o)
                0x0000c1c8                uipbuf_get_len_field
 .text.uipbuf_get_next_header
                0x0000c1d6       0x62 build/sky/contiki-ng-sky.a(uipbuf.o)
                0x0000c1d6                uipbuf_get_next_header
 .text.uipbuf_get_last_header
                0x0000c238       0x3e build/sky/contiki-ng-sky.a(uipbuf.o)
                0x0000c238                uipbuf_get_last_header
 .text.uipbuf_search_header
                0x0000c276       0x4e build/sky/contiki-ng-sky.a(uipbuf.o)
                0x0000c276                uipbuf_search_header
 .text.uipbuf_get_attr
                0x0000c2c4       0x14 build/sky/contiki-ng-sky.a(uipbuf.o)
                0x0000c2c4                uipbuf_get_attr
 .text.uipbuf_clear_attr
                0x0000c2d8       0x12 build/sky/contiki-ng-sky.a(uipbuf.o)
                0x0000c2d8                uipbuf_clear_attr
 .text.uipbuf_clear
                0x0000c2ea       0x12 build/sky/contiki-ng-sky.a(uipbuf.o)
                0x0000c2ea                uipbuf_clear
 .text.uipbuf_init
                0x0000c2fc       0x1a build/sky/contiki-ng-sky.a(uipbuf.o)
                0x0000c2fc                uipbuf_init
 .text.echo_reply_input
                0x0000c316       0x68 build/sky/contiki-ng-sky.a(uip-icmp6.o)
 .text.echo_request_input
                0x0000c37e       0x86 build/sky/contiki-ng-sky.a(uip-icmp6.o)
 .text.uip_icmp6_input
                0x0000c404       0x48 build/sky/contiki-ng-sky.a(uip-icmp6.o)
                0x0000c404                uip_icmp6_input
 .text.uip_icmp6_register_input_handler
                0x0000c44c        0xc build/sky/contiki-ng-sky.a(uip-icmp6.o)
                0x0000c44c                uip_icmp6_register_input_handler
 .text.uip_icmp6_error_output
                0x0000c458      0x146 build/sky/contiki-ng-sky.a(uip-icmp6.o)
                0x0000c458                uip_icmp6_error_output
 .text.uip_icmp6_send
                0x0000c59e       0x8e build/sky/contiki-ng-sky.a(uip-icmp6.o)
                0x0000c59e                uip_icmp6_send
 .text.uip_icmp6_init
                0x0000c62c       0x12 build/sky/contiki-ng-sky.a(uip-icmp6.o)
                0x0000c62c                uip_icmp6_init
 .text.node_matches_address.part.0
                0x0000c63e       0x2e build/sky/contiki-ng-sky.a(uip-sr.o)
 .text.uip_sr_get_node
                0x0000c66c       0x44 build/sky/contiki-ng-sky.a(uip-sr.o)
                0x0000c66c                uip_sr_get_node
 .text.uip_sr_is_addr_reachable
                0x0000c6b0       0x4e build/sky/contiki-ng-sky.a(uip-sr.o)
                0x0000c6b0                uip_sr_is_addr_reachable
 .text.uip_sr_expire_parent
                0x0000c6fe       0x42 build/sky/contiki-ng-sky.a(uip-sr.o)
                0x0000c6fe                uip_sr_expire_parent
 .text.uip_sr_update_node
                0x0000c740       0xbc build/sky/contiki-ng-sky.a(uip-sr.o)
                0x0000c740                uip_sr_update_node
 .text.uip_sr_init
                0x0000c7fc       0x16 build/sky/contiki-ng-sky.a(uip-sr.o)
                0x0000c7fc                uip_sr_init
 .text.uip_sr_periodic
                0x0000c812       0x9a build/sky/contiki-ng-sky.a(uip-sr.o)
                0x0000c812                uip_sr_periodic
 .text.uip_sr_free_all
                0x0000c8ac       0x3c build/sky/contiki-ng-sky.a(uip-sr.o)
                0x0000c8ac                uip_sr_free_all
 .text.uip_udp_packet_send
                0x0000c8e8       0x2a build/sky/contiki-ng-sky.a(uip-udp-packet.)
                0x0000c8e8                uip_udp_packet_send
 .text.uip_udp_packet_sendto
                0x0000c912       0x66 build/sky/contiki-ng-sky.a(uip-udp-packet.)
                0x0000c912                uip_udp_packet_sendto
 .text.get32    0x0000c978       0x46 build/sky/contiki-ng-sky.a(rpl-icmp6.o)
 .text.set32    0x0000c9be       0x2a build/sky/contiki-ng-sky.a(rpl-icmp6.o)
 .text.get16    0x0000c9e8        0xe build/sky/contiki-ng-sky.a(rpl-icmp6.o)
 .text.set16    0x0000c9f6       0x10 build/sky/contiki-ng-sky.a(rpl-icmp6.o)
 .text.dao_ack_input
                0x0000ca06       0x30 build/sky/contiki-ng-sky.a(rpl-icmp6.o)
 .text.dao_input
                0x0000ca36      0x13c build/sky/contiki-ng-sky.a(rpl-icmp6.o)
 .text.dio_input
                0x0000cb72      0x29c build/sky/contiki-ng-sky.a(rpl-icmp6.o)
 .text.dis_input
                0x0000ce0e       0x1e build/sky/contiki-ng-sky.a(rpl-icmp6.o)
 .text.rpl_icmp6_update_nbr_table
                0x0000ce2c       0x36 build/sky/contiki-ng-sky.a(rpl-icmp6.o)
                0x0000ce2c                rpl_icmp6_update_nbr_table
 .text.rpl_icmp6_dis_output
                0x0000ce62       0x34 build/sky/contiki-ng-sky.a(rpl-icmp6.o)
                0x0000ce62                rpl_icmp6_dis_output
 .text.rpl_icmp6_dio_output
                0x0000ce96      0x23a build/sky/contiki-ng-sky.a(rpl-icmp6.o)
                0x0000ce96                rpl_icmp6_dio_output
 .text.rpl_icmp6_dao_output
                0x0000d0d0       0xe2 build/sky/contiki-ng-sky.a(rpl-icmp6.o)
                0x0000d0d0                rpl_icmp6_dao_output
 .text.rpl_icmp6_dao_ack_output
                0x0000d1b2       0x4e build/sky/contiki-ng-sky.a(rpl-icmp6.o)
                0x0000d1b2                rpl_icmp6_dao_ack_output
 .text.rpl_icmp6_init
                0x0000d200       0x22 build/sky/contiki-ng-sky.a(rpl-icmp6.o)
                0x0000d200                rpl_icmp6_init
 .text.remove_neighbor
                0x0000d222       0x24 build/sky/contiki-ng-sky.a(rpl-neighbor.o)
 .text.rpl_neighbor_get_from_lladdr
                0x0000d246        0xc build/sky/contiki-ng-sky.a(rpl-neighbor.o)
                0x0000d246                rpl_neighbor_get_from_lladdr
 .text.rpl_neighbor_rank_via_nbr
                0x0000d252       0x18 build/sky/contiki-ng-sky.a(rpl-neighbor.o)
                0x0000d252                rpl_neighbor_rank_via_nbr
 .text.rpl_neighbor_get_lladdr
                0x0000d26a        0xc build/sky/contiki-ng-sky.a(rpl-neighbor.o)
                0x0000d26a                rpl_neighbor_get_lladdr
 .text.rpl_neighbor_get_ipaddr
                0x0000d276        0xa build/sky/contiki-ng-sky.a(rpl-neighbor.o)
                0x0000d276                rpl_neighbor_get_ipaddr
 .text.rpl_neighbor_get_link_stats
                0x0000d280        0xa build/sky/contiki-ng-sky.a(rpl-neighbor.o)
                0x0000d280                rpl_neighbor_get_link_stats
 .text.rpl_neighbor_is_fresh
                0x0000d28a        0xa build/sky/contiki-ng-sky.a(rpl-neighbor.o)
                0x0000d28a                rpl_neighbor_is_fresh
 .text.best_parent
                0x0000d294       0xb4 build/sky/contiki-ng-sky.a(rpl-neighbor.o)
 .text.rpl_neighbor_is_parent
                0x0000d348       0x18 build/sky/contiki-ng-sky.a(rpl-neighbor.o)
                0x0000d348                rpl_neighbor_is_parent
 .text.rpl_neighbor_set_preferred_parent
                0x0000d360       0x48 build/sky/contiki-ng-sky.a(rpl-neighbor.o)
                0x0000d360                rpl_neighbor_set_preferred_parent
 .text.rpl_neighbor_remove_all
                0x0000d3a8       0x30 build/sky/contiki-ng-sky.a(rpl-neighbor.o)
                0x0000d3a8                rpl_neighbor_remove_all
 .text.rpl_neighbor_get_from_ipaddr
                0x0000d3d8       0x14 build/sky/contiki-ng-sky.a(rpl-neighbor.o)
                0x0000d3d8                rpl_neighbor_get_from_ipaddr
 .text.rpl_neighbor_select_best
                0x0000d3ec       0x54 build/sky/contiki-ng-sky.a(rpl-neighbor.o)
                0x0000d3ec                rpl_neighbor_select_best
 .text.rpl_neighbor_init
                0x0000d440        0xe build/sky/contiki-ng-sky.a(rpl-neighbor.o)
                0x0000d440                rpl_neighbor_init
 .text.init_dag
                0x0000d44e       0x84 build/sky/contiki-ng-sky.a(rpl-dag.o)
 .text.process_dio_init_dag
                0x0000d4d2       0xb0 build/sky/contiki-ng-sky.a(rpl-dag.o)
 .text.rpl_dag_get_root_ipaddr
                0x0000d582       0x1e build/sky/contiki-ng-sky.a(rpl-dag.o)
                0x0000d582                rpl_dag_get_root_ipaddr
 .text.rpl_dag_leave
                0x0000d5a0       0x4a build/sky/contiki-ng-sky.a(rpl-dag.o)
                0x0000d5a0                rpl_dag_leave
 .text.rpl_dag_poison_and_leave
                0x0000d5ea        0xc build/sky/contiki-ng-sky.a(rpl-dag.o)
                0x0000d5ea                rpl_dag_poison_and_leave
 .text.rpl_dag_periodic
                0x0000d5f6       0x6a build/sky/contiki-ng-sky.a(rpl-dag.o)
                0x0000d5f6                rpl_dag_periodic
 .text.rpl_is_addr_in_our_dag
                0x0000d660       0x34 build/sky/contiki-ng-sky.a(rpl-dag.o)
                0x0000d660                rpl_is_addr_in_our_dag
 .text.rpl_local_repair
                0x0000d694       0x2a build/sky/contiki-ng-sky.a(rpl-dag.o)
                0x0000d694                rpl_local_repair
 .text.rpl_global_repair
                0x0000d6be       0x2e build/sky/contiki-ng-sky.a(rpl-dag.o)
                0x0000d6be                rpl_global_repair
 .text.rpl_dag_ready_to_advertise
                0x0000d6ec       0x22 build/sky/contiki-ng-sky.a(rpl-dag.o)
                0x0000d6ec                rpl_dag_ready_to_advertise
 .text.rpl_dag_update_state
                0x0000d70e      0x140 build/sky/contiki-ng-sky.a(rpl-dag.o)
                0x0000d70e                rpl_dag_update_state
 .text.rpl_process_dio
                0x0000d84e      0x1b6 build/sky/contiki-ng-sky.a(rpl-dag.o)
                0x0000d84e                rpl_process_dio
 .text.rpl_process_dis
                0x0000da04       0x2a build/sky/contiki-ng-sky.a(rpl-dag.o)
                0x0000da04                rpl_process_dis
 .text.rpl_process_dao
                0x0000da2e       0x6c build/sky/contiki-ng-sky.a(rpl-dag.o)
                0x0000da2e                rpl_process_dao
 .text.rpl_process_dao_ack
                0x0000da9a       0x54 build/sky/contiki-ng-sky.a(rpl-dag.o)
                0x0000da9a                rpl_process_dao_ack
 .text.rpl_process_hbh
                0x0000daee       0x2e build/sky/contiki-ng-sky.a(rpl-dag.o)
                0x0000daee                rpl_process_hbh
 .text.rpl_dag_init_root
                0x0000db1c       0xbc build/sky/contiki-ng-sky.a(rpl-dag.o)
                0x0000db1c                rpl_dag_init_root
 .text.rpl_dag_init
                0x0000dbd8       0x10 build/sky/contiki-ng-sky.a(rpl-dag.o)
                0x0000dbd8                rpl_dag_init
 .text.handle_state_update
                0x0000dbe8        0x6 build/sky/contiki-ng-sky.a(rpl-timers.o)
 .text.handle_leaving_timer
                0x0000dbee        0xc build/sky/contiki-ng-sky.a(rpl-timers.o)
 .text.schedule_dao_retransmission
                0x0000dbfa       0x34 build/sky/contiki-ng-sky.a(rpl-timers.o)
 .text.new_dio_interval
                0x0000dc2e       0x8a build/sky/contiki-ng-sky.a(rpl-timers.o)
 .text.handle_unicast_dio_timer
                0x0000dcb8       0x12 build/sky/contiki-ng-sky.a(rpl-timers.o)
 .text.send_new_dao
                0x0000dcca       0x28 build/sky/contiki-ng-sky.a(rpl-timers.o)
 .text.resend_dao
                0x0000dcf2       0x24 build/sky/contiki-ng-sky.a(rpl-timers.o)
 .text.handle_dao_ack_timer
                0x0000dd16       0x12 build/sky/contiki-ng-sky.a(rpl-timers.o)
 .text.handle_dio_timer
                0x0000dd28       0x6e build/sky/contiki-ng-sky.a(rpl-timers.o)
 .text.rpl_timers_schedule_periodic_dis
                0x0000dd96       0x40 build/sky/contiki-ng-sky.a(rpl-timers.o)
                0x0000dd96                rpl_timers_schedule_periodic_dis
 .text.handle_periodic_timer
                0x0000ddd6       0x3a build/sky/contiki-ng-sky.a(rpl-timers.o)
 .text.handle_dis_timer
                0x0000de10       0x26 build/sky/contiki-ng-sky.a(rpl-timers.o)
 .text.rpl_timers_dio_reset
                0x0000de36       0x2e build/sky/contiki-ng-sky.a(rpl-timers.o)
                0x0000de36                rpl_timers_dio_reset
 .text.rpl_timers_schedule_unicast_dio
                0x0000de64       0x20 build/sky/contiki-ng-sky.a(rpl-timers.o)
                0x0000de64                rpl_timers_schedule_unicast_dio
 .text.rpl_timers_schedule_dao
                0x0000de84       0x3c build/sky/contiki-ng-sky.a(rpl-timers.o)
                0x0000de84                rpl_timers_schedule_dao
 .text.rpl_timers_schedule_dao_ack
                0x0000dec0       0x34 build/sky/contiki-ng-sky.a(rpl-timers.o)
                0x0000dec0                rpl_timers_schedule_dao_ack
 .text.rpl_timers_notify_dao_ack
                0x0000def4       0x82 build/sky/contiki-ng-sky.a(rpl-timers.o)
                0x0000def4                rpl_timers_notify_dao_ack
 .text.get_probing_delay
                0x0000df76       0x1c build/sky/contiki-ng-sky.a(rpl-timers.o)
                0x0000df76                get_probing_delay
 .text.get_probing_target
                0x0000df92       0xee build/sky/contiki-ng-sky.a(rpl-timers.o)
                0x0000df92                get_probing_target
 .text.rpl_schedule_probing
                0x0000e080       0x20 build/sky/contiki-ng-sky.a(rpl-timers.o)
                0x0000e080                rpl_schedule_probing
 .text.handle_probing_timer
                0x0000e0a0       0x2a build/sky/contiki-ng-sky.a(rpl-timers.o)
 .text.rpl_schedule_probing_now
                0x0000e0ca       0x24 build/sky/contiki-ng-sky.a(rpl-timers.o)
                0x0000e0ca                rpl_schedule_probing_now
 .text.rpl_timers_unschedule_leaving
                0x0000e0ee       0x1c build/sky/contiki-ng-sky.a(rpl-timers.o)
                0x0000e0ee                rpl_timers_unschedule_leaving
 .text.rpl_timers_schedule_leaving
                0x0000e10a       0x2a build/sky/contiki-ng-sky.a(rpl-timers.o)
                0x0000e10a                rpl_timers_schedule_leaving
 .text.rpl_timers_init
                0x0000e134       0x1c build/sky/contiki-ng-sky.a(rpl-timers.o)
                0x0000e134                rpl_timers_init
 .text.rpl_timers_stop_dag_timers
                0x0000e150       0x4c build/sky/contiki-ng-sky.a(rpl-timers.o)
                0x0000e150                rpl_timers_stop_dag_timers
 .text.rpl_timers_unschedule_state_update
                0x0000e19c       0x10 build/sky/contiki-ng-sky.a(rpl-timers.o)
                0x0000e19c                rpl_timers_unschedule_state_update
 .text.rpl_timers_schedule_state_update
                0x0000e1ac       0x1c build/sky/contiki-ng-sky.a(rpl-timers.o)
                0x0000e1ac                rpl_timers_schedule_state_update
 .text.update_hbh_header
                0x0000e1c8       0x4a build/sky/contiki-ng-sky.a(rpl-ext-header.)
 .text.rpl_ext_header_srh_get_next_hop
                0x0000e212       0x84 build/sky/contiki-ng-sky.a(rpl-ext-header.)
                0x0000e212                rpl_ext_header_srh_get_next_hop
 .text.rpl_ext_header_srh_update
                0x0000e296      0x102 build/sky/contiki-ng-sky.a(rpl-ext-header.)
                0x0000e296                rpl_ext_header_srh_update
 .text.rpl_ext_header_hbh_update
                0x0000e398       0x9e build/sky/contiki-ng-sky.a(rpl-ext-header.)
                0x0000e398                rpl_ext_header_hbh_update
 .text.rpl_ext_header_remove
                0x0000e436       0xcc build/sky/contiki-ng-sky.a(rpl-ext-header.)
                0x0000e436                rpl_ext_header_remove
 .text.rpl_ext_header_update
                0x0000e502      0x2aa build/sky/contiki-ng-sky.a(rpl-ext-header.)
                0x0000e502                rpl_ext_header_update
 .text.update_state
                0x0000e7ac       0x78 build/sky/contiki-ng-sky.a(rpl-nbr-policy.)
 .text.rpl_nbr_policy_find_removable
                0x0000e824       0x50 build/sky/contiki-ng-sky.a(rpl-nbr-policy.)
                0x0000e824                rpl_nbr_policy_find_removable
 .text.reset    0x0000e874        0x2 build/sky/contiki-ng-sky.a(rpl-mrhof.o)
 .text.update_metric_container
                0x0000e876        0x6 build/sky/contiki-ng-sky.a(rpl-mrhof.o)
 .text.nbr_link_metric
                0x0000e87c       0x12 build/sky/contiki-ng-sky.a(rpl-mrhof.o)
 .text.nbr_has_usable_link
                0x0000e88e       0x14 build/sky/contiki-ng-sky.a(rpl-mrhof.o)
 .text.nbr_path_cost
                0x0000e8a2       0x38 build/sky/contiki-ng-sky.a(rpl-mrhof.o)
 .text.within_hysteresis
                0x0000e8da       0x54 build/sky/contiki-ng-sky.a(rpl-mrhof.o)
 .text.nbr_is_acceptable_parent
                0x0000e92e       0x2c build/sky/contiki-ng-sky.a(rpl-mrhof.o)
 .text.rank_via_nbr
                0x0000e95a       0x48 build/sky/contiki-ng-sky.a(rpl-mrhof.o)
 .text.best_parent
                0x0000e9a2       0x7c build/sky/contiki-ng-sky.a(rpl-mrhof.o)
 .text.spi_init
                0x0000ea1e       0x30 build/sky/contiki-ng-sky.a(spi-legacy.o)
                0x0000ea1e                spi_init
 .text.libgcc   0x0000ea4e       0x2c /usr/local/bin/../lib/gcc/msp430/4.7.2/mmpy-16/libgcc.a(_mulsi3.o)
                0x0000ea4e                __mulsi3
 .text.libgcc   0x0000ea7a       0x22 /usr/local/bin/../lib/gcc/msp430/4.7.2/mmpy-16/libgcc.a(_udivmod16.o)
                0x0000ea7a                __udivhi3
                0x0000ea7a                __ext_udivmod16
                0x0000ea94                __umodhi3
 .text.libgcc   0x0000ea9c       0x3a /usr/local/bin/../lib/gcc/msp430/4.7.2/mmpy-16/libgcc.a(_divmod16.o)
                0x0000ea9c                __ext_divmod16
                0x0000ea9c                __divhi3
                0x0000eace                __modhi3
 .text.libgcc   0x0000ead6       0x40 /usr/local/bin/../lib/gcc/msp430/4.7.2/mmpy-16/libgcc.a(_udivmod32.o)
                0x0000ead6                __udivsi3
                0x0000ead6                __ext_udivmod32
                0x0000eb0c                __umodsi3
 .text.libgcc   0x0000eb16       0x4c /usr/local/bin/../lib/gcc/msp430/4.7.2/mmpy-16/libgcc.a(_divmod32.o)
                0x0000eb16                __ext_divmod32
                0x0000eb16                __divsi3
                0x0000eb58                __modsi3
 .text.printf   0x0000eb62       0x10 /usr/local/bin/../lib/gcc/msp430/4.7.2/../../../../msp430/lib/mmpy-16/libc.a(printf.o)
                0x0000eb62                printf
 .text.append   0x0000eb72       0x22 /usr/local/bin/../lib/gcc/msp430/4.7.2/../../../../msp430/lib/mmpy-16/libc.a(sprintf.o)
 .text.call_vuprintf
                0x0000eb94       0x3a /usr/local/bin/../lib/gcc/msp430/4.7.2/../../../../msp430/lib/mmpy-16/libc.a(sprintf.o)
 .text.snprintf
                0x0000ebce       0x1a /usr/local/bin/../lib/gcc/msp430/4.7.2/../../../../msp430/lib/mmpy-16/libc.a(sprintf.o)
                0x0000ebce                snprintf
 .text.print_field
                0x0000ebe8      0x194 /usr/local/bin/../lib/gcc/msp430/4.7.2/../../../../msp430/lib/mmpy-16/libc.a(vuprintf.o)
 .text.vuprintf
                0x0000ed7c      0x63e /usr/local/bin/../lib/gcc/msp430/4.7.2/../../../../msp430/lib/mmpy-16/libc.a(vuprintf.o)
                0x0000ed7c                vuprintf
 .text.puts     0x0000f3ba       0x2c /usr/local/bin/../lib/gcc/msp430/4.7.2/../../../../msp430/lib/mmpy-16/libc.a(puts.o)
                0x0000f3ba                puts
 .text.rand     0x0000f3e6       0x26 /usr/local/bin/../lib/gcc/msp430/4.7.2/../../../../msp430/lib/mmpy-16/libc.a(rand.o)
                0x0000f3e6                rand
 .text.srand    0x0000f40c        0xa /usr/local/bin/../lib/gcc/msp430/4.7.2/../../../../msp430/lib/mmpy-16/libc.a(rand.o)
                0x0000f40c                srand
 .text.strchr   0x0000f416       0x16 /usr/local/bin/../lib/gcc/msp430/4.7.2/../../../../msp430/lib/mmpy-16/libc.a(strchr.o)
                0x0000f416                strchr
 .text.strcmp   0x0000f42c       0x1e /usr/local/bin/../lib/gcc/msp430/4.7.2/../../../../msp430/lib/mmpy-16/libc.a(strcmp.o)
                0x0000f42c                strcmp
 .text.memcmp   0x0000f44a       0x30 /usr/local/bin/../lib/gcc/msp430/4.7.2/../../../../msp430/lib/mmpy-16/libc.a(memcmp.o)
                0x0000f44a                memcmp
 .text.strcpy   0x0000f47a       0x14 /usr/local/bin/../lib/gcc/msp430/4.7.2/../../../../msp430/lib/mmpy-16/libc.a(strcpy.o)
                0x0000f47a                strcpy
 .text.strncpy  0x0000f48e       0x2a /usr/local/bin/../lib/gcc/msp430/4.7.2/../../../../msp430/lib/mmpy-16/libc.a(strncpy.o)
                0x0000f48e                strncpy
 .text.memcpy   0x0000f4b8       0xfa /usr/local/bin/../lib/gcc/msp430/4.7.2/../../../../msp430/lib/mmpy-16/libc.a(memcpy.o)
                0x0000f4b8                memcpy
 .text.memmove  0x0000f5b2       0xfa /usr/local/bin/../lib/gcc/msp430/4.7.2/../../../../msp430/lib/mmpy-16/libc.a(memmove.o)
                0x0000f5b2                memmove
 .text.memset   0x0000f6ac       0x6a /usr/local/bin/../lib/gcc/msp430/4.7.2/../../../../msp430/lib/mmpy-16/libc.a(memset.o)
                0x0000f6ac                memset
 .text.libgcc   0x0000f716       0xf0 /usr/local/bin/../lib/gcc/msp430/4.7.2/mmpy-16/libgcc.a(_udivmod64.o)
                0x0000f716                __xabi_udivmod64
                0x0000f774                __udivdi3
                0x0000f79a                __umoddi3
                0x0000f7c8                __udivmoddi4
 .text.crt0     0x0000f806        0x2 /usr/local/bin/../lib/gcc/msp430/4.7.2/mmpy-16/libcrt0.a(_unexpected_.o)
                0x0000f806                _unexpected_
 *(.near.text .near.text.*)

.rodata         0x0000f808      0x511
                0x0000f808                . = ALIGN (0x2)
 *(.rodata .rodata.* .gnu.linkonce.r.*)
 .rodata        0x0000f808       0xc2 sink.o
                0x0000f8c4                autostart_processes
 .rodata        0x0000f8ca       0xf3 build/sky/obj/contiki-main.o
 .rodata        0x0000f9bd       0x31 build/sky/contiki-ng-sky.a(platform.o)
 .rodata        0x0000f9ee        0xf build/sky/contiki-ng-sky.a(ctimer.o)
 *fill*         0x0000f9fd        0x1 00
 .rodata        0x0000f9fe       0xb6 build/sky/contiki-ng-sky.a(log.o)
 .rodata        0x0000fab4        0xc build/sky/contiki-ng-sky.a(etimer.o)
 .rodata        0x0000fac0        0x8 build/sky/contiki-ng-sky.a(linkaddr.o)
                0x0000fac0                linkaddr_null
 .rodata        0x0000fac8       0x14 build/sky/contiki-ng-sky.a(csma.o)
                0x0000face                csma_driver
 .rodata        0x0000fadc        0xd build/sky/contiki-ng-sky.a(tcpip.o)
 .rodata        0x0000fae9       0x13 build/sky/contiki-ng-sky.a(simple-udp.o)
 .rodata        0x0000fafc       0x26 build/sky/contiki-ng-sky.a(sicslowpan.o)
                0x0000fb08                sicslowpan_driver
                0x0000fb10                llprefix
                0x0000fb12                unc_mxconf
                0x0000fb16                unc_ctxconf
                0x0000fb1a                unc_llconf
 .rodata        0x0000fb22       0x2d build/sky/contiki-ng-sky.a(uiplib.o)
 *fill*         0x0000fb4f        0x1 00
 .rodata        0x0000fb50       0x34 build/sky/contiki-ng-sky.a(rpl.o)
                0x0000fb5a                rpl_lite_driver
 .rodata        0x0000fb84       0x10 build/sky/contiki-ng-sky.a(button-sensor.o)
                0x0000fb8c                button_sensor
 .rodata        0x0000fb94        0x8 build/sky/contiki-ng-sky.a(sensors.o)
 .rodata.get_value
                0x0000fb9c       0x34 build/sky/contiki-ng-sky.a(cc2420.o)
 .rodata.set_value
                0x0000fbd0       0x10 build/sky/contiki-ng-sky.a(cc2420.o)
 .rodata        0x0000fbe0       0x3e build/sky/contiki-ng-sky.a(cc2420.o)
                0x0000fbe0                cc2420_aes_128_driver
                0x0000fbe4                cc2420_driver
 .rodata        0x0000fc1e        0x6 build/sky/contiki-ng-sky.a(framer-802154.o)
                0x0000fc1e                framer_802154
 .rodata        0x0000fc24        0x2 build/sky/contiki-ng-sky.a(frame802154.o)
 .rodata        0x0000fc26       0xe0 build/sky/contiki-ng-sky.a(rpl-dag.o)
 .rodata        0x0000fd06        0xc build/sky/contiki-ng-sky.a(rpl-timers.o)
 .rodata.vuprintf
                0x0000fd12        0x7 /usr/local/bin/../lib/gcc/msp430/4.7.2/../../../../msp430/lib/mmpy-16/libc.a(vuprintf.o)
 *(.near.rodata .near.rodata.*)
                0x0000fd1a                . = ALIGN (0x2)
                0x0000fd1a                _etext = .

.data           0x00001100      0x13c load address 0x0000fd1a
                0x00001100                . = ALIGN (0x2)
                0x00001100                __data_start = .
 *(.data .data.* .gnu.linkonce.d.*)
 .data          0x00001100        0xc sink.o
                0x00001100                udp_client_process
                0x0000110a                endLine
 .data          0x0000110c        0x2 build/sky/contiki-ng-sky.a(msp430.o)
 .data          0x0000110e        0xa build/sky/contiki-ng-sky.a(ctimer.o)
                0x0000110e                ctimer_process
 .data          0x00001118       0x50 build/sky/contiki-ng-sky.a(log.o)
                0x00001118                all_modules
                0x00001166                curr_log_level_main
 .data          0x00001168        0xa build/sky/contiki-ng-sky.a(etimer.o)
                0x00001168                etimer_process
 .data          0x00001172       0x10 build/sky/contiki-ng-sky.a(queuebuf.o)
 .data          0x00001182       0x18 build/sky/contiki-ng-sky.a(csma-output.o)
 .data          0x0000119a        0x8 build/sky/contiki-ng-sky.a(uip-ds6-route.o)
 .data          0x000011a2        0x8 build/sky/contiki-ng-sky.a(uip-ds6-nbr.o)
 .data          0x000011aa        0xa build/sky/contiki-ng-sky.a(tcpip.o)
                0x000011aa                tcpip_process
 .data          0x000011b4        0x6 build/sky/contiki-ng-sky.a(uip-nd6.o)
 .data          0x000011ba        0xa build/sky/contiki-ng-sky.a(simple-udp.o)
                0x000011ba                simple_udp_process
 .data          0x000011c4        0x4 build/sky/contiki-ng-sky.a(contiki-sky-pla)
                0x000011c4                sensors
 .data          0x000011c8        0xa build/sky/contiki-ng-sky.a(sensors.o)
                0x000011c8                sensors_process
 .data          0x000011d2        0xc build/sky/contiki-ng-sky.a(cc2420.o)
                0x000011d2                cc2420_process
 .data          0x000011de        0x8 build/sky/contiki-ng-sky.a(nbr-table.o)
 .data          0x000011e6        0x8 build/sky/contiki-ng-sky.a(link-stats.o)
 .data          0x000011ee        0x2 build/sky/contiki-ng-sky.a(frame802154.o)
 .data          0x000011f0        0xc build/sky/contiki-ng-sky.a(uip-icmp6.o)
 .data          0x000011fc        0x8 build/sky/contiki-ng-sky.a(uip-sr.o)
 .data          0x00001204       0x18 build/sky/contiki-ng-sky.a(rpl-icmp6.o)
 .data          0x0000121c        0xa build/sky/contiki-ng-sky.a(rpl-neighbor.o)
                0x0000121c                rpl_neighbors
 .data          0x00001226       0x12 build/sky/contiki-ng-sky.a(rpl-mrhof.o)
                0x00001226                rpl_mrhof
 .data.next     0x00001238        0x4 /usr/local/bin/../lib/gcc/msp430/4.7.2/../../../../msp430/lib/mmpy-16/libc.a(rand.o)
 *(.near.data .near.data.*)
                0x0000123c                . = ALIGN (0x2)
                0x0000123c                _edata = .
                0x0000fd1a                __data_load_start = LOADADDR (.data)
                0x0000013c                __data_size = SIZEOF (.data)

.bss            0x0000123c     0x1c22 load address 0x0000fe56
                0x0000123c                __bss_start = .
 *(.bss .bss.*)
 .bss           0x0000123c       0x4c sink.o
                0x0000123c                dataCounter
                0x0000123e                responseReceived
 .bss           0x00001288       0x90 build/sky/contiki-ng-sky.a(cfs-coffee.o)
 .bss           0x00001318        0x8 build/sky/contiki-ng-sky.a(platform.o)
 .bss           0x00001320        0xa build/sky/contiki-ng-sky.a(clock.o)
 .bss           0x0000132a        0x2 build/sky/contiki-ng-sky.a(watchdog.o)
 .bss           0x0000132c        0x4 build/sky/contiki-ng-sky.a(ctimer.o)
 .bss           0x00001330       0x16 build/sky/contiki-ng-sky.a(log.o)
                0x00001330                curr_log_level_lwm2m
                0x00001332                curr_log_level_snmp
                0x00001334                curr_log_level_coap
                0x00001336                curr_log_level_6top
                0x00001338                curr_log_level_framer
                0x0000133a                curr_log_level_mac
                0x0000133c                curr_log_level_nullnet
                0x0000133e                curr_log_level_6lowpan
                0x00001340                curr_log_level_ipv6
                0x00001342                curr_log_level_tcpip
                0x00001344                curr_log_level_rpl
 .bss           0x00001346        0x6 build/sky/contiki-ng-sky.a(etimer.o)
 .bss           0x0000134c        0x2 build/sky/contiki-ng-sky.a(node-id.o)
                0x0000134c                node_id
 .bss           0x0000134e       0xc8 build/sky/contiki-ng-sky.a(process.o)
                0x0000134e                process_current
                0x00001350                process_list
 .bss           0x00001416        0x2 build/sky/contiki-ng-sky.a(rtimer.o)
 .bss           0x00001418      0x580 build/sky/contiki-ng-sky.a(queuebuf.o)
 .bss           0x00001998       0x86 build/sky/contiki-ng-sky.a(packetbuf.o)
 .bss           0x00001a1e        0x2 build/sky/contiki-ng-sky.a(netstack.o)
 .bss           0x00001a20       0xbe build/sky/contiki-ng-sky.a(csma-output.o)
 .bss           0x00001ade       0x28 build/sky/contiki-ng-sky.a(uip-ds6.o)
 .bss           0x00001b06       0x3c build/sky/contiki-ng-sky.a(uip-ds6-route.o)
 .bss           0x00001b42      0x120 build/sky/contiki-ng-sky.a(uip-ds6-nbr.o)
 .bss           0x00001c62        0xc build/sky/contiki-ng-sky.a(tcpip.o)
 .bss           0x00001c6e        0x8 build/sky/contiki-ng-sky.a(uip6.o)
                0x00001c6e                uip_last_proto
                0x00001c70                uip_ext_len
                0x00001c72                uip_ext_bitmap
 .bss           0x00001c76        0x8 build/sky/contiki-ng-sky.a(uip-nd6.o)
 .bss           0x00001c7e       0xf1 build/sky/contiki-ng-sky.a(simple-udp.o)
 *fill*         0x00001d6f        0x1 00
 .bss           0x00001d70      0x6e0 build/sky/contiki-ng-sky.a(sicslowpan.o)
 .bss           0x00002450        0x1 build/sky/contiki-ng-sky.a(rpl.o)
 *fill*         0x00002451        0x1 00
 .bss           0x00002452       0x12 build/sky/contiki-ng-sky.a(rpl-dag-root.o)
 .bss           0x00002464        0x8 build/sky/contiki-ng-sky.a(button-sensor.o)
 .bss           0x0000246c        0x6 build/sky/contiki-ng-sky.a(sensors.o)
 .bss           0x00002472       0x10 build/sky/contiki-ng-sky.a(cc2420.o)
 .bss           0x00002482       0x9a build/sky/contiki-ng-sky.a(uart1.o)